<html>
<body>
<pre>
<h1>µVision Build Log</h1>
<h2>Project:</h2>
D:\P_collection\KMY801H2_IAP_20140516\KMY801H2_IAP_20140516\project\IAP.uvproj
Project File Date:  04/04/2014

<h2>Output:</h2>
Build target 'STM3210E-EVAL'
compiling common.c...
compiling download.c...
compiling gprs.c...
compiling Input.c...
compiling main.c...
compiling stm32f10x_it.c...
compiling ymodem.c...
compiling core_cm3.c...
compiling system_stm32f10x.c...
assembling startup_stm32f10x_hd_vl.s...
compiling misc.c...
compiling stm32f10x_adc.c...
compiling stm32f10x_bkp.c...
compiling stm32f10x_can.c...
compiling stm32f10x_cec.c...
compiling stm32f10x_crc.c...
compiling stm32f10x_dac.c...
compiling stm32f10x_dbgmcu.c...
compiling stm32f10x_dma.c...
compiling stm32f10x_exti.c...
compiling stm32f10x_flash.c...
compiling stm32f10x_fsmc.c...
compiling stm32f10x_gpio.c...
compiling stm32f10x_i2c.c...
compiling stm32f10x_iwdg.c...
compiling stm32f10x_pwr.c...
compiling stm32f10x_rcc.c...
compiling stm32f10x_rtc.c...
compiling stm32f10x_sdio.c...
compiling stm32f10x_spi.c...
compiling stm32f10x_tim.c...
compiling stm32f10x_usart.c...
compiling stm32f10x_wwdg.c...
linking...
Program Size: Code=31220 RO-data=2648 RW-data=172 ZI-data=31220  
User command #1: C:\Keil\ARM\BIN40\fromelf.exe --bin -o IAP.bin Obj\IAP.axf
".\Obj\IAP.axf" - 0 Error(s), 0 Warning(s).
