ARM Linker, RVCT4.0 [Build 524] for uVision [Professional]

==============================================================================

Section Cross References

    base64.o(i.Base64_Decode) refers to base64.o(.constdata) for .constdata
    base64.o(i.Base64_Encode) refers to base64.o(.constdata) for .constdata
    callrecord.o(i.Delete_all_record) refers to kmy_lcddrv.o(.text) for kmy_LcdClear
    callrecord.o(i.Delete_all_record) refers to lcd.o(i.DrawTitle_to_row_Language2) for DrawTitle_to_row_Language2
    callrecord.o(i.Delete_all_record) refers to key.o(i.WaitkeyAndAutoExit) for WaitkeyAndAutoExit
    callrecord.o(i.Delete_all_record) refers to eepromfilesystem.o(i.EepromFile_Delete) for EepromFile_Delete
    callrecord.o(i.Delete_all_record) refers to callrecord.o(.constdata) for .constdata
    callrecord.o(i.DialledNO) refers to memseta.o(.text) for __aeabi_memclr4
    callrecord.o(i.DialledNO) refers to eepromfilesystem.o(i.EepromFile_ReadData) for EepromFile_ReadData
    callrecord.o(i.DialledNO) refers to kmy_lcddrv.o(.text) for kmy_LcdClear
    callrecord.o(i.DialledNO) refers to lcd.o(i.DrawTitle_to_row_Language2) for DrawTitle_to_row_Language2
    callrecord.o(i.DialledNO) refers to key.o(i.WaitkeyAndAutoExit) for WaitkeyAndAutoExit
    callrecord.o(i.DialledNO) refers to callrecord.o(i.display_papa) for display_papa
    callrecord.o(i.DialledNO) refers to callrecord.o(.constdata) for .constdata
    callrecord.o(i.DisplayDetailRecvdCalls) refers to kmy_lcddrv.o(.text) for kmy_LcdClear
    callrecord.o(i.DisplayDetailRecvdCalls) refers to lcd.o(i.DrawTitle_to_row_Language2) for DrawTitle_to_row_Language2
    callrecord.o(i.DisplayDetailRecvdCalls) refers to fileoperate.o(i.Read_A_Record_Segment) for Read_A_Record_Segment
    callrecord.o(i.DisplayDetailRecvdCalls) refers to key.o(i.WaitkeyAndAutoExit) for WaitkeyAndAutoExit
    callrecord.o(i.MainMenuScreen_Calls) refers to menuoperate.o(i.MenuHandler_Language2) for MenuHandler_Language2
    callrecord.o(i.MainMenuScreen_Calls) refers to kmy_lcddrv.o(.text) for kmy_LcdClear
    callrecord.o(i.MainMenuScreen_Calls) refers to callrecord.o(.constdata) for .constdata
    callrecord.o(i.MainMenuScreen_Calls) refers to main.o(.data) for CurProc_Return
    callrecord.o(i.RecvdCalls) refers to memseta.o(.text) for __aeabi_memclr4
    callrecord.o(i.RecvdCalls) refers to eepromfilesystem.o(i.EepromFile_ReadData) for EepromFile_ReadData
    callrecord.o(i.RecvdCalls) refers to kmy_lcddrv.o(.text) for kmy_LcdClear
    callrecord.o(i.RecvdCalls) refers to lcd.o(i.DrawTitle_to_row_Language2) for DrawTitle_to_row_Language2
    callrecord.o(i.RecvdCalls) refers to key.o(i.WaitkeyAndAutoExit) for WaitkeyAndAutoExit
    callrecord.o(i.RecvdCalls) refers to callrecord.o(i.display_papa) for display_papa
    callrecord.o(i.RecvdCalls) refers to callrecord.o(.constdata) for .constdata
    callrecord.o(i.display_papa) refers to fileoperate.o(i.Get_Record_Total) for Get_Record_Total
    callrecord.o(i.display_papa) refers to memseta.o(.text) for __aeabi_memclr4
    callrecord.o(i.display_papa) refers to fileoperate.o(i.Read_A_Record_Segment) for Read_A_Record_Segment
    callrecord.o(i.display_papa) refers to kmy_lcddrv.o(.text) for kmy_LcdClear
    callrecord.o(i.display_papa) refers to lcd.o(i.DrawTitle_to_row_Language2) for DrawTitle_to_row_Language2
    callrecord.o(i.display_papa) refers to printfa.o(i.__0sprintf) for __2sprintf
    callrecord.o(i.display_papa) refers to lcd.o(i.text_out_to_row_x_fillSpace) for text_out_to_row_x_fillSpace
    callrecord.o(i.display_papa) refers to lcd.o(i.text_out_to_row_fillSpace) for text_out_to_row_fillSpace
    callrecord.o(i.display_papa) refers to lcd.o(i.DispHighLightRow) for DispHighLightRow
    callrecord.o(i.display_papa) refers to kmy_keydrv.o(.text) for kmy_GetKeyValue
    callrecord.o(i.display_papa) refers to key.o(i.KeyEventPost) for KeyEventPost
    callrecord.o(i.display_papa) refers to strcpy.o(.text) for strcpy
    callrecord.o(i.display_papa) refers to callrecord.o(i.DisplayDetailRecvdCalls) for DisplayDetailRecvdCalls
    callrecord.o(i.unRecvdCalls) refers to memseta.o(.text) for __aeabi_memclr4
    callrecord.o(i.unRecvdCalls) refers to eepromfilesystem.o(i.EepromFile_ReadData) for EepromFile_ReadData
    callrecord.o(i.unRecvdCalls) refers to kmy_lcddrv.o(.text) for kmy_LcdClear
    callrecord.o(i.unRecvdCalls) refers to lcd.o(i.DrawTitle_to_row_Language2) for DrawTitle_to_row_Language2
    callrecord.o(i.unRecvdCalls) refers to key.o(i.WaitkeyAndAutoExit) for WaitkeyAndAutoExit
    callrecord.o(i.unRecvdCalls) refers to callrecord.o(i.display_papa) for display_papa
    callrecord.o(i.unRecvdCalls) refers to callrecord.o(.constdata) for .constdata
    callrecord.o(.constdata) refers to callrecord.o(.data) for Menu
    callrecord.o(.data) refers to callrecord.o(.conststring) for .conststring
    callrecord.o(.data) refers to callrecord.o(i.unRecvdCalls) for unRecvdCalls
[...]
    Keydata                                  0x2000101c   Data           4  frontend.o(.data)
    fxcor                                    0x20001020   Data           4  frontend.o(.data)
    sxcor                                    0x20001024   Data           4  frontend.o(.data)
    txcor                                    0x20001028   Data           4  frontend.o(.data)
    bufmenu                                  0x2000102c   Data           2  frontend.o(.data)
    Front_End                                0x20001030   Data           4  readfrommodem3.o(.data)
    Rear_End                                 0x20001034   Data           4  readfrommodem3.o(.data)
    RMIDFend                                 0x20001038   Data           4  readfrommodem3.o(.data)
    RMIDRend                                 0x2000103c   Data           4  readfrommodem3.o(.data)
    SMIDRend                                 0x20001040   Data           4  readfrommodem3.o(.data)
    RingCallStatus                           0x20001044   Data           4  readfrommodem3.o(.data)
    GIMTTimeOut                              0x20001048   Data           4  readfrommodem3.o(.data)
    ERROR_Count                              0x2000104c   Data           4  readfrommodem3.o(.data)
    Test_Variable                            0x20001050   Data           4  readfrommodem3.o(.data)
    GSpeakerVolume                           0x20001054   Data           4  readfrommodem3.o(.data)
    DataCTranStatus                          0x20001058   Data           4  readfrommodem3.o(.data)
    pos                                      0x2000105c   Data           4  readfrommodem3.o(.data)
    LError_Count                             0x20001060   Data           4  readfrommodem3.o(.data)
    LCallStatusTC                            0x20001064   Data           4  readfrommodem3.o(.data)
    LRECStatusTC                             0x20001068   Data           4  readfrommodem3.o(.data)
    LMSGReadTC                               0x2000106c   Data           4  readfrommodem3.o(.data)
    LMSGDeleteTC                             0x20001070   Data           4  readfrommodem3.o(.data)
    LMSGSendTC                               0x20001074   Data           4  readfrommodem3.o(.data)
    Li                                       0x20001078   Data           4  readfrommodem3.o(.data)
    VarCOLP                                  0x2000107c   Data           4  readfrommodem3.o(.data)
    speaker                                  0x20001080   Data           4  readfrommodem3.o(.data)
    LCommandLineCount                        0x20001084   Data           4  readfrommodem3.o(.data)
    LUMNTimeC                                0x20001088   Data           4  readfrommodem3.o(.data)
    LsTime                                   0x2000108c   Data           4  readfrommodem3.o(.data)
    GRFMFlag                                 0x20001090   Data           4  readfrommodem3.o(.data)
    MMSt                                     0x20001094   Data           4  readfrommodem3.o(.data)
    c                                        0x200010bd   Data           1  readfrommodem3.o(.data)
    DMIDFend                                 0x200010c0   Data           4  readfrommodem3.o(.data)
    DMIDRend                                 0x200010c4   Data           4  readfrommodem3.o(.data)
    SMIDFend                                 0x200010c8   Data           4  readfrommodem3.o(.data)
    MDETFend                                 0x200010cc   Data           4  readfrommodem3.o(.data)
    MDETRend                                 0x200010d0   Data           4  readfrommodem3.o(.data)
    Modem_Process_Status                     0x200010d4   Data           4  readfrommodem3.o(.data)
    ptrtemp                                  0x200010d8   Data           4  readfrommodem3.o(.data)
    SlnSlrPos                                0x200010dc   Data           4  readfrommodem3.o(.data)
    Lc                                       0x200010e0   Data           1  readfrommodem3.o(.data)
    Proc_RecvBuf                             0x200010e1   Data           6  readfrommodem3.o(.data)
    fd_Receiver                              0x200010e8   Data           4  readfrommodem3.o(.data)
    Ghs                                      0x200010ec   Data           4  readfrommodem3.o(.data)
    Gms                                      0x200010f0   Data           4  readfrommodem3.o(.data)
    Gss                                      0x200010f4   Data           4  readfrommodem3.o(.data)
    Ghe                                      0x200010f8   Data           4  readfrommodem3.o(.data)
    Gme                                      0x200010fc   Data           4  readfrommodem3.o(.data)
    Gse                                      0x20001100   Data           4  readfrommodem3.o(.data)
    LMDstat                                  0x20001104   Data           4  readfrommodem3.o(.data)
    LMDend                                   0x20001108   Data           4  readfrommodem3.o(.data)
    GStartTime                               0x2000110c   Data           4  readfrommodem3.o(.data)
    GEndTime                                 0x20001110   Data           4  readfrommodem3.o(.data)
    CMGLSTime                                0x20001114   Data           4  readfrommodem3.o(.data)
    CMGLETime                                0x20001118   Data           4  readfrommodem3.o(.data)
    CSQSTime                                 0x2000111c   Data           4  readfrommodem3.o(.data)
    CSQETime                                 0x20001120   Data           4  readfrommodem3.o(.data)
    CBCSTime                                 0x20001124   Data           4  readfrommodem3.o(.data)
    CBCETime                                 0x20001128   Data           4  readfrommodem3.o(.data)
    CALLTime                                 0x2000112c   Data           4  readfrommodem3.o(.data)
    EnterPowerDownModeFlag                   0x2000114a   Data           1  kmy_keydrv.o(.data)
    ii1                                      0x20001154   Data           1  kmy_magcardpadrv.o(.data)
    ii2                                      0x20001155   Data           1  kmy_magcardpadrv.o(.data)
    ii3                                      0x20001156   Data           1  kmy_magcardpadrv.o(.data)
    temp1                                    0x20001158   Data           2  kmy_magcardpadrv.o(.data)
    temp2                                    0x2000115a   Data           2  kmy_magcardpadrv.o(.data)
    temp3                                    0x2000115c   Data           2  kmy_magcardpadrv.o(.data)
    ClkFall1                                 0x2000115e   Data           1  kmy_magcardpadrv.o(.data)
    ClkFall2                                 0x2000115f   Data           1  kmy_magcardpadrv.o(.data)
    ClkFall3                                 0x20001160   Data           1  kmy_magcardpadrv.o(.data)
    DataStart1                               0x20001161   Data           1  kmy_magcardpadrv.o(.data)
    DataStart2                               0x20001162   Data           1  kmy_magcardpadrv.o(.data)
    DataStart3                               0x20001163   Data           1  kmy_magcardpadrv.o(.data)
    Counter1                                 0x20001164   Data           2  kmy_magcardpadrv.o(.data)
    Counter2                                 0x20001166   Data           2  kmy_magcardpadrv.o(.data)
    Counter3                                 0x20001168   Data           2  kmy_magcardpadrv.o(.data)
    ProcRecvData1                            0x2000116c   Data           4  kmy_magcardpadrv.o(.data)
    ProcRecvData2                            0x20001170   Data           4  kmy_magcardpadrv.o(.data)
    ProcRecvData3                            0x20001174   Data           4  kmy_magcardpadrv.o(.data)
    MotoFeedCnt                              0x20001178   Data           1  kmy_printerdrv.o(.data)
    Ram256Rp                                 0x2000117c   Data           4  kmy_printerdrv.o(.data)
    ProRxDataPointer                         0x20001180   Data           4  kmy_printerdrv.o(.data)
    OutPt                                    0x20001184   Data           4  kmy_printerdrv.o(.data)
    SpaceCnt                                 0x20001188   Data           1  kmy_printerdrv.o(.data)
    PntByteCnt                               0x2000118c   Data           4  kmy_printerdrv.o(.data)
    PrtInterPt                               0x20001190   Data           1  kmy_printerdrv.o(.data)
    RorSpace                                 0x20001191   Data           1  kmy_printerdrv.o(.data)
    PaperRun                                 0x20001192   Data           1  kmy_printerdrv.o(.data)
    DoubleWide                               0x20001193   Data           1  kmy_printerdrv.o(.data)
    DoubleHigh                               0x20001194   Data           1  kmy_printerdrv.o(.data)
    Inv_print                                0x20001195   Data           1  kmy_printerdrv.o(.data)
    bottom_line                              0x20001196   Data           1  kmy_printerdrv.o(.data)
    blacken                                  0x20001197   Data           1  kmy_printerdrv.o(.data)
    font_type                                0x20001198   Data           1  kmy_printerdrv.o(.data)
    BMPLine                                  0x20001199   Data           1  kmy_printerdrv.o(.data)
    BMPWide                                  0x2000119c   Data           4  kmy_printerdrv.o(.data)
    BMPLeftWide                              0x200011a0   Data           4  kmy_printerdrv.o(.data)
    BMPBit                                   0x200011a4   Data           1  kmy_printerdrv.o(.data)
    underlineON_Pt                           0x200011a8   Data           4  kmy_printerdrv.o(.data)
    underlineOFF_Pt                          0x200011ac   Data           4  kmy_printerdrv.o(.data)
    one_ms_timer                             0x200011b0   Data           4  kmy_printerdrv.o(.data)
    PsamState                                0x200011b4   Data           1  kmy_psamdrv.o(.data)
    PSAM_AtrLen                              0x200011b5   Data           1  kmy_psamdrv.o(.data)
    tagtype                                  0x20001218   Data           2  kmy_rfdrv.o(.data)
    SAK                                      0x2000121a   Data           1  kmy_rfdrv.o(.data)
    PCB                                      0x2000121b   Data           1  kmy_rfdrv.o(.data)
    mifare_key                               0x2000121c   Data           6  kmy_rfdrv.o(.data)
    NOPowerOff                               0x20001226   Data           1  kmy_time.o(.data)
    PDelay20ms                               0x20001228   Data           1  kmy_time.o(.data)
    PoweroffDelayms                          0x2000122c   Data           4  kmy_time.o(.data)
    KeyNoScanCout                            0x20001230   Data           4  kmy_time.o(.data)
    KeyNoScan                                0x20001234   Data           1  kmy_time.o(.data)
    EscMenu99Flag                            0x20001235   Data           1  kmy_time.o(.data)
    Return_Key                               0x20001236   Data           1  kmy_time.o(.data)
    Esc_KEYEXIT                              0x20001237   Data           1  kmy_time.o(.data)
    __stdout                                 0x20001254   Data           4  stdout.o(.data)
    __microlib_freelist                      0x20001260   Data           4  mvars.o(.data)
    __microlib_freelist_initialised          0x20001264   Data           4  mvars.o(.data)
    ServerIpPortBuf                          0x20001f76   Data          28  setting.o(.bss)
    VersionURL                               0x20001f92   Data         101  setting.o(.bss)
    UpgradeURL                               0x20001ff7   Data         101  setting.o(.bss)
    ApnApn                                   0x2000205c   Data          22  setting.o(.bss)
    ApnUsername                              0x20002072   Data          22  setting.o(.bss)
    ApnPassword                              0x20002088   Data          22  setting.o(.bss)
    EnterAdvancedSetPassWord                 0x2000209e   Data          22  setting.o(.bss)
    TerminalID                               0x200020b4   Data          17  setting.o(.bss)
    TerminalPassword                         0x200020c5   Data          17  setting.o(.bss)
    LocalIpPortBuf                           0x200020d6   Data          28  setting.o(.bss)
    GatewayBuff                              0x200020f2   Data          28  setting.o(.bss)
    DNSBuff                                  0x2000210e   Data          28  setting.o(.bss)
    MaskBuff                                 0x2000212a   Data          28  setting.o(.bss)
    WLANSSID                                 0x20002146   Data          30  setting.o(.bss)
    WLANWP                                   0x20002164   Data          30  setting.o(.bss)
    menunumber                               0x200026e8   Data          25  frontend.o(.bss)
    gacceptsmsobj                            0x20002704   Data         136  frontend.o(.bss)
    grejectsmsobj                            0x2000278c   Data         152  frontend.o(.bss)
    viewrejsms                               0x20002824   Data         204  frontend.o(.bss)
    obj                                      0x200028f0   Data         216  frontend.o(.bss)
    custTra                                  0x200029c8   Data          52  frontend.o(.bss)
    hobj                                     0x200029fc   Data         108  frontend.o(.bss)
    fobj                                     0x20002a68   Data         108  frontend.o(.bss)
    adp                                      0x20002ad4   Data          24  frontend.o(.bss)
    custdet                                  0x20002aec   Data          60  frontend.o(.bss)
    temp                                     0x20002b28   Data         156  frontend.o(.bss)
    SuminWords                               0x20002bc4   Data          80  frontend.o(.bss)
    menus                                    0x20002c14   Data         315  frontend.o(.bss)
    File_Data                                0x20002d4f   Data        1000  frontend.o(.bss)
    Modem_data                               0x20003138   Data        1024  readfrommodem3.o(.bss)
    RMessage_ID                              0x20003538   Data         100  readfrommodem3.o(.bss)
    DMessage_ID                              0x2000359c   Data         100  readfrommodem3.o(.bss)
    SMessage_ID                              0x20003600   Data        4500  readfrommodem3.o(.bss)
    SMessage_MobNo                           0x20004794   Data         375  readfrommodem3.o(.bss)
    MSGRead_Status                           0x2000490b   Data          20  readfrommodem3.o(.bss)
    MSGDelete_Status                         0x2000491f   Data          20  readfrommodem3.o(.bss)
    MSGSend_Status                           0x20004933   Data          20  readfrommodem3.o(.bss)
    CALL_Status                              0x20004947   Data          20  readfrommodem3.o(.bss)
    REC_Status                               0x2000495b   Data          10  readfrommodem3.o(.bss)
    CSQ_Status                               0x20004965   Data          20  readfrommodem3.o(.bss)
    CMGL_Status                              0x20004979   Data          20  readfrommodem3.o(.bss)
    CBC_Status                               0x2000498d   Data          20  readfrommodem3.o(.bss)
    CLV_Status                               0x200049a1   Data          20  readfrommodem3.o(.bss)
    MSC_Status                               0x200049b5   Data          10  readfrommodem3.o(.bss)
    Dial_Status                              0x200049bf   Data          20  readfrommodem3.o(.bss)
    Dial_No                                  0x200049d3   Data          30  readfrommodem3.o(.bss)
    GMessageCNo                              0x200049f1   Data          15  readfrommodem3.o(.bss)
    Sig_status                               0x20004a00   Data          50  readfrommodem3.o(.bss)
    Bat_status                               0x20004a32   Data          50  readfrommodem3.o(.bss)
    GRecDCallData                            0x20004a64   Data          20  readfrommodem3.o(.bss)
    GDataTOSend                              0x20004a78   Data         160  readfrommodem3.o(.bss)
    data                                     0x20004b18   Data        1024  readfrommodem3.o(.bss)
    MSGReadData                              0x20004f18   Data        1000  readfrommodem3.o(.bss)
    num                                      0x20005300   Data          13  readfrommodem3.o(.bss)
    Last_Command                             0x2000530d   Data          50  readfrommodem3.o(.bss)
    datethread                               0x2000533f   Data          15  readfrommodem3.o(.bss)
    PSAM_A2R                                 0x2000574e   Data          44  kmy_psamdrv.o(.bss)
    PSAM_ATR_Table                           0x2000577a   Data          40  kmy_psamdrv.o(.bss)
    PSAM_ADPU                                0x200057a2   Data          26  kmy_psamdrv.o(.bss)
    PSAM_Responce                            0x200057bc   Data          22  kmy_psamdrv.o(.bss)
    UID                                      0x200057d2   Data          10  kmy_rfdrv.o(.bss)
    RFtemp                                   0x200057dc   Data          80  kmy_rfdrv.o(.bss)
    __heap_base                              0x200080f8   Data           0  startup_stm32f10x_hd_vl.o(HEAP)
    __heap_limit                             0x200082f8   Data           0  startup_stm32f10x_hd_vl.o(HEAP)
    __initial_sp                             0x2000c2f8   Data           0  startup_stm32f10x_hd_vl.o(STACK)



==============================================================================

Memory Map of the image

  Image Entry point : 0x0800c135

  Load Region LR_IROM1 (Base: 0x0800c000, Size: 0x000342d4, Max: 0x00074000, ABSOLUTE, COMPRESSED[0x00033a84])

    Execution Region ER_IROM1 (Base: 0x0800c000, Size: 0x00033068, Max: 0x00074000, ABSOLUTE)

    Base Addr    Size         Type   Attr      Idx    E Section Name        Object

    0x0800c000   0x00000134   Data   RO         1097    RESET               startup_stm32f10x_hd_vl.o
    0x0800c134   0x00000000   Code   RO         1157  * .ARM.Collect$$$$00000000  entry.o(mc_w.l)
    0x0800c134   0x00000004   Code   RO         1354    .ARM.Collect$$$$00000001  entry2.o(mc_w.l)
    0x0800c138   0x00000004   Code   RO         1357    .ARM.Collect$$$$00000004  entry5.o(mc_w.l)
    0x0800c13c   0x00000008   Code   RO         1358    .ARM.Collect$$$$00000007  entry7.o(mc_w.l)
    0x0800c144   0x00000004   Code   RO         1355    .ARM.Collect$$$$00002712  entry2.o(mc_w.l)
    0x0800c148   0x00000024   Code   RO         1098    .text               startup_stm32f10x_hd_vl.o
    0x0800c16c   0x00000188   Code   RO         1114    .text               kmy_adc.o(kmy_app_drv.lib)
    0x0800c2f4   0x00000078   Code   RO         1115    .text               kmy_battarydrv.o(kmy_app_drv.lib)
    0x0800c36c   0x00000048   Code   RO         1116    .text               kmy_beepdrv.o(kmy_app_drv.lib)
    0x0800c3b4   0x00000834   Code   RO         1117    .text               kmy_eepromdrv.o(kmy_app_drv.lib)
    0x0800cbe8   0x000003bc   Code   RO         1118    .text               kmy_flashdrv.o(kmy_app_drv.lib)
    0x0800cfa4   0x000000c8   Code   RO         1119    .text               kmy_gprsdrv.o(kmy_app_drv.lib)
    0x0800d06c   0x00000674   Code   RO         1120    .text               kmy_keydrv.o(kmy_app_drv.lib)
    0x0800d6e0   0x00000a0c   Code   RO         1122    .text               kmy_lcddrv.o(kmy_app_drv.lib)
    0x0800e0ec   0x0000023c   Code   RO         1125    .text               kmy_lowpowerdrv.o(kmy_app_drv.lib)
    0x0800e328   0x00000f50   Code   RO         1126    .text               kmy_magcardpadrv.o(kmy_app_drv.lib)
    0x0800f278   0x000000c4   Code   RO         1128    .text               kmy_misc.o(kmy_app_drv.lib)
    0x0800f33c   0x00002b9c   Code   RO         1129    .text               kmy_printerdrv.o(kmy_app_drv.lib)
    0x08011ed8   0x00000c2c   Code   RO         1132    .text               kmy_psamdrv.o(kmy_app_drv.lib)
    0x08012b04   0x00000cf8   Code   RO         1136    .text               kmy_rfdrv.o(kmy_app_drv.lib)
    0x080137fc   0x00000058   Code   RO         1139    .text               kmy_tamperdrv.o(kmy_app_drv.lib)
    0x08013854   0x00000714   Code   RO         1141    .text               kmy_time.o(kmy_app_drv.lib)
    0x08013f68   0x0000024c   Code   RO         1144    .text               kmy_usart1drv.o(kmy_app_drv.lib)
    0x080141b4   0x00000320   Code   RO         1148    .text               kmy_usart3drv.o(kmy_app_drv.lib)
    0x080144d4   0x00000340   Code   RO         1151    .text               kmy_wifi_spi.o(kmy_app_drv.lib)
    0x08014814   0x0000038c   Code   RO         1152    .text               kmy_wifi_usartdrv.o(kmy_app_drv.lib)
    0x08014ba0   0x0000005a   Code   RO         1181    .text               uldiv.o(mc_w.l)
    0x08014bfa   0x0000000c   Code   RO         1182    .text               tolower.o(mc_w.l)
    0x08014c06   0x00000002   PAD
    0x08014c08   0x00000024   Code   RO         1183    .text               rand.o(mc_w.l)
    0x08014c2c   0x00000024   Code   RO         1185    .text               memcpya.o(mc_w.l)
    0x08014c50   0x00000026   Code   RO         1186    .text               memseta.o(mc_w.l)
    0x08014c76   0x0000001c   Code   RO         1187    .text               strcat.o(mc_w.l)
    0x08014c92   0x0000002c   Code   RO         1188    .text               strstr.o(mc_w.l)
    0x08014cbe   0x00000018   Code   RO         1189    .text               strncpy.o(mc_w.l)
    0x08014cd6   0x00000010   Code   RO         1190    .text               strlen.o(mc_w.l)
    0x08014ce6   0x0000001c   Code   RO         1191    .text               strcmp.o(mc_w.l)
    0x08014d02   0x0000001a   Code   RO         1192    .text               memcmp.o(mc_w.l)
    0x08014d1c   0x00000028   Code   RO         1193    .text               strncat.o(mc_w.l)
    0x08014d44   0x00000012   Code   RO         1194    .text               strcpy.o(mc_w.l)
    0x08014d56   0x00000002   PAD
    0x08014d58   0x00000044   Code   RO         1195    .text               strtok.o(mc_w.l)
    0x08014d9c   0x0000001a   Code   RO         1337    .text               atoi.o(mc_w.l)
    0x08014db6   0x00000066   Code   RO         1339    .text               fmul.o(mf_w.l)
    0x08014e1c   0x0000019e   Code   RO         1341    .text               dadd.o(mf_w.l)
    0x08014fba   0x000000e8   Code   RO         1342    .text               dmul.o(mf_w.l)
    0x080150a2   0x000000f8   Code   RO         1343    .text               ddiv.o(mf_w.l)
    0x0801519a   0x0000000a   Code   RO         1345    .text               ffltui.o(mf_w.l)
    0x080151a4   0x00000024   Code   RO         1346    .text               dflti.o(mf_w.l)
    0x080151c8   0x00000032   Code   RO         1347    .text               ffixi.o(mf_w.l)
    0x080151fa   0x00000024   Code   RO         1349    .text               f2d.o(mf_w.l)
    0x0801521e   0x00000002   PAD
    0x08015220   0x0000004c   Code   RO         1350    .text               cdrcmple.o(mf_w.l)
    0x0801526c   0x0000003a   Code   RO         1351    .text               d2f.o(mf_w.l)
    0x080152a6   0x00000008   Code   RO         1359    .text               fgetc.o(mc_w.l)
    0x080152ae   0x0000002c   Code   RO         1366    .text               uidiv.o(mc_w.l)
    0x080152da   0x00000020   Code   RO         1367    .text               llshl.o(mc_w.l)
    0x080152fa   0x0000001e   Code   RO         1368    .text               llushr.o(mc_w.l)
    0x08015318   0x00000098   Code   RO         1375    .text               strtod.o(mc_w.l)
    0x080153b0   0x00000070   Code   RO         1376    .text               strtol.o(mc_w.l)
    0x08015420   0x00000000   Code   RO         1377    .text               iusefp.o(mc_w.l)
    0x08015420   0x0000005c   Code   RO         1378    .text               fepilogue.o(mf_w.l)
    0x0801547c   0x000000c8   Code   RO         1379    .text               depilogue.o(mf_w.l)
    0x08015544   0x00000032   Code   RO         1380    .text               dfixul.o(mf_w.l)
    0x08015576   0x00000002   PAD
    0x08015578   0x00000024   Code   RO         1381    .text               init.o(mc_w.l)
    0x0801559c   0x00000008   Code   RO         1383    .text               ctype_o.o(mc_w.l)
    0x080155a4   0x00000012   Code   RO         1395    .text               isspace_o.o(mc_w.l)
    0x080155b6   0x00000002   PAD
    0x080155b8   0x0000033c   Code   RO         1398    .text               scanf_fp.o(mc_w.l)
    0x080158f4   0x0000003e   Code   RO         1399    .text               _sgetc.o(mc_w.l)
    0x08015932   0x00000098   Code   RO         1400    .text               _strtoul.o(mc_w.l)
    0x080159ca   0x00000000   Code   RO         1401    .text               iusesemig.o(mc_w.l)
    0x080159ca   0x00000020   Code   RO         1404    .text               _chval.o(mc_w.l)
    0x080159ea   0x00000018   Code   RO         1405    .text               dfltul.o(mf_w.l)
    0x08015a02   0x00000058   Code   RO         1411    .text               __dczerorl2.o(mc_w.l)
    0x08015a5a   0x00000002   PAD
    0x08015a5c   0x000001c0   Code   RO           79    i.ABCReadCode       forminput.o
    0x08015c1c   0x00000210   Code   RO          427    i.ABCReadCode       shurufa.o
    0x08015e2c   0x00000016   Code   RO          633    i.ADC_Cmd           stm32f10x_adc.o
    0x08015e42   0x00000002   PAD
    0x08015e44   0x0000005c   Code   RO          635    i.ADC_DeInit        stm32f10x_adc.o
    0x08015ea0   0x00000014   Code   RO          641    i.ADC_GetCalibrationStatus  stm32f10x_adc.o
    0x08015eb4   0x00000008   Code   RO          642    i.ADC_GetConversionValue  stm32f10x_adc.o
    0x08015ebc   0x00000012   Code   RO          644    i.ADC_GetFlagStatus  stm32f10x_adc.o
    0x08015ece   0x00000014   Code   RO          647    i.ADC_GetResetCalibrationStatus  stm32f10x_adc.o
    0x08015ee2   0x00000002   PAD
    0x08015ee4   0x0000004c   Code   RO          651    i.ADC_Init          stm32f10x_adc.o
    0x08015f30   0x000000b4   Code   RO          655    i.ADC_RegularChannelConfig  stm32f10x_adc.o
    0x08015fe4   0x0000000a   Code   RO          656    i.ADC_ResetCalibration  stm32f10x_adc.o
    0x08015fee   0x00000016   Code   RO          658    i.ADC_SoftwareStartConvCmd  stm32f10x_adc.o
    0x08016004   0x0000000a   Code   RO          660    i.ADC_StartCalibration  stm32f10x_adc.o
    0x0801600e   0x00000002   PAD
    0x08016010   0x000000d4   Code   RO          352    i.AdvancedSet       setting.o
    0x080160e4   0x000001d0   Code   RO          144    i.ApplicationInit   main.o
    0x080162b4   0x0000001e   Code   RO          599    i.AuroGetDateTime   readfrommodem3.o
    0x080162d2   0x00000040   Code   RO          600    i.AuroGetTime       readfrommodem3.o
    0x08016312   0x00000002   PAD
    0x08016314   0x00000044   Code   RO          601    i.AuroGetTime_end   readfrommodem3.o
    0x08016358   0x00000044   Code   RO          602    i.AuroGetTime_start  readfrommodem3.o
    0x0801639c   0x00000018   Code   RO          663    i.BKP_ClearFlag     stm32f10x_bkp.o
    0x080163b4   0x0000000c   Code   RO          668    i.BKP_ITConfig      stm32f10x_bkp.o
    0x080163c0   0x00000010   Code   RO          670    i.BKP_ReadBackupRegister  stm32f10x_bkp.o
    0x080163d0   0x0000000c   Code   RO          672    i.BKP_TamperPinCmd  stm32f10x_bkp.o
    0x080163dc   0x0000000c   Code   RO          673    i.BKP_TamperPinLevelConfig  stm32f10x_bkp.o
    0x080163e8   0x00000010   Code   RO          674    i.BKP_WriteBackupRegister  stm32f10x_bkp.o
    0x080163f8   0x00000220   Code   RO          545    i.BarCode128        barcode.o
    0x08016618   0x0000004c   Code   RO          353    i.BasicApnSet       setting.o
    0x08016664   0x00000134   Code   RO          354    i.BasicApnSetApn    setting.o
    0x08016798   0x0000014c   Code   RO          355    i.BasicApnSetPassword  setting.o
    0x080168e4   0x0000014c   Code   RO          356    i.BasicApnSetUsername  setting.o
    0x08016a30   0x00000120   Code   RO          357    i.BasicKeyTone      setting.o
    0x08016b50   0x00000070   Code   RO          358    i.BasicSettings     setting.o
    0x08016bc0   0x00000012   Code   RO          110    i.BeepNormal        key.o
    0x08016bd2   0x0000000c   Code   RO          178    i.BroadCastChannelSet  message.o
    0x08016bde   0x0000000c   Code   RO          179    i.BroadCastLanguageSelect  message.o
    0x08016bea   0x0000000c   Code   RO          180    i.BroadCastRead     message.o
    0x08016bf6   0x0000000c   Code   RO          181    i.BroadCastStart    message.o
    0x08016c02   0x00000002   PAD
    0x08016c04   0x00000018   Code   RO         1100    i.BusFault_Handler  stm32f10x_it.o
    0x08016c1c   0x00000128   Code   RO          359    i.CSModeSet         setting.o
    0x08016d44   0x00000040   Code   RO          428    i.CalculateCursorOffset  shurufa.o
    0x08016d84   0x000002f0   Code   RO          468    i.Calculator        tool.o
    0x08017074   0x00000570   Code   RO          469    i.Calendar          tool.o
    0x080175e4   0x000000c4   Code   RO          360    i.ChangeNetwork     setting.o
    0x080176a8   0x00000090   Code   RO          603    i.Change_Status     readfrommodem3.o
    0x08017738   0x00000320   Code   RO          184    i.CheckPINAndPUK    message.o
    0x08017a58   0x00000020   Code   RO          186    i.CheckThisIndexMsgReaded  message.o
    0x08017a78   0x00000528   Code   RO          580    i.ChkForAlpha       keyboard.o
    0x08017fa0   0x000006e8   Code   RO          581    i.ChkForDig         keyboard.o
    0x08018688   0x00000018   Code   RO          488    i.Clear_space       kmy_wifi.o
    0x080186a0   0x0000000c   Code   RO          187    i.ColorDraftBox     message.o
    0x080186ac   0x0000000c   Code   RO          188    i.ColorMessageCapacity  message.o
    0x080186b8   0x0000000c   Code   RO          189    i.ColorMessageSet   message.o
    0x080186c4   0x0000000c   Code   RO          190    i.ColorReceiveMailBox  message.o
    0x080186d0   0x0000000c   Code   RO          191    i.ColorSendedBox    message.o
    0x080186dc   0x0000000c   Code   RO          192    i.ColorSendedMessage  message.o
    0x080186e8   0x0000000c   Code   RO          193    i.ColorWriteMessage  message.o
    0x080186f4   0x00000018   Code   RO          489    i.ConnectSSID       kmy_wifi.o
    0x0801870c   0x00000064   Code   RO          490    i.ConnectWLAN       kmy_wifi.o
    0x08018770   0x00000208   Code   RO          361    i.ContrastSet       setting.o
    0x08018978   0x00000038   Code   RO           14    i.Cursor_Init       cursor.o
    0x080189b0   0x00000070   Code   RO           15    i.Cursor_OnOff      cursor.o
    0x08018a20   0x00000048   Code   RO           19    i.Cursor_SetX       cursor.o
    0x08018a68   0x00000048   Code   RO           20    i.Cursor_SetY       cursor.o
    0x08018ab0   0x00000070   Code   RO           21    i.Cursor_Twinkle    cursor.o
    0x08018b20   0x00000200   Code   RO          362    i.DNSSet            setting.o
    0x08018d20   0x00000002   Code   RO         1101    i.DebugMon_Handler  stm32f10x_it.o
    0x08018d22   0x00000060   Code   RO          470    i.DeleteAbuff0000   tool.o
    0x08018d82   0x00000002   PAD
    0x08018d84   0x00000088   Code   RO            4    i.Delete_all_record  callrecord.o
    0x08018e0c   0x00000006   Code   RO          363    i.Delete_log        setting.o
    0x08018e12   0x00000002   PAD
    0x08018e14   0x00000128   Code   RO          364    i.DhcpSet           setting.o
    0x08018f3c   0x00000084   Code   RO            5    i.DialledNO         callrecord.o
    0x08018fc0   0x00000028   Code   RO          118    i.DispHighLightRow  lcd.o
    0x08018fe8   0x0000002a   Code   RO          119    i.DispHighLightRow_to_x  lcd.o
    0x08019012   0x0000001c   Code   RO          120    i.DispHighLightRow_to_x_width  lcd.o
    0x0801902e   0x00000002   PAD
    0x08019030   0x0000014c   Code   RO          365    i.DisplayCID        setting.o
    0x0801917c   0x0000008c   Code   RO            6    i.DisplayDetailRecvdCalls  callrecord.o
    0x08019208   0x000000e6   Code   RO          168    i.DisplayMenuPercent  menuoperate.o
    0x080192ee   0x00000002   PAD
    0x080192f0   0x00000164   Code   RO          491    i.DisplayNetwork    kmy_wifi.o
    0x08019454   0x00000044   Code   RO          429    i.DisplaySrfAndInput  shurufa.o
    0x08019498   0x000000d8   Code   RO          366    i.DisplayVersion    setting.o
    0x08019570   0x0000004c   Code   RO          367    i.Display_ChipId    setting.o
    0x080195bc   0x000000d8   Code   RO          368    i.Display_IMEI      setting.o
    0x08019694   0x00000080   Code   RO          369    i.Display_KMY_LibVersion  setting.o
    0x08019714   0x00000044   Code   RO          370    i.Display_RandomNumber  setting.o
    0x08019758   0x00000460   Code   RO          483    i.Download_File     transaction.o
    0x08019bb8   0x0000000c   Code   RO          195    i.DraftBox          message.o
    0x08019bc4   0x00000034   Code   RO          121    i.DrawTitle_to_row  lcd.o
    0x08019bf8   0x0000002c   Code   RO          122    i.DrawTitle_to_row_Language2  lcd.o
    0x08019c24   0x0000000c   Code   RO          747    i.EXTI_ClearITPendingBit  stm32f10x_exti.o
    0x08019c30   0x0000002c   Code   RO          751    i.EXTI_GetITStatus  stm32f10x_exti.o
    0x08019c5c   0x000000a4   Code   RO          752    i.EXTI_Init         stm32f10x_exti.o
    0x08019d00   0x0000001e   Code   RO           38    i.EepromFile_CheckFileExist  eepromfilesystem.o
    0x08019d1e   0x0000012a   Code   RO           39    i.EepromFile_CheckWhetherHaveThisFile  eepromfilesystem.o
    0x08019e48   0x000000ee   Code   RO           40    i.EepromFile_Create  eepromfilesystem.o
    0x08019f36   0x0000002e   Code   RO           41    i.EepromFile_Delete  eepromfilesystem.o
    0x08019f64   0x00000022   Code   RO           42    i.EepromFile_DeleteAllPageArea  eepromfilesystem.o
    0x08019f86   0x00000002   PAD
    0x08019f88   0x000000b0   Code   RO           43    i.EepromFile_DeleteEfpAttibute  eepromfilesystem.o
    0x0801a038   0x0000001c   Code   RO           44    i.EepromFile_FileSystemFormat  eepromfilesystem.o
    0x0801a054   0x0000007a   Code   RO           45    i.EepromFile_GetAIdlePage  eepromfilesystem.o
    0x0801a0ce   0x00000066   Code   RO           47    i.EepromFile_GetFileStruct  eepromfilesystem.o
    0x0801a134   0x00000050   Code   RO           48    i.EepromFile_GetIdleAreaSize  eepromfilesystem.o
    0x0801a184   0x00000058   Code   RO           49    i.EepromFile_GetPageRelationAreaTwoByte  eepromfilesystem.o
    0x0801a1dc   0x00000060   Code   RO           50    i.EepromFile_GetPageRelationAreaTwoByte_AndDelete  eepromfilesystem.o
    0x0801a23c   0x0000001c   Code   RO           51    i.EepromFile_GetPhysicalPage  eepromfilesystem.o
    0x0801a258   0x00000012   Code   RO           52    i.EepromFile_GetTotalFiles  eepromfilesystem.o
    0x0801a26a   0x00000036   Code   RO           53    i.EepromFile_Open   eepromfilesystem.o
    0x0801a2a0   0x00000090   Code   RO           54    i.EepromFile_ReadData  eepromfilesystem.o
    0x0801a330   0x000000f0   Code   RO           55    i.EepromFile_SaveEfpAttibute  eepromfilesystem.o
    0x0801a420   0x0000005e   Code   RO           56    i.EepromFile_Seek   eepromfilesystem.o
    0x0801a47e   0x00000002   PAD
    0x0801a480   0x0000007c   Code   RO           57    i.EepromFile_SetPageArea  eepromfilesystem.o
    0x0801a4fc   0x0000000e   Code   RO           58    i.EepromFile_SetTotalFiles  eepromfilesystem.o
    0x0801a50a   0x00000018   Code   RO           59    i.EepromFile_TotalFileAdd1  eepromfilesystem.o
    0x0801a522   0x00000016   Code   RO           60    i.EepromFile_TotalFilePlus1  eepromfilesystem.o
    0x0801a538   0x00000096   Code   RO           61    i.EepromFile_Write  eepromfilesystem.o
    0x0801a5ce   0x00000002   PAD
    0x0801a5d0   0x000000f8   Code   RO           62    i.EepromFile_WriteData  eepromfilesystem.o
    0x0801a6c8   0x00000014   Code   RO           63    i.EepromFile_WritePage  eepromfilesystem.o
    0x0801a6dc   0x0000003c   Code   RO           64    i.EepromFile_checkThisPageWhetherOk  eepromfilesystem.o
    0x0801a718   0x000000ae   Code   RO           65    i.EepromFile_read   eepromfilesystem.o
    0x0801a7c6   0x00000024   Code   RO           66    i.EepromFile_readFileCurrentPage  eepromfilesystem.o
    0x0801a7ea   0x00000014   Code   RO           67    i.EepromFile_readPage  eepromfilesystem.o
    0x0801a7fe   0x00000002   PAD
    0x0801a800   0x00000258   Code   RO          371    i.EncTypeSet        setting.o
    0x0801aa58   0x00000080   Code   RO          316    i.EraseEepromPage   selftest.o
    0x0801aad8   0x00000054   Code   RO          317    i.EraseEepromPage0_30  selftest.o
    0x0801ab2c   0x00000098   Code   RO          318    i.EraseFlashPage    selftest.o
    0x0801abc4   0x00000184   Code   RO          319    i.ExternalSerail1_GSMModule  selftest.o
    0x0801ad48   0x00000174   Code   RO          320    i.ExternalSerail1_WiFiModule  selftest.o
    0x0801aebc   0x0000001c   Code   RO          771    i.FLASH_PrefetchBufferCmd  stm32f10x_flash.o
    0x0801aed8   0x00000014   Code   RO          776    i.FLASH_SetLatency  stm32f10x_flash.o
    0x0801aeec   0x0000081c   Code   RO           80    i.FormInput         forminput.o
    0x0801b708   0x00000078   Code   RO           81    i.Form_ClearDisplayErea  forminput.o
    0x0801b780   0x00000046   Code   RO           82    i.Form_display      forminput.o
    0x0801b7c6   0x00000032   Code   RO           83    i.Form_text_out     forminput.o
    0x0801b7f8   0x00000128   Code   RO          372    i.FormatEEPROM      setting.o
    0x0801b920   0x0000024c   Code   RO          321    i.FromInput_Test    selftest.o
    0x0801bb6c   0x0000003c   Code   RO          804    i.GPIO_EXTILineConfig  stm32f10x_gpio.o
    0x0801bba8   0x0000010c   Code   RO          807    i.GPIO_Init         stm32f10x_gpio.o
    0x0801bcb4   0x0000008c   Code   RO          809    i.GPIO_PinRemapConfig  stm32f10x_gpio.o
    0x0801bd40   0x00000012   Code   RO          811    i.GPIO_ReadInputDataBit  stm32f10x_gpio.o
    0x0801bd52   0x00000004   Code   RO          814    i.GPIO_ResetBits    stm32f10x_gpio.o
    0x0801bd56   0x00000004   Code   RO          815    i.GPIO_SetBits      stm32f10x_gpio.o
    0x0801bd5a   0x0000000a   Code   RO          818    i.GPIO_WriteBit     stm32f10x_gpio.o
    0x0801bd64   0x00000204   Code   RO          373    i.GatewaySet        setting.o
    0x0801bf68   0x00000090   Code   RO           90    i.GetCCID           gprs.o
    0x0801bff8   0x00000100   Code   RO          493    i.GetGateway        kmy_wifi.o
    0x0801c0f8   0x0000008c   Code   RO           91    i.GetIMEI           gprs.o
    0x0801c184   0x00000056   Code   RO          169    i.GetKeyNumVal      menuoperate.o
    0x0801c1da   0x00000002   PAD
    0x0801c1dc   0x000000d4   Code   RO          196    i.GetMessageNode    message.o
    0x0801c2b0   0x00000088   Code   RO          197    i.GetMessageTotalAndCapacity  message.o
    0x0801c338   0x000000ac   Code   RO          198    i.GetMessage_state_number_datetime  message.o
    0x0801c3e4   0x00000058   Code   RO          430    i.GetSrfString      shurufa.o
    0x0801c43c   0x00000028   Code   RO          432    i.GetString_abcABC123PYWuBi2  shurufa.o
    0x0801c464   0x00000036   Code   RO          433    i.GetString_abcABC123PYWuBi_Language2  shurufa.o
    0x0801c49a   0x0000001c   Code   RO          375    i.GetSum            setting.o
    0x0801c4b6   0x00000028   Code   RO          494    i.GetWiFiInfo       kmy_wifi.o
    0x0801c4de   0x00000002   PAD
    0x0801c4e0   0x00000098   Code   RO          495    i.GetWiFiName       kmy_wifi.o
    0x0801c578   0x0000001a   Code   RO           73    i.Get_Record_Total  fileoperate.o
    0x0801c592   0x00000002   PAD
    0x0801c594   0x00000058   Code   RO           84    i.GetinputModeString  forminput.o
    0x0801c5ec   0x00000194   Code   RO          285    i.HandlePhoneSelection  phonebook.o
    0x0801c780   0x00000018   Code   RO         1102    i.HardFault_Handler  stm32f10x_it.o
    0x0801c798   0x00000034   Code   RO          322    i.HexToASCII        selftest.o
    0x0801c7cc   0x00000c08   Code   RO          616    i.Initialize_Modem  initializemodem.o
    0x0801d3d4   0x000001a4   Code   RO          376    i.IpAddSet          setting.o
    0x0801d578   0x00000024   Code   RO          111    i.KeyEventPost      key.o
    0x0801d59c   0x00000120   Code   RO          377    i.LanguageSet       setting.o
    0x0801d6bc   0x0000004c   Code   RO          378    i.LanguageSet_Chinese  setting.o
    0x0801d708   0x0000004c   Code   RO          379    i.LanguageSet_English  setting.o
    0x0801d754   0x00000210   Code   RO          380    i.LoclaIPSet        setting.o
    0x0801d964   0x000001c8   Code   RO          471    i.LunarCalendar     tool.o
    0x0801db2c   0x00000068   Code   RO            7    i.MainMenuScreen_Calls  callrecord.o
    0x0801db94   0x00000070   Code   RO          201    i.MainMenuScreen_Message_ColorMessage  message.o
    0x0801dc04   0x00000070   Code   RO          202    i.MainMenuScreen_Message_ShortMessage  message.o
    0x0801dc74   0x00000070   Code   RO          203    i.MainMenuScreen_Message_VoiceMailbox  message.o
    0x0801dce4   0x00000070   Code   RO          204    i.MainMenuScreen_Message_XiaoquGuanbo  message.o
    0x0801dd54   0x00000070   Code   RO          381    i.MainMenuScreen_Settings  setting.o
    0x0801ddc4   0x00000070   Code   RO          472    i.MainMenuScreen_ToolBox  tool.o
    0x0801de34   0x00000070   Code   RO          286    i.MainMenuScreen_ToolBox_PhoneBook  phonebook.o
    0x0801dea4   0x0000020c   Code   RO          382    i.MaskSet           setting.o
    0x0801e0b0   0x00000018   Code   RO         1103    i.MemManage_Handler  stm32f10x_it.o
    0x0801e0c8   0x000002de   Code   RO          171    i.MenuHandler_AddIco  menuoperate.o
    0x0801e3a6   0x00000306   Code   RO          172    i.MenuHandler_AddIco2  menuoperate.o
    0x0801e6ac   0x000002fe   Code   RO          173    i.MenuHandler_Language2  menuoperate.o
    0x0801e9aa   0x000002f0   Code   RO          174    i.MenuHandler_Language2_Pic  menuoperate.o
    0x0801ec9a   0x0000004e   Code   RO          237    i.MenuOperate_response_keyDown  my_menuop.o
    0x0801ece8   0x0000003c   Code   RO          238    i.MenuOperate_response_keyLeft  my_menuop.o
    0x0801ed24   0x00000052   Code   RO          239    i.MenuOperate_response_keyRight  my_menuop.o
    0x0801ed76   0x00000052   Code   RO          240    i.MenuOperate_response_keyUp  my_menuop.o
    0x0801edc8   0x0000000c   Code   RO          205    i.MessageCapacity   message.o
    0x0801edd4   0x00000054   Code   RO          206    i.MessageDelete     message.o
    0x0801ee28   0x00000108   Code   RO          207    i.MessageDisplayContext  message.o
    0x0801ef30   0x0000000c   Code   RO          208    i.MessageSet        message.o
    0x0801ef3c   0x00000068   Code   RO          209    i.Message_delete_all  message.o
    0x0801efa4   0x00000068   Code   RO          210    i.Message_delete_this  message.o
    0x0801f00c   0x00000050   Code   RO          546    i.Middle            barcode.o
    0x0801f05c   0x0000000c   Code   RO          211    i.MobileQQ          message.o
    0x0801f068   0x00000120   Code   RO          383    i.Model_Set         setting.o
    0x0801f188   0x00000134   Code   RO          621    i.MsgSend           msgsend.o
    0x0801f2bc   0x00000002   Code   RO         1104    i.NMI_Handler       stm32f10x_it.o
    0x0801f2be   0x00000002   PAD
    0x0801f2c0   0x000000d0   Code   RO          384    i.NT_MakeParameter  setting.o
    0x0801f390   0x00000148   Code   RO          385    i.NT_StoreParam     setting.o
    0x0801f4d8   0x00000048   Code   RO          386    i.NT_itoa           setting.o
    0x0801f520   0x00000074   Code   RO          622    i.NVIC_Init         misc.o
    0x0801f594   0x00000014   Code   RO          623    i.NVIC_PriorityGroupConfig  misc.o
    0x0801f5a8   0x00000028   Code   RO          155    i.NVIC_SystemReset  main.o
    0x0801f5d0   0x0000013c   Code   RO          387    i.NetworkSet        setting.o
    0x0801f70c   0x0000004c   Code   RO          388    i.NetworkSet_GPRS   setting.o
    0x0801f758   0x0000004c   Code   RO          389    i.NetworkSet_WiFi   setting.o
    0x0801f7a4   0x00000168   Code   RO          390    i.OpPsword          setting.o
    0x0801f90c   0x00000006   Code   RO          391    i.PIN_Change        setting.o
    0x0801f912   0x00000006   Code   RO          392    i.PIN_OpenClose     setting.o
    0x0801f918   0x000001a0   Code   RO          393    i.PIN_Store         setting.o
    0x0801fab8   0x0000000c   Code   RO          858    i.PWR_BackupAccessCmd  stm32f10x_pwr.o
    0x0801fac4   0x00000016   Code   RO          860    i.PWR_DeInit        stm32f10x_pwr.o
    0x0801fada   0x00000002   PAD
    0x0801fadc   0x00000044   Code   RO          862    i.PWR_EnterSTOPMode  stm32f10x_pwr.o
    0x0801fb20   0x00000038   Code   RO          434    i.PassWordArgDeInit  shurufa.o
    0x0801fb58   0x00000040   Code   RO          436    i.PassWordInput2    shurufa.o
    0x0801fb98   0x00000028   Code   RO          437    i.PassWordInput_MiddledDisplay  shurufa.o
    0x0801fbc0   0x00000002   Code   RO         1105    i.PendSV_Handler    stm32f10x_it.o
    0x0801fbc2   0x00000002   PAD
    0x0801fbc4   0x00000158   Code   RO          287    i.PhoneAdd          phonebook.o
    0x0801fd1c   0x0000003c   Code   RO          288    i.PhoneAddBeiZhu    phonebook.o
    0x0801fd58   0x0000003c   Code   RO          289    i.PhoneAddEmail     phonebook.o
    0x0801fd94   0x0000003c   Code   RO          290    i.PhoneAddName      phonebook.o
    0x0801fdd0   0x00000040   Code   RO          291    i.PhoneAddNumber    phonebook.o
    0x0801fe10   0x000001e0   Code   RO          292    i.PhoneAddSave      phonebook.o
    0x0801fff0   0x00000040   Code   RO          293    i.PhoneAddZuoJi     phonebook.o
    0x08020030   0x000000a4   Code   RO          294    i.PhoneDeleteARecord  phonebook.o
    0x080200d4   0x00000078   Code   RO          295    i.PhoneDeleteAll    phonebook.o
    0x0802014c   0x00000170   Code   RO          296    i.PhoneExplorer     phonebook.o
    0x080202bc   0x000000b8   Code   RO          297    i.PhoneHandleBeiZhu  phonebook.o
    0x08020374   0x000000d4   Code   RO          298    i.PhoneHandleCall   phonebook.o
    0x08020448   0x000000b8   Code   RO          299    i.PhoneHandleEmail  phonebook.o
    0x08020500   0x0000000c   Code   RO          300    i.PhoneHandleIPCall  phonebook.o
    0x0802050c   0x00000068   Code   RO          301    i.PhoneHandleName   phonebook.o
    0x08020574   0x00000060   Code   RO          302    i.PhoneHandleNameDelete  phonebook.o
    0x080205d4   0x000001f8   Code   RO          303    i.PhoneHandleNameXiuGai  phonebook.o
    0x080207cc   0x00000068   Code   RO          304    i.PhoneHandleNumber  phonebook.o
    0x08020834   0x0000000c   Code   RO          305    i.PhoneHandleSendcolormassage  phonebook.o
    0x08020840   0x0000000c   Code   RO          306    i.PhoneHandleSendmassage  phonebook.o
    0x0802084c   0x0000000c   Code   RO          307    i.PhoneHandleSetRefuseNumber  phonebook.o
    0x08020858   0x00000074   Code   RO          308    i.PhoneHandleZuoJi  phonebook.o
    0x080208cc   0x00000264   Code   RO          309    i.PhoneSearch       phonebook.o
    0x08020b30   0x000000cc   Code   RO          394    i.PinSet            setting.o
    0x08020bfc   0x000000a8   Code   RO          496    i.PingGateway       kmy_wifi.o
    0x08020ca4   0x0000004c   Code   RO          395    i.Polish_Display_Keytone_Close  setting.o
    0x08020cf0   0x0000004c   Code   RO          396    i.Polish_Display_Keytone_Open  setting.o
    0x08020d3c   0x0000004c   Code   RO          397    i.Polish_Display_Model_Close  setting.o
    0x08020d88   0x0000004c   Code   RO          398    i.Polish_Display_Model_Open  setting.o
    0x08020dd4   0x0000000c   Code   RO          113    i.PostKey           key.o
    0x08020de0   0x00000138   Code   RO          399    i.PowerOffScreenTime  setting.o
    0x08020f18   0x00000140   Code   RO          547    i.PrintBarCode      barcode.o
    0x08021058   0x00000044   Code   RO          323    i.PrintBuf          selftest.o
    0x0802109c   0x00000060   Code   RO          156    i.Printlogo         main.o
    0x080210fc   0x000003e0   Code   RO          582    i.PrntChar          keyboard.o
    0x080214dc   0x0000008c   Code   RO          583    i.PrntNo            keyboard.o
    0x08021568   0x00002e98   Code   RO          605    i.Process_Modem_data  readfrommodem3.o
    0x08024400   0x00000014   Code   RO          867    i.RCC_ADCCLKConfig  stm32f10x_rcc.o
    0x08024414   0x00000020   Code   RO          869    i.RCC_APB1PeriphClockCmd  stm32f10x_rcc.o
    0x08024434   0x00000020   Code   RO          870    i.RCC_APB1PeriphResetCmd  stm32f10x_rcc.o
    0x08024454   0x00000020   Code   RO          871    i.RCC_APB2PeriphClockCmd  stm32f10x_rcc.o
    0x08024474   0x00000020   Code   RO          872    i.RCC_APB2PeriphResetCmd  stm32f10x_rcc.o
    0x08024494   0x0000004c   Code   RO          878    i.RCC_DeInit        stm32f10x_rcc.o
    0x080244e0   0x000000d4   Code   RO          879    i.RCC_GetClocksFreq  stm32f10x_rcc.o
    0x080245b4   0x0000003c   Code   RO          880    i.RCC_GetFlagStatus  stm32f10x_rcc.o
    0x080245f0   0x00000010   Code   RO          882    i.RCC_GetSYSCLKSource  stm32f10x_rcc.o
    0x08024600   0x0000004c   Code   RO          884    i.RCC_HSEConfig     stm32f10x_rcc.o
    0x0802464c   0x00000034   Code   RO          887    i.RCC_LSEConfig     stm32f10x_rcc.o
    0x08024680   0x0000000c   Code   RO          892    i.RCC_PLLCmd        stm32f10x_rcc.o
    0x0802468c   0x0000001c   Code   RO          893    i.RCC_PLLConfig     stm32f10x_rcc.o
    0x080246a8   0x0000000c   Code   RO          894    i.RCC_RTCCLKCmd     stm32f10x_rcc.o
    0x080246b4   0x00000010   Code   RO          895    i.RCC_RTCCLKConfig  stm32f10x_rcc.o
    0x080246c4   0x00000014   Code   RO          896    i.RCC_SYSCLKConfig  stm32f10x_rcc.o
    0x080246d8   0x00000030   Code   RO          898    i.RCC_WaitForHSEStartUp  stm32f10x_rcc.o
    0x08024708   0x00000018   Code   RO          902    i.RTC_EnterConfigMode  stm32f10x_rtc.o
    0x08024720   0x0000001c   Code   RO          903    i.RTC_ExitConfigMode  stm32f10x_rtc.o
    0x0802473c   0x0000001c   Code   RO          904    i.RTC_GetCounter    stm32f10x_rtc.o
    0x08024758   0x0000002c   Code   RO          908    i.RTC_ITConfig      stm32f10x_rtc.o
    0x08024784   0x00000024   Code   RO          910    i.RTC_SetCounter    stm32f10x_rtc.o
    0x080247a8   0x00000024   Code   RO          911    i.RTC_SetPrescaler  stm32f10x_rtc.o
    0x080247cc   0x00000014   Code   RO          912    i.RTC_WaitForLastTask  stm32f10x_rtc.o
    0x080247e0   0x00000028   Code   RO          913    i.RTC_WaitForSynchro  stm32f10x_rtc.o
    0x08024808   0x00000064   Code   RO          606    i.ReadDataFSPort    readfrommodem3.o
    0x0802486c   0x0000008c   Code   RO           94    i.ReadDatasFromSIM300_OKstr  gprs.o
    0x080248f8   0x00000038   Code   RO          497    i.ReadDatasFromUSART  kmy_wifi.o
    0x08024930   0x0000003a   Code   RO           95    i.ReadDatasFromtty  gprs.o
    0x0802496a   0x0000003a   Code   RO          607    i.ReadDatasFromtty1  readfrommodem3.o
    0x080249a4   0x00000098   Code   RO          325    i.ReadEepromPage    selftest.o
    0x08024a3c   0x000000a4   Code   RO          326    i.ReadFlashPage     selftest.o
    0x08024ae0   0x00000070   Code   RO          400    i.ReadSomeMessage   setting.o
    0x08024b50   0x00000088   Code   RO           76    i.Read_A_Record_Segment  fileoperate.o
    0x08024bd8   0x000005d8   Code   RO          214    i.ReceiveMailBox    message.o
    0x080251b0   0x00000088   Code   RO            8    i.RecvdCalls        callrecord.o
    0x08025238   0x00000158   Code   RO          401    i.RestoreChuChangSet  setting.o
    0x08025390   0x00000104   Code   RO          402    i.RestoreConfigFile  setting.o
    0x08025494   0x000001a8   Code   RO          403    i.RestoreGlobalVariable  setting.o
    0x0802563c   0x00000018   Code   RO          949    i.SPI_Cmd           stm32f10x_spi.o
    0x08025654   0x00000012   Code   RO          957    i.SPI_I2S_GetFlagStatus  stm32f10x_spi.o
    0x08025666   0x00000006   Code   RO          960    i.SPI_I2S_ReceiveData  stm32f10x_spi.o
    0x0802566c   0x00000004   Code   RO          961    i.SPI_I2S_SendData  stm32f10x_spi.o
    0x08025670   0x0000003c   Code   RO          962    i.SPI_Init          stm32f10x_spi.o
    0x080256ac   0x00000018   Code   RO          964    i.SPI_SSOutputCmd   stm32f10x_spi.o
    0x080256c4   0x000001ec   Code   RO          404    i.SSIDSet           setting.o
    0x080258b0   0x00000002   Code   RO         1106    i.SVC_Handler       stm32f10x_it.o
    0x080258b2   0x00000002   PAD
    0x080258b4   0x00000210   Code   RO          499    i.SearchWLAN        kmy_wifi.o
    0x08025ac4   0x0000013c   Code   RO          405    i.SearchWLANSet     setting.o
    0x08025c00   0x00000078   Code   RO          327    i.SelfTest          selftest.o
    0x08025c78   0x0000008c   Code   RO          328    i.SelfTest_BEEP     selftest.o
    0x08025d04   0x00000084   Code   RO          329    i.SelfTest_BatVoltage  selftest.o
    0x08025d88   0x00000050   Code   RO          330    i.SelfTest_DisplayFont  selftest.o
    0x08025dd8   0x000002d0   Code   RO          331    i.SelfTest_ICTest   selftest.o
    0x080260a8   0x000002d4   Code   RO          332    i.SelfTest_Key      selftest.o
    0x0802637c   0x00000128   Code   RO          333    i.SelfTest_MagCard  selftest.o
    0x080264a4   0x000001fc   Code   RO          334    i.SelfTest_MakeCall  selftest.o
    0x080266a0   0x000002cc   Code   RO          335    i.SelfTest_PSAM1Test  selftest.o
    0x0802696c   0x000002cc   Code   RO          336    i.SelfTest_PSAM2Test  selftest.o
    0x08026c38   0x00000510   Code   RO          337    i.SelfTest_Printer  selftest.o
    0x08027148   0x00000120   Code   RO          338    i.SelfTest_PrinterFont  selftest.o
    0x08027268   0x00000478   Code   RO          339    i.SelfTest_RF       selftest.o
    0x080276e0   0x0000008c   Code   RO          340    i.SelfTest_ReadEepromPage0_30  selftest.o
    0x0802776c   0x0000028c   Code   RO          341    i.SelfTest_ReceiveMessage  selftest.o
    0x080279f8   0x000001d8   Code   RO          342    i.SelfTest_SendSMS  selftest.o
    0x08027bd0   0x00000010   Code   RO          343    i.SelfTest_Soft     selftest.o
    0x08027be0   0x0000008c   Code   RO           97    i.SendAtCommand_UntillSuccess  gprs.o
    0x08027c6c   0x000000b4   Code   RO          466    i.SendMessage_TextMode  sim900b.o
    0x08027d20   0x0000000c   Code   RO          215    i.SendedBox         message.o
    0x08027d2c   0x0000000c   Code   RO          216    i.SendedMessage     message.o
    0x08027d38   0x0000000c   Code   RO          114    i.SetAutoExitTime   key.o
    0x08027d44   0x0000000c   Code   RO          115    i.SetBLOverTime     key.o
    0x08027d50   0x00000036   Code   RO          406    i.SetBitOfDecimal   setting.o
    0x08027d86   0x00000008   Code   RO         1109    i.SetSysClock       system_stm32f10x.o
    0x08027d8e   0x00000002   PAD
    0x08027d90   0x000000c8   Code   RO         1110    i.SetSysClockTo72   system_stm32f10x.o
    0x08027e58   0x00000040   Code   RO          407    i.SetWifiDefault    setting.o
    0x08027e98   0x00000070   Code   RO          500    i.Set_wifi_ConnectAddr  kmy_wifi.o
    0x08027f08   0x00000054   Code   RO          501    i.Set_wifi_Ip       kmy_wifi.o
    0x08027f5c   0x00000068   Code   RO          503    i.Set_wifi_NetAddr  kmy_wifi.o
    0x08027fc4   0x00000038   Code   RO          504    i.Set_wifi_Reboot   kmy_wifi.o
    0x08027ffc   0x00000060   Code   RO          506    i.Set_wifi_connectype  kmy_wifi.o
    0x0802805c   0x00000070   Code   RO          507    i.Set_wifi_connstatus  kmy_wifi.o
    0x080280cc   0x00000040   Code   RO          508    i.Set_wifi_default  kmy_wifi.o
    0x0802810c   0x00000060   Code   RO          509    i.Set_wifi_dhcpclient  kmy_wifi.o
    0x0802816c   0x00000058   Code   RO          511    i.Set_wifi_dns      kmy_wifi.o
    0x080281c4   0x0000005c   Code   RO          512    i.Set_wifi_dsthn    kmy_wifi.o
    0x08028220   0x00000060   Code   RO          513    i.Set_wifi_dstport  kmy_wifi.o
    0x08028280   0x00000054   Code   RO          514    i.Set_wifi_et       kmy_wifi.o
    0x080282d4   0x00000060   Code   RO          515    i.Set_wifi_gateway  kmy_wifi.o
    0x08028334   0x00000058   Code   RO          517    i.Set_wifi_manconn  kmy_wifi.o
    0x0802838c   0x00000058   Code   RO          518    i.Set_wifi_mask     kmy_wifi.o
    0x080283e4   0x00000058   Code   RO          519    i.Set_wifi_mode     kmy_wifi.o
    0x0802843c   0x00000054   Code   RO          520    i.Set_wifi_nt       kmy_wifi.o
    0x08028490   0x0000003c   Code   RO          522    i.Set_wifi_saveconfig  kmy_wifi.o
    0x080284cc   0x0000006c   Code   RO          525    i.Set_wifi_sisrvy   kmy_wifi.o
    0x08028538   0x00000060   Code   RO          526    i.Set_wifi_srvport  kmy_wifi.o
    0x08028598   0x00000088   Code   RO          527    i.Set_wifi_ssid     kmy_wifi.o
    0x08028620   0x00000040   Code   RO          530    i.Set_wifi_wp       kmy_wifi.o
    0x08028660   0x00000158   Code   RO          217    i.Sim900B_init      message.o
    0x080287b8   0x00000078   Code   RO          344    i.SoftWare_Debug    selftest.o
    0x08028830   0x00000084   Code   RO          158    i.StandbyResponseUserMenu  main.o
    0x080288b4   0x000000d4   Code   RO          408    i.StorageVariable   setting.o
    0x08028988   0x00000110   Code   RO          618    i.StoreMSGToFile    storemsg.o
    0x08028a98   0x000000f6   Code   RO          439    i.SwitchSrf         shurufa.o
    0x08028b8e   0x000000f6   Code   RO           85    i.Switch_InputMode  forminput.o
    0x08028c84   0x00000002   Code   RO         1107    i.SysTick_Handler   stm32f10x_it.o
    0x08028c86   0x00000002   PAD
    0x08028c88   0x00000060   Code   RO         1112    i.SystemInit        system_stm32f10x.o
    0x08028ce8   0x00000006   Code   RO          978    i.TIM_ClearITPendingBit  stm32f10x_tim.o
    0x08028cee   0x00000018   Code   RO          983    i.TIM_Cmd           stm32f10x_tim.o
    0x08028d06   0x00000002   PAD
    0x08028d08   0x000001e8   Code   RO          988    i.TIM_DeInit        stm32f10x_tim.o
    0x08028ef0   0x00000022   Code   RO         1004    i.TIM_GetITStatus   stm32f10x_tim.o
    0x08028f12   0x00000018   Code   RO         1008    i.TIM_ITConfig      stm32f10x_tim.o
    0x08028f2a   0x00000002   PAD
    0x08028f2c   0x000000a4   Code   RO         1054    i.TIM_TimeBaseInit  stm32f10x_tim.o
    0x08028fd0   0x00000060   Code   RO          345    i.TemporaryNotProvideThisFunction  selftest.o
    0x08029030   0x00000194   Code   RO          409    i.TerminalIDSet     setting.o
    0x080291c4   0x00000194   Code   RO          410    i.TerminalPasswordSet  setting.o
    0x08029358   0x000003b4   Code   RO          411    i.TimeDateSet       setting.o
    0x0802970c   0x00000050   Code   RO          412    i.TranslateKeyToDecimal  setting.o
    0x0802975c   0x0000001e   Code   RO         1059    i.USART_ClearITPendingBit  stm32f10x_usart.o
    0x0802977a   0x00000020   Code   RO         1060    i.USART_ClockInit   stm32f10x_usart.o
    0x0802979a   0x00000018   Code   RO         1062    i.USART_Cmd         stm32f10x_usart.o
    0x080297b2   0x00000018   Code   RO         1063    i.USART_DMACmd      stm32f10x_usart.o
    0x080297ca   0x0000001a   Code   RO         1065    i.USART_GetFlagStatus  stm32f10x_usart.o
    0x080297e4   0x00000054   Code   RO         1066    i.USART_GetITStatus  stm32f10x_usart.o
    0x08029838   0x00000048   Code   RO         1068    i.USART_ITConfig    stm32f10x_usart.o
    0x08029880   0x000000d8   Code   RO         1069    i.USART_Init        stm32f10x_usart.o
    0x08029958   0x0000000a   Code   RO         1076    i.USART_ReceiveData  stm32f10x_usart.o
    0x08029962   0x00000008   Code   RO         1079    i.USART_SendData    stm32f10x_usart.o
    0x0802996a   0x00000010   Code   RO         1081    i.USART_SetGuardTime  stm32f10x_usart.o
    0x0802997a   0x00000010   Code   RO         1082    i.USART_SetPrescaler  stm32f10x_usart.o
    0x0802998a   0x00000018   Code   RO         1083    i.USART_SmartCardCmd  stm32f10x_usart.o
    0x080299a2   0x00000018   Code   RO         1084    i.USART_SmartCardNACKCmd  stm32f10x_usart.o
    0x080299ba   0x00000002   PAD
    0x080299bc   0x000002f8   Code   RO          413    i.UpdateParameter   setting.o
    0x08029cb4   0x00000ed8   Code   RO          608    i.Update_MODEMCommand  readfrommodem3.o
    0x0802ab8c   0x0000005c   Code   RO          609    i.Update_To_Que     readfrommodem3.o
    0x0802abe8   0x0000030c   Code   RO          346    i.UpgradeChinese    selftest.o
    0x0802aef4   0x0000001c   Code   RO         1108    i.UsageFault_Handler  stm32f10x_it.o
    0x0802af10   0x0000000c   Code   RO          218    i.VoiceBoxNumberSet  message.o
    0x0802af1c   0x0000000c   Code   RO          219    i.VoiceBoxReceive   message.o
    0x0802af28   0x00000068   Code   RO          414    i.WANSet            setting.o
    0x0802af90   0x000001b4   Code   RO          415    i.WIFIConnectTCP    setting.o
    0x0802b144   0x00000080   Code   RO          416    i.WIFIParStore      setting.o
    0x0802b1c4   0x00000068   Code   RO          417    i.WIFIParmeterSet   setting.o
    0x0802b22c   0x000000b8   Code   RO          418    i.WIFISet           setting.o
    0x0802b2e4   0x0000004c   Code   RO          531    i.WIFI_Set_WLANPar  kmy_wifi.o
    0x0802b330   0x0000017c   Code   RO          419    i.WPManage          setting.o
    0x0802b4ac   0x0000002e   Code   RO          116    i.WaitkeyAndAutoExit  key.o
    0x0802b4da   0x0000002c   Code   RO          117    i.Waitkey_TillKeyPress  key.o
    0x0802b506   0x00000002   PAD
    0x0802b508   0x000000b4   Code   RO          473    i.WeekDay           tool.o
    0x0802b5bc   0x000001a4   Code   RO          535    i.WifiSSID_TO_MySSID  kmy_wifi.o
    0x0802b760   0x00000068   Code   RO          420    i.WifiSaveConfig    setting.o
    0x0802b7c8   0x00000128   Code   RO          421    i.WifiworkmodeSet   setting.o
    0x0802b8f0   0x000000e0   Code   RO          347    i.WriteFlashPage    selftest.o
    0x0802b9d0   0x0000000c   Code   RO          220    i.WriteMessage      message.o
    0x0802b9dc   0x00000064   Code   RO           86    i._123ReadCode      forminput.o
    0x0802ba40   0x00000090   Code   RO          440    i._123ReadCode      shurufa.o
    0x0802bad0   0x00000330   Code   RO          441    i._GetString_abcABC123PYWuBi  shurufa.o
    0x0802be00   0x0000022e   Code   RO          442    i._PassWordInput_MiddledDisplay  shurufa.o
    0x0802c02e   0x0000023c   Code   RO          443    i._PassWordInput_XposStartDisplay  shurufa.o
    0x0802c26a   0x00000002   PAD
    0x0802c26c   0x00000020   Code   RO         1317    i.__0printf         printfa.o(mc_w.l)
    0x0802c28c   0x00000028   Code   RO         1319    i.__0sprintf        printfa.o(mc_w.l)
    0x0802c2b4   0x00000016   Code   RO           68    i.__EepromFile_Delete  eepromfilesystem.o
    0x0802c2ca   0x00000002   PAD
    0x0802c2cc   0x00000008   Code   RO         1371    i.__aeabi_errno_addr  errno.o(mc_w.l)
    0x0802c2d4   0x0000000c   Code   RO         1372    i.__read_errno      errno.o(mc_w.l)
    0x0802c2e0   0x0000000e   Code   RO         1408    i.__scatterload_copy  handlers.o(mc_w.l)
    0x0802c2ee   0x00000002   Code   RO         1409    i.__scatterload_null  handlers.o(mc_w.l)
    0x0802c2f0   0x0000000e   Code   RO         1410    i.__scatterload_zeroinit  handlers.o(mc_w.l)
    0x0802c2fe   0x00000002   PAD
    0x0802c300   0x0000000c   Code   RO         1373    i.__set_errno       errno.o(mc_w.l)
    0x0802c30c   0x00000198   Code   RO         1324    i._fp_digits        printfa.o(mc_w.l)
    0x0802c4a4   0x00000128   Code   RO          225    i._my_DisplayBuff   my_library.o
    0x0802c5cc   0x00000700   Code   RO         1325    i._printf_core      printfa.o(mc_w.l)
    0x0802cccc   0x00000024   Code   RO         1326    i._printf_post_padding  printfa.o(mc_w.l)
    0x0802ccf0   0x0000002c   Code   RO         1327    i._printf_pre_padding  printfa.o(mc_w.l)
    0x0802cd1c   0x0000000a   Code   RO         1329    i._sputc            printfa.o(mc_w.l)
    0x0802cd26   0x00000002   PAD
    0x0802cd28   0x00000030   Code   RO          444    i.abcABC123PYWuBiArgDeInit  shurufa.o
    0x0802cd58   0x000001c0   Code   RO           87    i.abcReadCode       forminput.o
    0x0802cf18   0x00000210   Code   RO          445    i.abcReadCode       shurufa.o
    0x0802d128   0x00000060   Code   RO          348    i.abeyant           selftest.o
    0x0802d188   0x00000e18   Code   RO          560    i.addmenu           addmenu.o
    0x0802dfa0   0x00000030   Code   RO         1156    i.atof              atof.o(m_ws.l)
    0x0802dfd0   0x000000ac   Code   RO          474    i.calculate_result  tool.o
    0x0802e07c   0x0000001a   Code   RO          549    i.casesensitive     frontend.o
    0x0802e096   0x00000002   PAD
    0x0802e098   0x000003e8   Code   RO          598    i.changepass        changepass.o
    0x0802e480   0x00000024   Code   RO          123    i.clear_area        lcd.o
    0x0802e4a4   0x0000002a   Code   RO          124    i.clear_area_to_row  lcd.o
    0x0802e4ce   0x00000002   PAD
    0x0802e4d0   0x000003d8   Code   RO          617    i.cutMsg1           parsemsg1.o
    0x0802e8a8   0x00000006   Code   RO          610    i.difftime1         readfrommodem3.o
    0x0802e8ae   0x00000002   PAD
    0x0802e8b0   0x0000005c   Code   RO          611    i.difftime_sten     readfrommodem3.o
    0x0802e90c   0x000002c4   Code   RO            9    i.display_papa      callrecord.o
    0x0802ebd0   0x00000020   Code   RO          125    i.draw_line         lcd.o
    0x0802ebf0   0x00000026   Code   RO          127    i.draw_pic          lcd.o
    0x0802ec16   0x0000002c   Code   RO          128    i.draw_rect         lcd.o
    0x0802ec42   0x0000002c   Code   RO          129    i.fill_rect         lcd.o
    0x0802ec6e   0x00000002   PAD
    0x0802ec70   0x00000014   Code   RO          446    i.flashcursor       shurufa.o
    0x0802ec84   0x00000016   Code   RO          447    i.flashguangbiao_to_row  shurufa.o
    0x0802ec9a   0x00000002   PAD
    0x0802ec9c   0x0000003c   Code   RO          448    i.flightcursor      shurufa.o
    0x0802ecd8   0x00000354   Code   RO          597    i.footer            footer.o
    0x0802f02c   0x00000024   Code   RO          226    i.fputc             my_library.o
    0x0802f050   0x00000034   Code   RO         1160    i.fread             fread.o(mc_w.l)
    0x0802f084   0x00000050   Code   RO         1331    i.free              malloc.o(mc_w.l)
    0x0802f0d4   0x0000003c   Code   RO          551    i.frontend          frontend.o
    0x0802f110   0x00000078   Code   RO          478    i.get_ucs2_offset   ucs2_to_gb2312.o
    0x0802f188   0x00000394   Code   RO          596    i.header            header.o
    0x0802f51c   0x00000002   Code   RO          163    i.kmy_OneMiliSecondCallThread  main.o
    0x0802f51e   0x00000002   PAD
    0x0802f520   0x00000040   Code   RO          536    i.kmy_WifiInit      kmy_wifi.o
    0x0802f560   0x00000098   Code   RO          552    i.loadmainmenu      frontend.o
    0x0802f5f8   0x00000100   Code   RO          554    i.loadprintersetting  frontend.o
    0x0802f6f8   0x0000004c   Code   RO          555    i.loadreport        frontend.o
    0x0802f744   0x00000028   Code   RO          164    i.main              main.o
    0x0802f76c   0x0000006c   Code   RO         1332    i.malloc            malloc.o(mc_w.l)
    0x0802f7d8   0x00000032   Code   RO           77    i.move_point_to_record  fileoperate.o
    0x0802f80a   0x0000003c   Code   RO           78    i.move_point_to_segment  fileoperate.o
    0x0802f846   0x00000002   PAD
    0x0802f848   0x00000188   Code   RO          449    i.my_AccordPointInsertEdit  shurufa.o
    0x0802f9d0   0x00000022   Code   RO          247    i.my_AsciiToOctor   mypure_library.o
    0x0802f9f2   0x000000fc   Code   RO          227    i.my_DisplayBuff    my_library.o
    0x0802faee   0x000000e6   Code   RO          241    i.my_DisplayMenuPercent  my_menuop.o
    0x0802fbd4   0x00000026   Code   RO          251    i.my_FFstrstr       mypure_library.o
    0x0802fbfa   0x00000008   Code   RO          228    i.my_GetCurrentMs   my_library.o
    0x0802fc02   0x00000018   Code   RO          255    i.my_MovePointToHex  mypure_library.o
    0x0802fc1a   0x0000003e   Code   RO          310    i.my_OperateDisplay_KEY_DOWN  phonebook.o
    0x0802fc58   0x00000042   Code   RO          311    i.my_OperateDisplay_KEY_UP  phonebook.o
    0x0802fc9a   0x00000002   PAD
    0x0802fc9c   0x00000030   Code   RO          261    i.my_TwoAscciiToOneHex  mypure_library.o
    0x0802fccc   0x0000003c   Code   RO          264    i.my_buff_TwoAscciiToOneHex  mypure_library.o
    0x0802fd08   0x00000054   Code   RO          232    i.my_charhexprintf_buff  my_library.o
    0x0802fd5c   0x0000003c   Code   RO          265    i.my_itoa           mypure_library.o
    0x0802fd98   0x0000004a   Code   RO          233    i.my_movePointToNextLine  my_library.o
    0x0802fde2   0x0000002c   Code   RO          234    i.my_movePointToPrevLine  my_library.o
    0x0802fe0e   0x0000005a   Code   RO          235    i.my_strcat_insert  my_library.o
    0x0802fe68   0x00000026   Code   RO          273    i.my_strcpy_DeleteTailByte  mypure_library.o
    0x0802fe8e   0x00000024   Code   RO          274    i.my_strcpy_EncounterHexEnd  mypure_library.o
    0x0802feb2   0x00000030   Code   RO          130    i.my_strcpy_fillspace  lcd.o
    0x0802fee2   0x00000036   Code   RO          131    i.my_strcpy_fillspace_bytes  lcd.o
    0x0802ff18   0x00000020   Code   RO          276    i.my_strdel         mypure_library.o
    0x0802ff38   0x0000004c   Code   RO          281    i.my_string_insert  mypure_library.o
    0x0802ff84   0x00000024   Code   RO          586    i.myprintf          myprintf.o
    0x0802ffa8   0x000000a4   Code   RO          592    i.popup             popup.o
    0x0803004c   0x00000024   Code   RO          132    i.reverse_area      lcd.o
    0x08030070   0x0000002e   Code   RO          133    i.reverse_area_to_row  lcd.o
    0x0803009e   0x00000002   PAD
    0x080300a0   0x00000038   Code   RO          422    i.searchPosInItems  setting.o
    0x080300d8   0x000001cc   Code   RO          561    i.selectmenu        addmenu.o
    0x080302a4   0x00000028   Code   RO          100    i.send_at_cmd       gprs.o
    0x080302cc   0x000000c4   Code   RO          101    i.send_at_cmd_and_receive  gprs.o
    0x08030390   0x000000ac   Code   RO          102    i.send_at_cmd_and_return  gprs.o
    0x0803043c   0x0000002c   Code   RO          537    i.send_wifi_cmd     kmy_wifi.o
    0x08030468   0x000000b0   Code   RO          538    i.send_wifi_cmd_and_norespone  kmy_wifi.o
    0x08030518   0x000000b8   Code   RO          539    i.send_wifi_cmd_and_receive  kmy_wifi.o
    0x080305d0   0x00000114   Code   RO          105    i.set_apn           gprs.o
    0x080306e4   0x00000016   Code   RO          134    i.set_contrast      lcd.o
    0x080306fa   0x00000002   PAD
    0x080306fc   0x0000109c   Code   RO          556    i.setdata           frontend.o
    0x08031798   0x00000108   Code   RO          590    i.showdetForDigit   viewdetails.o
    0x080318a0   0x00000124   Code   RO          591    i.showdetails       viewdetails.o
    0x080319c4   0x000001d0   Code   RO          619    i.signalstrenth     sigstrength.o
    0x08031b94   0x0000004e   Code   RO          450    i.srf_strcat_insert  shurufa.o
    0x08031be2   0x0000002e   Code   RO          135    i.steaddraw_pic_to_row_x  lcd.o
    0x08031c10   0x00000030   Code   RO          136    i.text_out_length   lcd.o
    0x08031c40   0x00000030   Code   RO          137    i.text_out_to_row   lcd.o
    0x08031c70   0x0000002c   Code   RO          138    i.text_out_to_row_Language2  lcd.o
    0x08031c9c   0x0000003c   Code   RO          139    i.text_out_to_row_fillSpace  lcd.o
    0x08031cd8   0x0000001c   Code   RO          140    i.text_out_to_row_x  lcd.o
    0x08031cf4   0x00000038   Code   RO          141    i.text_out_to_row_x_Language2  lcd.o
    0x08031d2c   0x00000040   Code   RO          142    i.text_out_to_row_x_fillSpace  lcd.o
    0x08031d6c   0x00000290   Code   RO          480    i.ucs2str_to_gb2312str  ucs2_to_gb2312.o
    0x08031ffc   0x00000088   Code   RO           10    i.unRecvdCalls      callrecord.o
    0x08032084   0x00000010   Code   RO          612    i.write             readfrommodem3.o
    0x08032094   0x0000002c   Data   RO           11    .constdata          callrecord.o
    0x080320c0   0x00000080   Data   RO           70    .constdata          eepromfilesystem.o
    0x08032140   0x00000050   Data   RO           88    .constdata          forminput.o
    0x08032190   0x00000f00   Data   RO          165    .constdata          main.o
    0x08033090   0x0000008c   Data   RO          222    .constdata          message.o
    0x0803311c   0x00000110   Data   RO          284    .constdata          mypure_library.o
    0x0803322c   0x00000154   Data   RO          313    .constdata          phonebook.o
    0x08033380   0x00005670   Data   RO          349    .constdata          selftest.o
    0x080389f0   0x00000198   Data   RO          424    .constdata          setting.o
    0x08038b88   0x00000050   Data   RO          451    .constdata          shurufa.o
    0x08038bd8   0x0000052c   Data   RO          475    .constdata          tool.o
    0x08039104   0x000042a8   Data   RO          481    .constdata          ucs2_to_gb2312.o
    0x0803d3ac   0x00000438   Data   RO          487    .constdata          transaction.o
    0x0803d7e4   0x000000cc   Data   RO          543    .constdata          kmy_wifi.o
    0x0803d8b0   0x0000007c   Data   RO          562    .constdata          addmenu.o
    0x0803d92c   0x00000053   Data   RO          614    .constdata          readfrommodem3.o
    0x0803d97f   0x00000600   Data   RO         1124    .constdata          kmy_lcddrv.o(kmy_app_drv.lib)
    0x0803df7f   0x00000001   PAD
    0x0803df80   0x00000080   Data   RO         1130    .constdata          kmy_printerdrv.o(kmy_app_drv.lib)
    0x0803e000   0x0000000f   Data   RO         1134    .constdata          kmy_psamdrv.o(kmy_app_drv.lib)
    0x0803e00f   0x00000001   PAD
    0x0803e010   0x0000004c   Data   RO         1142    .constdata          kmy_time.o(kmy_app_drv.lib)
    0x0803e05c   0x0000001a   Data   RO         1146    .constdata          kmy_usart1drv.o(kmy_app_drv.lib)
    0x0803e076   0x00000081   Data   RO         1384    .constdata          ctype_o.o(mc_w.l)
    0x0803e0f7   0x00000001   PAD
    0x0803e0f8   0x00000004   Data   RO         1385    .constdata          ctype_o.o(mc_w.l)
    0x0803e0fc   0x0000005a   Data   RO           12    .conststring        callrecord.o
    0x0803e156   0x00000079   Data   RO           89    .conststring        forminput.o
    0x0803e1cf   0x00000071   Data   RO          166    .conststring        main.o
    0x0803e240   0x000001c5   Data   RO          223    .conststring        message.o
    0x0803e405   0x000000e2   Data   RO          314    .conststring        phonebook.o
    0x0803e4e7   0x00000369   Data   RO          350    .conststring        selftest.o
    0x0803e850   0x0000071b   Data   RO          425    .conststring        setting.o
    0x0803ef6b   0x000000dd   Data   RO          476    .conststring        tool.o
    0x0803f048   0x00000020   Data   RO         1406    Region$$Table       anon$$obj.o


    Execution Region RW_IRAM1 (Base: 0x20000000, Size: 0x0000c2f8, Max: 0x00010000, ABSOLUTE, COMPRESSED[0x00000a1c])

    Base Addr    Size         Type   Attr      Idx    E Section Name        Object

    0x20000000   0x00000030   Data   RW           13    .data               callrecord.o
    0x20000030   0x00000018   Data   RW           22    .data               cursor.o
    0x20000048   0x00000002   Data   RW           71    .data               eepromfilesystem.o
    0x2000004a   0x00000002   Data   RW          143    .data               lcd.o
    0x2000004c   0x0000006e   Data   RW          167    .data               main.o
    0x200000ba   0x00000002   PAD
    0x200000bc   0x00000175   Data   RW          224    .data               message.o
    0x20000231   0x00000003   PAD
    0x20000234   0x000001cc   Data   RW          315    .data               phonebook.o
    0x20000400   0x0000021c   Data   RW          351    .data               selftest.o
    0x2000061c   0x00000814   Data   RW          426    .data               setting.o
    0x20000e30   0x0000000c   Data   RW          453    .data               shurufa.o
    0x20000e3c   0x0000003c   Data   RW          477    .data               tool.o
    0x20000e78   0x00000004   Data   RW          544    .data               kmy_wifi.o
    0x20000e7c   0x000000d6   Data   RW          548    .data               barcode.o
    0x20000f52   0x00000002   PAD
    0x20000f54   0x000000da   Data   RW          558    .data               frontend.o
    0x2000102e   0x00000002   PAD
    0x20001030   0x00000100   Data   RW          615    .data               readfrommodem3.o
    0x20001130   0x00000004   Data   RW          620    .data               sigstrength.o
    0x20001134   0x00000014   Data   RW          899    .data               stm32f10x_rcc.o
    0x20001148   0x0000000c   Data   RW         1121    .data               kmy_keydrv.o(kmy_app_drv.lib)
    0x20001154   0x00000024   Data   RW         1127    .data               kmy_magcardpadrv.o(kmy_app_drv.lib)
    0x20001178   0x0000003c   Data   RW         1131    .data               kmy_printerdrv.o(kmy_app_drv.lib)
    0x200011b4   0x00000064   Data   RW         1135    .data               kmy_psamdrv.o(kmy_app_drv.lib)
    0x20001218   0x0000000a   Data   RW         1138    .data               kmy_rfdrv.o(kmy_app_drv.lib)
    0x20001222   0x00000002   PAD
    0x20001224   0x00000018   Data   RW         1143    .data               kmy_time.o(kmy_app_drv.lib)
    0x2000123c   0x00000008   Data   RW         1147    .data               kmy_usart1drv.o(kmy_app_drv.lib)
    0x20001244   0x00000008   Data   RW         1150    .data               kmy_usart3drv.o(kmy_app_drv.lib)
    0x2000124c   0x00000008   Data   RW         1154    .data               kmy_wifi_usartdrv.o(kmy_app_drv.lib)
    0x20001254   0x00000004   Data   RW         1180    .data               stdout.o(mc_w.l)
    0x20001258   0x00000004   Data   RW         1184    .data               rand.o(mc_w.l)
    0x2000125c   0x00000004   Data   RW         1196    .data               strtok.o(mc_w.l)
    0x20001260   0x00000004   Data   RW         1369    .data               mvars.o(mc_w.l)
    0x20001264   0x00000004   Data   RW         1370    .data               mvars.o(mc_w.l)
    0x20001268   0x00000004   Data   RW         1374    .data               errno.o(mc_w.l)
    0x2000126c   0x00000040   Zero   RW           69    .bss                eepromfilesystem.o
    0x200012ac   0x0000058c   Zero   RW          221    .bss                message.o
    0x20001838   0x00000126   Zero   RW          312    .bss                phonebook.o
    0x2000195e   0x00000824   Zero   RW          423    .bss                setting.o
    0x20002182   0x00000002   PAD
    0x20002184   0x00000564   Zero   RW          542    .bss                kmy_wifi.o
    0x200026e8   0x00000a4f   Zero   RW          557    .bss                frontend.o
    0x20003137   0x00000001   PAD
    0x20003138   0x00002216   Zero   RW          613    .bss                readfrommodem3.o
    0x2000534e   0x00000400   Zero   RW         1123    .bss                kmy_lcddrv.o(kmy_app_drv.lib)
    0x2000574e   0x00000084   Zero   RW         1133    .bss                kmy_psamdrv.o(kmy_app_drv.lib)
    0x200057d2   0x0000005a   Zero   RW         1137    .bss                kmy_rfdrv.o(kmy_app_drv.lib)
    0x2000582c   0x000000c8   Zero   RW         1145    .bss                kmy_usart1drv.o(kmy_app_drv.lib)
    0x200058f4   0x00002000   Zero   RW         1149    .bss                kmy_usart3drv.o(kmy_app_drv.lib)
    0x200078f4   0x00000800   Zero   RW         1153    .bss                kmy_wifi_usartdrv.o(kmy_app_drv.lib)
    0x200080f4   0x00000004   PAD
    0x200080f8   0x00000200   Zero   RW         1096    HEAP                startup_stm32f10x_hd_vl.o
    0x200082f8   0x00004000   Zero   RW         1095    STACK               startup_stm32f10x_hd_vl.o


==============================================================================

Image component sizes


      Code (inc. data)   RO Data    RW Data    ZI Data      Debug   Object Name

      4068        812        124          0          0          0   addmenu.o
       944         34          0        214          0          0   barcode.o
      1492        264        134         48          0          0   callrecord.o
      1000        290          0          0          0          0   changepass.o
       424         22          0         24          0          0   cursor.o
      2830        384        128          2         64          0   eepromfilesystem.o
       272          0          0          0          0          0   fileoperate.o
       852        240          0          0          0          0   footer.o
      3646        150        201          0          0          0   forminput.o
      4822        550          0        218       2639          0   frontend.o
      1306        220          0          0          0          0   gprs.o
       916        274          0          0          0          0   header.o
      3080        686          0          0          0          0   initializemodem.o
       180          4          0          0          0          0   key.o
      4220        480          0          0          0          0   keyboard.o
      4660       1276        204          4       1380          0   kmy_wifi.o
      1042         28          0          2          0          0   lcd.o
       774        256       3953        110          0          0   main.o
      3342         48          0          0          0          0   menuoperate.o
      4436       1070        593        373       1420          0   message.o
       136         24          0          0          0          0   misc.o
       308        108          0          0          0          0   msgsend.o
       884         32          0          0          0          0   my_library.o
       532          0          0          0          0          0   my_menuop.o
        36         10          0          0          0          0   myprintf.o
       446          6        272          0          0          0   mypure_library.o
       984        174          0          0          0          0   parsemsg1.o
      4592        828        566        460        294          0   phonebook.o
       164         26          0          0          0          0   popup.o
     16466       3222         83        256       8726          0   readfrommodem3.o
     11624       4316      23001        540          0          0   selftest.o
     17624       6136       2227       2068       2084          0   setting.o
      4486        238         80         12          0          0   shurufa.o
       464         44          0          4          0          0   sigstrength.o
       180         60          0          0          0          0   sim900b.o
        36          8        308          0      16896          0   startup_stm32f10x_hd_vl.o
       478         22          0          0          0          0   stm32f10x_adc.o
        92         36          0          0          0          0   stm32f10x_bkp.o
       220         26          0          0          0          0   stm32f10x_exti.o
        48         10          0          0          0          0   stm32f10x_flash.o
       504          8          0          0          0          0   stm32f10x_gpio.o
       110         52          0          0          0          0   stm32f10x_it.o
       102         14          0          0          0          0   stm32f10x_pwr.o
       776        106          0         20          0          0   stm32f10x_rcc.o
       256         72          0          0          0          0   stm32f10x_rtc.o
       136          0          0          0          0          0   stm32f10x_spi.o
       740        106          0          0          0          0   stm32f10x_tim.o
       606          6          0          0          0          0   stm32f10x_usart.o
       272         62          0          0          0          0   storemsg.o
       304         28          0          0          0          0   system_stm32f10x.o
      3160        156       1545         60          0          0   tool.o
      1120        446       1080          0          0          0   transaction.o
       776         48      17064          0          0          0   ucs2_to_gb2312.o
       556        162          0          0          0          0   viewdetails.o

    ----------------------------------------------------------------------
    113600      23680      51595       4424      33506          0   Object Totals
         0          0         32          0          0          0   (incl. Generated)
        76          0          0          9          3          0   (incl. Padding)

    ----------------------------------------------------------------------

      Code (inc. data)   RO Data    RW Data    ZI Data      Debug   Library Member Name

        88          0          0          0          0          0   __dczerorl2.o
        32          0          0          0          0          0   _chval.o
        62          0          0          0          0          0   _sgetc.o
       152          0          0          0          0          0   _strtoul.o
        48          8          0          0          0          0   atof.o
        26          0          0          0          0          0   atoi.o
        76          2          0          0          0          0   cdrcmple.o
         8          4        133          0          0          0   ctype_o.o
        58          0          0          0          0          0   d2f.o
       414          0          0          0          0          0   dadd.o
       248          0          0          0          0          0   ddiv.o
       200          4          0          0          0          0   depilogue.o
        50          0          0          0          0          0   dfixul.o
        36          0          0          0          0          0   dflti.o
        24          0          0          0          0          0   dfltul.o
       232          0          0          0          0          0   dmul.o
         0          0          0          0          0          0   entry.o
         8          4          0          0          0          0   entry2.o
         4          0          0          0          0          0   entry5.o
         8          4          0          0          0          0   entry7.o
        32         16          0          4          0          0   errno.o
        36          0          0          0          0          0   f2d.o
        92          0          0          0          0          0   fepilogue.o
        50          0          0          0          0          0   ffixi.o
        10          0          0          0          0          0   ffltui.o
         8          0          0          0          0          0   fgetc.o
       102          0          0          0          0          0   fmul.o
        52          0          0          0          0          0   fread.o
        30          0          0          0          0          0   handlers.o
        36          8          0          0          0          0   init.o
        18          0          0          0          0          0   isspace_o.o
         0          0          0          0          0          0   iusefp.o
         0          0          0          0          0          0   iusesemig.o
       392         36          0          0          0          0   kmy_adc.o
       120          8          0          0          0          0   kmy_battarydrv.o
        72          4          0          0          0          0   kmy_beepdrv.o
      2100         58          0          0          0          0   kmy_eepromdrv.o
       956          8          0          0          0          0   kmy_flashdrv.o
       200          6          0          0          0          0   kmy_gprsdrv.o
      1652         72          0         12          0          0   kmy_keydrv.o
      2572         58       1536          0       1024          0   kmy_lcddrv.o
       572         22          0          0          0          0   kmy_lowpowerdrv.o
      3920        284          0         36          0          0   kmy_magcardpadrv.o
       196         24          0          0          0          0   kmy_misc.o
     11164        492        128         60          0          0   kmy_printerdrv.o
      3116        128         15        100        132          0   kmy_psamdrv.o
      3320         74          0         10         90          0   kmy_rfdrv.o
        88          0          0          0          0          0   kmy_tamperdrv.o
      1812         74         76         24          0          0   kmy_time.o
       588         90         26          8        200          0   kmy_usart1drv.o
       800         60          0          8       8192          0   kmy_usart3drv.o
       832         44          0          0          0          0   kmy_wifi_spi.o
       908         68          0          8       2048          0   kmy_wifi_usartdrv.o
        32          0          0          0          0          0   llshl.o
        30          0          0          0          0          0   llushr.o
       188         22          0          0          0          0   malloc.o
        26          0          0          0          0          0   memcmp.o
        36          0          0          0          0          0   memcpya.o
        38          0          0          0          0          0   memseta.o
         0          0          0          8          0          0   mvars.o
      2362        108          0          0          0          0   printfa.o
        36         10          0          4          0          0   rand.o
       828         30          0          0          0          0   scanf_fp.o
         0          0          0          4          0          0   stdout.o
        28          0          0          0          0          0   strcat.o
        28          0          0          0          0          0   strcmp.o
        18          0          0          0          0          0   strcpy.o
        16          0          0          0          0          0   strlen.o
        40          0          0          0          0          0   strncat.o
        24          0          0          0          0          0   strncpy.o
        44          0          0          0          0          0   strstr.o
       152         12          0          0          0          0   strtod.o
        68          4          0          4          0          0   strtok.o
       112          0          0          0          0          0   strtol.o
        12          0          0          0          0          0   tolower.o
        44          0          0          0          0          0   uidiv.o
        90          0          0          0          0          0   uldiv.o

    ----------------------------------------------------------------------
     41888       1846       1917        292      11690          0   Library Totals
        16          0          3          2          4          0   (incl. Padding)

    ----------------------------------------------------------------------

      Code (inc. data)   RO Data    RW Data    ZI Data      Debug   Library Name

     35380       1610       1781        266      11686          0   kmy_app_drv.lib
        48          8          0          0          0          0   m_ws.l
      4816        222        133         24          0          0   mc_w.l
      1628          6          0          0          0          0   mf_w.l

    ----------------------------------------------------------------------
     41888       1846       1917        292      11690          0   Library Totals

    ----------------------------------------------------------------------

==============================================================================


      Code (inc. data)   RO Data    RW Data    ZI Data      Debug   

    155488      25526      53512       4716      45196          0   Grand Totals
    155488      25526      53512       2588      45196          0   ELF Image Totals (compressed)
    155488      25526      53512       2588          0          0   ROM Totals

==============================================================================

    Total RO  Size (Code + RO Data)               209000 ( 204.10kB)
    Total RW  Size (RW Data + ZI Data)             49912 (  48.74kB)
    Total ROM Size (Code + RO Data + RW Data)     211588 ( 206.63kB)

==============================================================================

