<!doctype html public "-//w3c//dtd html 4.0 transitional//en">
<html><head>
<title>Static Call Graph - [.\obj\main.axf]</title></head>
<body><HR>
<H1>Static Call Graph for image .\obj\main.axf</H1><HR>
<BR><P>#&#060CALLGRAPH&#062# ARM Linker, RVCT4.0 [Build 524]: Last Updated: Fri Jun 27 16:52:05 2014
<BR><P>
<H3>Maximum Stack Usage =          0 bytes + Unknown(Cycles, Untraceable Function Pointers)</H3><H3>
Call chain for Maximum Stack Depth:</H3>

<P>
<H3>
Mutually Recursive functions
</H3> <LI><a href="#[2469078]">ADC1_IRQHandler</a>&nbsp;&nbsp;&nbsp;&rArr;&nbsp;&nbsp;&nbsp;<a href="#[2469078]">ADC1_IRQHandler</a><BR>
 <LI><a href="#[15433a0]">PrntChar</a>&nbsp;&nbsp;&nbsp;&rArr;&nbsp;&nbsp;&nbsp;<a href="#[15433a0]">PrntChar</a><BR>
 <LI><a href="#[25df874]">_float_round</a>&nbsp;&nbsp;&nbsp;&rArr;&nbsp;&nbsp;&nbsp;<a href="#[25df874]">_float_round</a><BR>
</UL>
<P>
<H3>
Function Pointers
</H3><UL>
 <LI><a href="#[148a3c4]">unRecvdCalls</a>
 <LI><a href="#[148a43c]">RecvdCalls</a>
 <LI><a href="#[148a4b4]">DialledNO</a>
 <LI><a href="#[148a4f0]">Delete_all_record</a>
 <LI><a href="#[1484334]">Download_File</a>
 <LI><a href="#[148a388]">MainMenuScreen_Calls</a>
 <LI><a href="#[14842bc]">MainMenuScreen_Settings</a>
 <LI><a href="#[1484280]">MainMenuScreen_ToolBox</a>
 <LI><a href="#[1484190]">SelfTest</a>
 <LI><a href="#[1481cc4]">Message_delete_this</a>
 <LI><a href="#[1481d00]">Message_delete_all</a>
 <LI><a href="#[1482048]">WriteMessage</a>
 <LI><a href="#[1481c10]">ReceiveMailBox</a>
 <LI><a href="#[1482174]">MobileQQ</a>
 <LI><a href="#[14820fc]">SendedMessage</a>
 <LI><a href="#[1482138]">SendedBox</a>
 <LI><a href="#[1482318]">DraftBox</a>
 <LI><a href="#[14821b0]">MessageSet</a>
 <LI><a href="#[14821ec]">MessageCapacity</a>
 <LI><a href="#[1482390]">ColorWriteMessage</a>
 <LI><a href="#[1482444]">ColorReceiveMailBox</a>
 <LI><a href="#[14823cc]">ColorSendedMessage</a>
 <LI><a href="#[1482408]">ColorSendedBox</a>
 <LI><a href="#[14824f8]">ColorDraftBox</a>
 <LI><a href="#[1482480]">ColorMessageSet</a>
 <LI><a href="#[14824bc]">ColorMessageCapacity</a>
 <LI><a href="#[14825ac]">BroadCastRead</a>
 <LI><a href="#[1482570]">BroadCastStart</a>
 <LI><a href="#[1482624]">BroadCastChannelSet</a>
 <LI><a href="#[14825e8]">BroadCastLanguageSelect</a>
 <LI><a href="#[1482084]">VoiceBoxReceive</a>
 <LI><a href="#[14820c0]">VoiceBoxNumberSet</a>
 <LI><a href="#[14822a0]">MainMenuScreen_Message_ShortMessage</a>
 <LI><a href="#[14822dc]">MainMenuScreen_Message_ColorMessage</a>
 <LI><a href="#[1482228]">MainMenuScreen_Message_XiaoquGuanbo</a>
 <LI><a href="#[1482264]">MainMenuScreen_Message_VoiceMailbox</a>
 <LI><a href="#[147e754]">PhoneAddName</a>
 <LI><a href="#[147e718]">PhoneAddNumber</a>
 <LI><a href="#[147e6a0]">PhoneAddZuoJi</a>
 <LI><a href="#[147e790]">PhoneAddEmail</a>
 <LI><a href="#[147e7cc]">PhoneAddBeiZhu</a>
 <LI><a href="#[147e6dc]">PhoneAddSave</a>
 <LI><a href="#[147e448]">PhoneHandleNameXiuGai</a>
 <LI><a href="#[147e484]">PhoneHandleNameDelete</a>
 <LI><a href="#[147e574]">PhoneHandleCall</a>
 <LI><a href="#[147e394]">PhoneHandleSendmassage</a>
 <LI><a href="#[147e3d0]">PhoneHandleSendcolormassage</a>
 <LI><a href="#[147e4fc]">PhoneHandleIPCall</a>
 <LI><a href="#[147e358]">PhoneHandleSetRefuseNumber</a>
 <LI><a href="#[147e574]">PhoneHandleCall</a>
 <LI><a href="#[147e394]">PhoneHandleSendmassage</a>
 <LI><a href="#[147e3d0]">PhoneHandleSendcolormassage</a>
 <LI><a href="#[147e4fc]">PhoneHandleIPCall</a>
 <LI><a href="#[147e358]">PhoneHandleSetRefuseNumber</a>
 <LI><a href="#[147e4c0]">PhoneHandleName</a>
 <LI><a href="#[147e40c]">PhoneHandleNumber</a>
 <LI><a href="#[147e31c]">PhoneHandleZuoJi</a>
 <LI><a href="#[147e538]">PhoneHandleEmail</a>
 <LI><a href="#[147e5b0]">PhoneHandleBeiZhu</a>
 <LI><a href="#[147e754]">PhoneAddName</a>
 <LI><a href="#[147e718]">PhoneAddNumber</a>
 <LI><a href="#[147e6a0]">PhoneAddZuoJi</a>
 <LI><a href="#[147e790]">PhoneAddEmail</a>
 <LI><a href="#[147e7cc]">PhoneAddBeiZhu</a>
 <LI><a href="#[147e6dc]">PhoneAddSave</a>
 <LI><a href="#[147e5ec]">PhoneExplorer</a>
 <LI><a href="#[147e2a4]">PhoneSearch</a>
 <LI><a href="#[147e808]">PhoneAdd</a>
 <LI><a href="#[147e628]">PhoneDeleteAll</a>
 <LI><a href="#[147ceb8]">TemporaryNotProvideThisFunction</a>
 <LI><a href="#[147ceb8]">TemporaryNotProvideThisFunction</a>
 <LI><a href="#[147d6ec]">ExternalSerail1_GSMModule</a>
 <LI><a href="#[147d6b0]">ExternalSerail1_WiFiModule</a>
 <LI><a href="#[147d098]">ReadEepromPage</a>
 <LI><a href="#[147d7a0]">EraseEepromPage</a>
 <LI><a href="#[147d458]">SelfTest_ReadEepromPage0_30</a>
 <LI><a href="#[147d764]">EraseEepromPage0_30</a>
 <LI><a href="#[147d728]">EraseFlashPage</a>
 <LI><a href="#[147d674]">ReadFlashPage</a>
 <LI><a href="#[147d3a4]">WriteFlashPage</a>
 <LI><a href="#[147cf30]">SelfTest_Soft</a>
 <LI><a href="#[147d188]">FromInput_Test</a>
 <LI><a href="#[147d584]">SelfTest_Key</a>
 <LI><a href="#[147d638]">SelfTest_BEEP</a>
 <LI><a href="#[147d548]">SelfTest_MagCard</a>
 <LI><a href="#[147d5fc]">SelfTest_BatVoltage</a>
 <LI><a href="#[147d4d0]">SelfTest_Printer</a>
 <LI><a href="#[147d50c]">SelfTest_MakeCall</a>
 <LI><a href="#[147d41c]">SelfTest_SendSMS</a>
 <LI><a href="#[147d020]">SelfTest_PSAM1Test</a>
 <LI><a href="#[147cfe4]">SelfTest_PSAM2Test</a>
 <LI><a href="#[147d05c]">SelfTest_ICTest</a>
 <LI><a href="#[147ceb8]">TemporaryNotProvideThisFunction</a>
 <LI><a href="#[147ceb8]">TemporaryNotProvideThisFunction</a>
 <LI><a href="#[147d5c0]">SelfTest_DisplayFont</a>
 <LI><a href="#[147d494]">SelfTest_PrinterFont</a>
 <LI><a href="#[147d3e0]">UpgradeChinese</a>
 <LI><a href="#[147cf6c]">SelfTest_ReceiveMessage</a>
 <LI><a href="#[1481c10]">ReceiveMailBox</a>
 <LI><a href="#[147cef4]">SoftWare_Debug</a>
 <LI><a href="#[147cfa8]">SelfTest_RF</a>
 <LI><a href="#[154a588]">Polish_Display_Keytone_Close</a>
 <LI><a href="#[154a54c]">Polish_Display_Keytone_Open</a>
 <LI><a href="#[154a510]">Polish_Display_Model_Close</a>
 <LI><a href="#[154a4d4]">Polish_Display_Model_Open</a>
 <LI><a href="#[154a81c]">LanguageSet_Chinese</a>
 <LI><a href="#[154a7e0]">LanguageSet_English</a>
 <LI><a href="#[154accc]">BasicApnSetApn</a>
 <LI><a href="#[154ac54]">BasicApnSetUsername</a>
 <LI><a href="#[154ac90]">BasicApnSetPassword</a>
 <LI><a href="#[154aa74]">DisplayVersion</a>
 <LI><a href="#[154aab0]">DisplayCID</a>
 <LI><a href="#[154a9fc]">Display_IMEI</a>
 <LI><a href="#[154aa38]">Display_ChipId</a>
 <LI><a href="#[154a984]">Display_RandomNumber</a>
 <LI><a href="#[154a9c0]">Display_KMY_LibVersion</a>
 <LI><a href="#[154a6b4]">NetworkSet_GPRS</a>
 <LI><a href="#[154a678]">NetworkSet_WiFi</a>
 <LI><a href="#[154aba0]">ContrastSet</a>
 <LI><a href="#[154ac18]">BasicKeyTone</a>
 <LI><a href="#[154a72c]">Model_Set</a>
 <LI><a href="#[154a2f4]">TimeDateSet</a>
 <LI><a href="#[154ad08]">BasicApnSet</a>
 <LI><a href="#[154a498]">PowerOffScreenTime</a>
 <LI><a href="#[154a858]">LanguageSet</a>
 <LI><a href="#[15499d0]">ReadSomeMessage</a>
 <LI><a href="#[154a6f0]">NetworkSet</a>
 <LI><a href="#[1484190]">SelfTest</a>
 <LI><a href="#[154a5c4]">PIN_OpenClose</a>
 <LI><a href="#[154a600]">PIN_Change</a>
 <LI><a href="#[1481ae4]">PIN_Store</a>
 <LI><a href="#[154991c]">UpdateParameter</a>
 <LI><a href="#[154a63c]">OpPsword</a>
 <LI><a href="#[154a894]">IpAddSet</a>
 <LI><a href="#[1549a0c]">PinSet</a>
 <LI><a href="#[154a45c]">RestoreChuChangSet</a>
 <LI><a href="#[154ab28]">Delete_log</a>
 <LI><a href="#[154a36c]">TerminalIDSet</a>
 <LI><a href="#[154a330]">TerminalPasswordSet</a>
 <LI><a href="#[154a90c]">FormatEEPROM</a>
 <LI><a href="#[1549bb0]">BasicSettings</a>
 <LI><a href="#[1549bec]">AdvancedSet</a>
 <LI><a href="#[15498a4]">WIFISet</a>
 <LI><a href="#[154a7a4]">LoclaIPSet</a>
 <LI><a href="#[154a8d0]">GatewaySet</a>
 <LI><a href="#[154a768]">MaskSet</a>
 <LI><a href="#[154ab64]">DNSSet</a>
 <LI><a href="#[154a3e4]">SearchWLANSet</a>
 <LI><a href="#[154a240]">WIFIParmeterSet</a>
 <LI><a href="#[15498e0]">WANSet</a>
 <LI><a href="#[154a2b8]">WIFIConnectTCP</a>
 <LI><a href="#[154a3a8]">SetWifiDefault</a>
 <LI><a href="#[154a420]">SSIDSet</a>
 <LI><a href="#[154a204]">WPManage</a>
 <LI><a href="#[154abdc]">CSModeSet</a>
 <LI><a href="#[154aaec]">DhcpSet</a>
 <LI><a href="#[154a18c]">WifiworkmodeSet</a>
 <LI><a href="#[154a948]">EncTypeSet</a>
 <LI><a href="#[154a27c]">WIFIParStore</a>
 <LI><a href="#[154a27c]">WIFIParStore</a>
 <LI><a href="#[154a27c]">WIFIParStore</a>
 <LI><a href="#[154a27c]">WIFIParStore</a>
 <LI><a href="#[154a27c]">WIFIParStore</a>
 <LI><a href="#[154a27c]">WIFIParStore</a>
 <LI><a href="#[154a27c]">WIFIParStore</a>
 <LI><a href="#[154a27c]">WIFIParStore</a>
 <LI><a href="#[154a27c]">WIFIParStore</a>
 <LI><a href="#[154a27c]">WIFIParStore</a>
 <LI><a href="#[154a27c]">WIFIParStore</a>
 <LI><a href="#[147e2e0]">MainMenuScreen_ToolBox_PhoneBook</a>
 <LI><a href="#[1547c84]">Calculator</a>
 <LI><a href="#[1547c48]">Calendar</a>
 <LI><a href="#[24692d0]">Reset_Handler</a>
 <LI><a href="#[2467ea8]">NMI_Handler</a>
 <LI><a href="#[2467f20]">HardFault_Handler</a>
 <LI><a href="#[2467ee4]">MemManage_Handler</a>
 <LI><a href="#[2467f98]">BusFault_Handler</a>
 <LI><a href="#[2467db8]">UsageFault_Handler</a>
 <LI><a href="#[2467e30]">SVC_Handler</a>
 <LI><a href="#[2467f5c]">DebugMon_Handler</a>
 <LI><a href="#[2467e6c]">PendSV_Handler</a>
 <LI><a href="#[2467df4]">SysTick_Handler</a>
 <LI><a href="#[2468448]">WWDG_IRQHandler</a>
 <LI><a href="#[2468a60]">PVD_IRQHandler</a>
 <LI><a href="#[24688bc]">TAMPER_IRQHandler</a>
 <LI><a href="#[24689ac]">RTC_IRQHandler</a>
 <LI><a href="#[2468b8c]">FLASH_IRQHandler</a>
 <LI><a href="#[2468a24]">RCC_IRQHandler</a>
 <LI><a href="#[2466eb8]">EXTI0_IRQHandler</a>
 <LI><a href="#[2468cb8]">EXTI1_IRQHandler</a>
 <LI><a href="#[2468c7c]">EXTI2_IRQHandler</a>
 <LI><a href="#[2468c40]">EXTI3_IRQHandler</a>
 <LI><a href="#[2468c04]">EXTI4_IRQHandler</a>
 <LI><a href="#[2469000]">DMA1_Channel1_IRQHandler</a>
 <LI><a href="#[2468fc4]">DMA1_Channel2_IRQHandler</a>
 <LI><a href="#[2468f88]">DMA1_Channel3_IRQHandler</a>
 <LI><a href="#[2468f4c]">DMA1_Channel4_IRQHandler</a>
 <LI><a href="#[2468f10]">DMA1_Channel5_IRQHandler</a>
 <LI><a href="#[2468ed4]">DMA1_Channel6_IRQHandler</a>
 <LI><a href="#[2468e98]">DMA1_Channel7_IRQHandler</a>
 <LI><a href="#[2469078]">ADC1_IRQHandler</a>
 <LI><a href="#[2468bc8]">EXTI9_5_IRQHandler</a>
 <LI><a href="#[24687cc]">TIM1_BRK_TIM15_IRQHandler</a>
 <LI><a href="#[2468718]">TIM1_UP_TIM16_IRQHandler</a>
 <LI><a href="#[2468754]">TIM1_TRG_COM_TIM17_IRQHandler</a>
 <LI><a href="#[2468790]">TIM1_CC_IRQHandler</a>
 <LI><a href="#[24d627c]">TIM2_IRQHandler</a>
 <LI><a href="#[24686a0]">TIM3_IRQHandler</a>
 <LI><a href="#[2468664]">TIM4_IRQHandler</a>
 <LI><a href="#[2468b14]">I2C1_EV_IRQHandler</a>
 <LI><a href="#[2468b50]">I2C1_ER_IRQHandler</a>
 <LI><a href="#[2468a9c]">I2C2_EV_IRQHandler</a>
 <LI><a href="#[2468ad8]">I2C2_ER_IRQHandler</a>
 <LI><a href="#[2468970]">SPI1_IRQHandler</a>
 <LI><a href="#[24d5c28]">SPI2_IRQHandler</a>
 <LI><a href="#[24d5fac]">USART1_IRQHandler</a>
 <LI><a href="#[24d6f60]">USART2_IRQHandler</a>
 <LI><a href="#[24d5d90]">USART3_IRQHandler</a>
 <LI><a href="#[2468cf4]">EXTI15_10_IRQHandler</a>
 <LI><a href="#[24689e8]">RTCAlarm_IRQHandler</a>
 <LI><a href="#[246903c]">CEC_IRQHandler</a>
 <LI><a href="#[2468880]">TIM12_IRQHandler</a>
 <LI><a href="#[2468844]">TIM13_IRQHandler</a>
 <LI><a href="#[2468808]">TIM14_IRQHandler</a>
 <LI><a href="#[2468628]">TIM5_IRQHandler</a>
 <LI><a href="#[24688f8]">SPI3_IRQHandler</a>
 <LI><a href="#[24d591c]">UART4_IRQHandler</a>
 <LI><a href="#[2468538]">UART5_IRQHandler</a>
 <LI><a href="#[24685ec]">TIM6_DAC_IRQHandler</a>
 <LI><a href="#[24685b0]">TIM7_IRQHandler</a>
 <LI><a href="#[2468e5c]">DMA2_Channel1_IRQHandler</a>
 <LI><a href="#[2468e20]">DMA2_Channel2_IRQHandler</a>
 <LI><a href="#[2468de4]">DMA2_Channel3_IRQHandler</a>
 <LI><a href="#[2468da8]">DMA2_Channel4_5_IRQHandler</a>
 <LI><a href="#[2468d6c]">DMA2_Channel5_IRQHandler</a>
 <LI><a href="#[14843ac]">main</a>
 <LI><a href="#[2469348]">SystemInit</a>
 <LI><a href="#[24d5598]">__main</a>
 <LI><a href="#[25de758]">_sgetc</a>
 <LI><a href="#[25de71c]">_sbackspace</a>
 <LI><a href="#[25deb90]">isspace</a>
 <LI><a href="#[15463e8]">ConnectSSID</a>
 <LI><a href="#[1484190]">SelfTest</a>
 <LI><a href="#[1484a3c]">Printlogo</a>
 <LI><a href="#[1481454]">fputc</a>
 <LI><a href="#[24cd528]">_sputc</a>
 <LI><a href="#[1484a3c]">Printlogo</a>
 <LI><a href="#[148a3c4]">unRecvdCalls</a>
 <LI><a href="#[148a43c]">RecvdCalls</a>
 <LI><a href="#[148a4b4]">DialledNO</a>
 <LI><a href="#[148a4f0]">Delete_all_record</a>
 <LI><a href="#[1484334]">Download_File</a>
 <LI><a href="#[148a388]">MainMenuScreen_Calls</a>
 <LI><a href="#[14842bc]">MainMenuScreen_Settings</a>
 <LI><a href="#[1484280]">MainMenuScreen_ToolBox</a>
 <LI><a href="#[1484190]">SelfTest</a>
 <LI><a href="#[1481cc4]">Message_delete_this</a>
 <LI><a href="#[1481d00]">Message_delete_all</a>
 <LI><a href="#[1482048]">WriteMessage</a>
 <LI><a href="#[1481c10]">ReceiveMailBox</a>
 <LI><a href="#[1482174]">MobileQQ</a>
 <LI><a href="#[14820fc]">SendedMessage</a>
 <LI><a href="#[1482138]">SendedBox</a>
 <LI><a href="#[1482318]">DraftBox</a>
 <LI><a href="#[14821b0]">MessageSet</a>
 <LI><a href="#[14821ec]">MessageCapacity</a>
 <LI><a href="#[1482390]">ColorWriteMessage</a>
 <LI><a href="#[1482444]">ColorReceiveMailBox</a>
 <LI><a href="#[14823cc]">ColorSendedMessage</a>
 <LI><a href="#[1482408]">ColorSendedBox</a>
 <LI><a href="#[14824f8]">ColorDraftBox</a>
 <LI><a href="#[1482480]">ColorMessageSet</a>
 <LI><a href="#[14824bc]">ColorMessageCapacity</a>
 <LI><a href="#[14825ac]">BroadCastRead</a>
 <LI><a href="#[1482570]">BroadCastStart</a>
 <LI><a href="#[1482624]">BroadCastChannelSet</a>
 <LI><a href="#[14825e8]">BroadCastLanguageSelect</a>
 <LI><a href="#[1482084]">VoiceBoxReceive</a>
 <LI><a href="#[14820c0]">VoiceBoxNumberSet</a>
 <LI><a href="#[14822a0]">MainMenuScreen_Message_ShortMessage</a>
 <LI><a href="#[14822dc]">MainMenuScreen_Message_ColorMessage</a>
 <LI><a href="#[1482228]">MainMenuScreen_Message_XiaoquGuanbo</a>
 <LI><a href="#[1482264]">MainMenuScreen_Message_VoiceMailbox</a>
 <LI><a href="#[147e754]">PhoneAddName</a>
 <LI><a href="#[147e718]">PhoneAddNumber</a>
 <LI><a href="#[147e6a0]">PhoneAddZuoJi</a>
 <LI><a href="#[147e790]">PhoneAddEmail</a>
 <LI><a href="#[147e7cc]">PhoneAddBeiZhu</a>
 <LI><a href="#[147e6dc]">PhoneAddSave</a>
 <LI><a href="#[147e448]">PhoneHandleNameXiuGai</a>
 <LI><a href="#[147e484]">PhoneHandleNameDelete</a>
 <LI><a href="#[147e574]">PhoneHandleCall</a>
 <LI><a href="#[147e394]">PhoneHandleSendmassage</a>
 <LI><a href="#[147e3d0]">PhoneHandleSendcolormassage</a>
 <LI><a href="#[147e4fc]">PhoneHandleIPCall</a>
 <LI><a href="#[147e358]">PhoneHandleSetRefuseNumber</a>
 <LI><a href="#[147e574]">PhoneHandleCall</a>
 <LI><a href="#[147e394]">PhoneHandleSendmassage</a>
 <LI><a href="#[147e3d0]">PhoneHandleSendcolormassage</a>
 <LI><a href="#[147e4fc]">PhoneHandleIPCall</a>
 <LI><a href="#[147e358]">PhoneHandleSetRefuseNumber</a>
 <LI><a href="#[147e4c0]">PhoneHandleName</a>
 <LI><a href="#[147e40c]">PhoneHandleNumber</a>
 <LI><a href="#[147e31c]">PhoneHandleZuoJi</a>
 <LI><a href="#[147e538]">PhoneHandleEmail</a>
 <LI><a href="#[147e5b0]">PhoneHandleBeiZhu</a>
 <LI><a href="#[147e754]">PhoneAddName</a>
 <LI><a href="#[147e718]">PhoneAddNumber</a>
 <LI><a href="#[147e6a0]">PhoneAddZuoJi</a>
 <LI><a href="#[147e790]">PhoneAddEmail</a>
 <LI><a href="#[147e7cc]">PhoneAddBeiZhu</a>
 <LI><a href="#[147e6dc]">PhoneAddSave</a>
 <LI><a href="#[147e5ec]">PhoneExplorer</a>
 <LI><a href="#[147e2a4]">PhoneSearch</a>
 <LI><a href="#[147e808]">PhoneAdd</a>
 <LI><a href="#[147e628]">PhoneDeleteAll</a>
 <LI><a href="#[147ceb8]">TemporaryNotProvideThisFunction</a>
 <LI><a href="#[147ceb8]">TemporaryNotProvideThisFunction</a>
 <LI><a href="#[147d6ec]">ExternalSerail1_GSMModule</a>
 <LI><a href="#[147d6b0]">ExternalSerail1_WiFiModule</a>
 <LI><a href="#[147d098]">ReadEepromPage</a>
 <LI><a href="#[147d7a0]">EraseEepromPage</a>
 <LI><a href="#[147d458]">SelfTest_ReadEepromPage0_30</a>
 <LI><a href="#[147d764]">EraseEepromPage0_30</a>
 <LI><a href="#[147d728]">EraseFlashPage</a>
 <LI><a href="#[147d674]">ReadFlashPage</a>
 <LI><a href="#[147d3a4]">WriteFlashPage</a>
 <LI><a href="#[147cf30]">SelfTest_Soft</a>
 <LI><a href="#[147d188]">FromInput_Test</a>
 <LI><a href="#[147d584]">SelfTest_Key</a>
 <LI><a href="#[147d638]">SelfTest_BEEP</a>
 <LI><a href="#[147d548]">SelfTest_MagCard</a>
 <LI><a href="#[147d5fc]">SelfTest_BatVoltage</a>
 <LI><a href="#[147d4d0]">SelfTest_Printer</a>
 <LI><a href="#[147d50c]">SelfTest_MakeCall</a>
 <LI><a href="#[147d41c]">SelfTest_SendSMS</a>
 <LI><a href="#[147d020]">SelfTest_PSAM1Test</a>
 <LI><a href="#[147cfe4]">SelfTest_PSAM2Test</a>
 <LI><a href="#[147d05c]">SelfTest_ICTest</a>
 <LI><a href="#[147ceb8]">TemporaryNotProvideThisFunction</a>
 <LI><a href="#[147ceb8]">TemporaryNotProvideThisFunction</a>
 <LI><a href="#[147d5c0]">SelfTest_DisplayFont</a>
 <LI><a href="#[147d494]">SelfTest_PrinterFont</a>
 <LI><a href="#[147d3e0]">UpgradeChinese</a>
 <LI><a href="#[147cf6c]">SelfTest_ReceiveMessage</a>
 <LI><a href="#[1481c10]">ReceiveMailBox</a>
 <LI><a href="#[147cef4]">SoftWare_Debug</a>
 <LI><a href="#[147cfa8]">SelfTest_RF</a>
 <LI><a href="#[154a588]">Polish_Display_Keytone_Close</a>
 <LI><a href="#[154a54c]">Polish_Display_Keytone_Open</a>
 <LI><a href="#[154a510]">Polish_Display_Model_Close</a>
 <LI><a href="#[154a4d4]">Polish_Display_Model_Open</a>
 <LI><a href="#[154a81c]">LanguageSet_Chinese</a>
 <LI><a href="#[154a7e0]">LanguageSet_English</a>
 <LI><a href="#[154accc]">BasicApnSetApn</a>
 <LI><a href="#[154ac54]">BasicApnSetUsername</a>
 <LI><a href="#[154ac90]">BasicApnSetPassword</a>
 <LI><a href="#[154aa74]">DisplayVersion</a>
 <LI><a href="#[154aab0]">DisplayCID</a>
 <LI><a href="#[154a9fc]">Display_IMEI</a>
 <LI><a href="#[154aa38]">Display_ChipId</a>
 <LI><a href="#[154a984]">Display_RandomNumber</a>
 <LI><a href="#[154a9c0]">Display_KMY_LibVersion</a>
 <LI><a href="#[154a6b4]">NetworkSet_GPRS</a>
 <LI><a href="#[154a678]">NetworkSet_WiFi</a>
 <LI><a href="#[154aba0]">ContrastSet</a>
 <LI><a href="#[154ac18]">BasicKeyTone</a>
 <LI><a href="#[154a72c]">Model_Set</a>
 <LI><a href="#[154a2f4]">TimeDateSet</a>
 <LI><a href="#[154ad08]">BasicApnSet</a>
 <LI><a href="#[154a498]">PowerOffScreenTime</a>
 <LI><a href="#[154a858]">LanguageSet</a>
 <LI><a href="#[15499d0]">ReadSomeMessage</a>
 <LI><a href="#[154a6f0]">NetworkSet</a>
 <LI><a href="#[1484190]">SelfTest</a>
 <LI><a href="#[154a5c4]">PIN_OpenClose</a>
 <LI><a href="#[154a600]">PIN_Change</a>
 <LI><a href="#[1481ae4]">PIN_Store</a>
 <LI><a href="#[154991c]">UpdateParameter</a>
 <LI><a href="#[154a63c]">OpPsword</a>
 <LI><a href="#[154a894]">IpAddSet</a>
 <LI><a href="#[1549a0c]">PinSet</a>
 <LI><a href="#[154a45c]">RestoreChuChangSet</a>
 <LI><a href="#[154ab28]">Delete_log</a>
 <LI><a href="#[154a36c]">TerminalIDSet</a>
 <LI><a href="#[154a330]">TerminalPasswordSet</a>
 <LI><a href="#[154a90c]">FormatEEPROM</a>
 <LI><a href="#[1549bb0]">BasicSettings</a>
 <LI><a href="#[1549bec]">AdvancedSet</a>
 <LI><a href="#[15498a4]">WIFISet</a>
 <LI><a href="#[154a7a4]">LoclaIPSet</a>
 <LI><a href="#[154a8d0]">GatewaySet</a>
 <LI><a href="#[154a768]">MaskSet</a>
 <LI><a href="#[154ab64]">DNSSet</a>
 <LI><a href="#[154a3e4]">SearchWLANSet</a>
 <LI><a href="#[154a240]">WIFIParmeterSet</a>
 <LI><a href="#[15498e0]">WANSet</a>
 <LI><a href="#[154a2b8]">WIFIConnectTCP</a>
 <LI><a href="#[154a3a8]">SetWifiDefault</a>
 <LI><a href="#[154a420]">SSIDSet</a>
 <LI><a href="#[154a204]">WPManage</a>
 <LI><a href="#[154abdc]">CSModeSet</a>
 <LI><a href="#[154aaec]">DhcpSet</a>
 <LI><a href="#[154a18c]">WifiworkmodeSet</a>
 <LI><a href="#[154a948]">EncTypeSet</a>
 <LI><a href="#[154a27c]">WIFIParStore</a>
 <LI><a href="#[154a27c]">WIFIParStore</a>
 <LI><a href="#[154a27c]">WIFIParStore</a>
 <LI><a href="#[154a27c]">WIFIParStore</a>
 <LI><a href="#[154a27c]">WIFIParStore</a>
 <LI><a href="#[154a27c]">WIFIParStore</a>
 <LI><a href="#[154a27c]">WIFIParStore</a>
 <LI><a href="#[154a27c]">WIFIParStore</a>
 <LI><a href="#[154a27c]">WIFIParStore</a>
 <LI><a href="#[154a27c]">WIFIParStore</a>
 <LI><a href="#[154a27c]">WIFIParStore</a>
 <LI><a href="#[147e2e0]">MainMenuScreen_ToolBox_PhoneBook</a>
 <LI><a href="#[1547c84]">Calculator</a>
 <LI><a href="#[1547c48]">Calendar</a>
</UL>
<P>
<H3>
Global Symbols
</H3>
<P><STRONG><a name="[24d5598]"></a>__main</STRONG> (Thumb, 0 bytes, Stack size 0 bytes, entry.o(.ARM.Collect$$$$00000000))
<BR>[Address Reference Count : 1]<UL><LI> startup_stm32f10x_hd_vl.o(.text)
</UL>
<P><STRONG><a name="[24cb05c]"></a>_main_scatterload</STRONG> (Thumb, 0 bytes, Stack size 0 bytes, entry5.o(.ARM.Collect$$$$00000004))
<BR><BR>[Calls]<UL><LI><a href="#[25df694]">&gt;&gt;</a>&nbsp;&nbsp;&nbsp;__scatterload
</UL>

<P><STRONG><a name="[24cb020]"></a>__main_after_scatterload</STRONG> (Thumb, 0 bytes, Stack size 0 bytes, entry5.o(.ARM.Collect$$$$00000004))
<BR><BR>[Called By]<UL><LI><a href="#[25df694]">&gt;&gt;</a>&nbsp;&nbsp;&nbsp;__scatterload
</UL>

<P><STRONG><a name="[24692d0]"></a>Reset_Handler</STRONG> (Thumb, 8 bytes, Stack size 0 bytes, startup_stm32f10x_hd_vl.o(.text))
<BR>[Address Reference Count : 1]<UL><LI> startup_stm32f10x_hd_vl.o(RESET)
</UL>
<P><STRONG><a name="[2469078]"></a>ADC1_IRQHandler</STRONG> (Thumb, 0 bytes, Stack size 0 bytes, startup_stm32f10x_hd_vl.o(.text))
<BR><BR>[Calls]<UL><LI><a href="#[2469078]">&gt;&gt;</a>&nbsp;&nbsp;&nbsp;ADC1_IRQHandler
</UL>
<BR>[Called By]<UL><LI><a href="#[2469078]">&gt;&gt;</a>&nbsp;&nbsp;&nbsp;ADC1_IRQHandler
</UL>
<BR>[Address Reference Count : 1]<UL><LI> startup_stm32f10x_hd_vl.o(RESET)
</UL>
<P><STRONG><a name="[246903c]"></a>CEC_IRQHandler</STRONG> (Thumb, 0 bytes, Stack size 0 bytes, startup_stm32f10x_hd_vl.o(.text))
<BR>[Address Reference Count : 1]<UL><LI> startup_stm32f10x_hd_vl.o(RESET)
</UL>
<P><STRONG><a name="[2469000]"></a>DMA1_Channel1_IRQHandler</STRONG> (Thumb, 0 bytes, Stack size 0 bytes, startup_stm32f10x_hd_vl.o(.text))
<BR>[Address Reference Count : 1]<UL><LI> startup_stm32f10x_hd_vl.o(RESET)
</UL>
<P><STRONG><a name="[2468fc4]"></a>DMA1_Channel2_IRQHandler</STRONG> (Thumb, 0 bytes, Stack size 0 bytes, startup_stm32f10x_hd_vl.o(.text))
<BR>[Address Reference Count : 1]<UL><LI> startup_stm32f10x_hd_vl.o(RESET)
</UL>
<P><STRONG><a name="[2468f88]"></a>DMA1_Channel3_IRQHandler</STRONG> (Thumb, 0 bytes, Stack size 0 bytes, startup_stm32f10x_hd_vl.o(.text))
<BR>[Address Reference Count : 1]<UL><LI> startup_stm32f10x_hd_vl.o(RESET)
</UL>
<P><STRONG><a name="[2468f4c]"></a>DMA1_Channel4_IRQHandler</STRONG> (Thumb, 0 bytes, Stack size 0 bytes, startup_stm32f10x_hd_vl.o(.text))
<BR>[Address Reference Count : 1]<UL><LI> startup_stm32f10x_hd_vl.o(RESET)
</UL>
<P><STRONG><a name="[2468f10]"></a>DMA1_Channel5_IRQHandler</STRONG> (Thumb, 0 bytes, Stack size 0 bytes, startup_stm32f10x_hd_vl.o(.text))
<BR>[Address Reference Count : 1]<UL><LI> startup_stm32f10x_hd_vl.o(RESET)
</UL>
<P><STRONG><a name="[2468ed4]"></a>DMA1_Channel6_IRQHandler</STRONG> (Thumb, 0 bytes, Stack size 0 bytes, startup_stm32f10x_hd_vl.o(.text))
<BR>[Address Reference Count : 1]<UL><LI> startup_stm32f10x_hd_vl.o(RESET)
</UL>
<P><STRONG><a name="[2468e98]"></a>DMA1_Channel7_IRQHandler</STRONG> (Thumb, 0 bytes, Stack size 0 bytes, startup_stm32f10x_hd_vl.o(.text))
<BR>[Address Reference Count : 1]<UL><LI> startup_stm32f10x_hd_vl.o(RESET)
</UL>
<P><STRONG><a name="[2468e5c]"></a>DMA2_Channel1_IRQHandler</STRONG> (Thumb, 0 bytes, Stack size 0 bytes, startup_stm32f10x_hd_vl.o(.text))
<BR>[Address Reference Count : 1]<UL><LI> startup_stm32f10x_hd_vl.o(RESET)
</UL>
<P><STRONG><a name="[2468e20]"></a>DMA2_Channel2_IRQHandler</STRONG> (Thumb, 0 bytes, Stack size 0 bytes, startup_stm32f10x_hd_vl.o(.text))
<BR>[Address Reference Count : 1]<UL><LI> startup_stm32f10x_hd_vl.o(RESET)
</UL>
<P><STRONG><a name="[2468de4]"></a>DMA2_Channel3_IRQHandler</STRONG> (Thumb, 0 bytes, Stack size 0 bytes, startup_stm32f10x_hd_vl.o(.text))
<BR>[Address Reference Count : 1]<UL><LI> startup_stm32f10x_hd_vl.o(RESET)
</UL>
<P><STRONG><a name="[2468da8]"></a>DMA2_Channel4_5_IRQHandler</STRONG> (Thumb, 0 bytes, Stack size 0 bytes, startup_stm32f10x_hd_vl.o(.text))
<BR>[Address Reference Count : 1]<UL><LI> startup_stm32f10x_hd_vl.o(RESET)
</UL>
<P><STRONG><a name="[2468d6c]"></a>DMA2_Channel5_IRQHandler</STRONG> (Thumb, 0 bytes, Stack size 0 bytes, startup_stm32f10x_hd_vl.o(.text))
<BR>[Address Reference Count : 1]<UL><LI> startup_stm32f10x_hd_vl.o(RESET)
</UL>
<P><STRONG><a name="[2468cf4]"></a>EXTI15_10_IRQHandler</STRONG> (Thumb, 0 bytes, Stack size 0 bytes, startup_stm32f10x_hd_vl.o(.text))
<BR>[Address Reference Count : 1]<UL><LI> startup_stm32f10x_hd_vl.o(RESET)
</UL>
<P><STRONG><a name="[2468cb8]"></a>EXTI1_IRQHandler</STRONG> (Thumb, 0 bytes, Stack size 0 bytes, startup_stm32f10x_hd_vl.o(.text))
<BR>[Address Reference Count : 1]<UL><LI> startup_stm32f10x_hd_vl.o(RESET)
</UL>
<P><STRONG><a name="[2468c7c]"></a>EXTI2_IRQHandler</STRONG> (Thumb, 0 bytes, Stack size 0 bytes, startup_stm32f10x_hd_vl.o(.text))
<BR>[Address Reference Count : 1]<UL><LI> startup_stm32f10x_hd_vl.o(RESET)
</UL>
<P><STRONG><a name="[2468c40]"></a>EXTI3_IRQHandler</STRONG> (Thumb, 0 bytes, Stack size 0 bytes, startup_stm32f10x_hd_vl.o(.text))
<BR>[Address Reference Count : 1]<UL><LI> startup_stm32f10x_hd_vl.o(RESET)
</UL>
<P><STRONG><a name="[2468c04]"></a>EXTI4_IRQHandler</STRONG> (Thumb, 0 bytes, Stack size 0 bytes, startup_stm32f10x_hd_vl.o(.text))
<BR>[Address Reference Count : 1]<UL><LI> startup_stm32f10x_hd_vl.o(RESET)
</UL>
<P><STRONG><a name="[2468bc8]"></a>EXTI9_5_IRQHandler</STRONG> (Thumb, 0 bytes, Stack size 0 bytes, startup_stm32f10x_hd_vl.o(.text))
<BR>[Address Reference Count : 1]<UL><LI> startup_stm32f10x_hd_vl.o(RESET)
</UL>
<P><STRONG><a name="[2468b8c]"></a>FLASH_IRQHandler</STRONG> (Thumb, 0 bytes, Stack size 0 bytes, startup_stm32f10x_hd_vl.o(.text))
<BR>[Address Reference Count : 1]<UL><LI> startup_stm32f10x_hd_vl.o(RESET)
</UL>
<P><STRONG><a name="[2468b50]"></a>I2C1_ER_IRQHandler</STRONG> (Thumb, 0 bytes, Stack size 0 bytes, startup_stm32f10x_hd_vl.o(.text))
<BR>[Address Reference Count : 1]<UL><LI> startup_stm32f10x_hd_vl.o(RESET)
</UL>
<P><STRONG><a name="[2468b14]"></a>I2C1_EV_IRQHandler</STRONG> (Thumb, 0 bytes, Stack size 0 bytes, startup_stm32f10x_hd_vl.o(.text))
<BR>[Address Reference Count : 1]<UL><LI> startup_stm32f10x_hd_vl.o(RESET)
</UL>
<P><STRONG><a name="[2468ad8]"></a>I2C2_ER_IRQHandler</STRONG> (Thumb, 0 bytes, Stack size 0 bytes, startup_stm32f10x_hd_vl.o(.text))
<BR>[Address Reference Count : 1]<UL><LI> startup_stm32f10x_hd_vl.o(RESET)
</UL>
<P><STRONG><a name="[2468a9c]"></a>I2C2_EV_IRQHandler</STRONG> (Thumb, 0 bytes, Stack size 0 bytes, startup_stm32f10x_hd_vl.o(.text))
<BR>[Address Reference Count : 1]<UL><LI> startup_stm32f10x_hd_vl.o(RESET)
</UL>
<P><STRONG><a name="[2468a60]"></a>PVD_IRQHandler</STRONG> (Thumb, 0 bytes, Stack size 0 bytes, startup_stm32f10x_hd_vl.o(.text))
<BR>[Address Reference Count : 1]<UL><LI> startup_stm32f10x_hd_vl.o(RESET)
</UL>
<P><STRONG><a name="[2468a24]"></a>RCC_IRQHandler</STRONG> (Thumb, 0 bytes, Stack size 0 bytes, startup_stm32f10x_hd_vl.o(.text))
<BR>[Address Reference Count : 1]<UL><LI> startup_stm32f10x_hd_vl.o(RESET)
</UL>
<P><STRONG><a name="[24689e8]"></a>RTCAlarm_IRQHandler</STRONG> (Thumb, 0 bytes, Stack size 0 bytes, startup_stm32f10x_hd_vl.o(.text))
<BR>[Address Reference Count : 1]<UL><LI> startup_stm32f10x_hd_vl.o(RESET)
</UL>
<P><STRONG><a name="[24689ac]"></a>RTC_IRQHandler</STRONG> (Thumb, 0 bytes, Stack size 0 bytes, startup_stm32f10x_hd_vl.o(.text))
<BR>[Address Reference Count : 1]<UL><LI> startup_stm32f10x_hd_vl.o(RESET)
</UL>
<P><STRONG><a name="[2468970]"></a>SPI1_IRQHandler</STRONG> (Thumb, 0 bytes, Stack size 0 bytes, startup_stm32f10x_hd_vl.o(.text))
<BR>[Address Reference Count : 1]<UL><LI> startup_stm32f10x_hd_vl.o(RESET)
</UL>
<P><STRONG><a name="[24688f8]"></a>SPI3_IRQHandler</STRONG> (Thumb, 0 bytes, Stack size 0 bytes, startup_stm32f10x_hd_vl.o(.text))
<BR>[Address Reference Count : 1]<UL><LI> startup_stm32f10x_hd_vl.o(RESET)
</UL>
<P><STRONG><a name="[24688bc]"></a>TAMPER_IRQHandler</STRONG> (Thumb, 0 bytes, Stack size 0 bytes, startup_stm32f10x_hd_vl.o(.text))
<BR>[Address Reference Count : 1]<UL><LI> startup_stm32f10x_hd_vl.o(RESET)
</UL>
<P><STRONG><a name="[2468880]"></a>TIM12_IRQHandler</STRONG> (Thumb, 0 bytes, Stack size 0 bytes, startup_stm32f10x_hd_vl.o(.text))
<BR>[Address Reference Count : 1]<UL><LI> startup_stm32f10x_hd_vl.o(RESET)
</UL>
<P><STRONG><a name="[2468844]"></a>TIM13_IRQHandler</STRONG> (Thumb, 0 bytes, Stack size 0 bytes, startup_stm32f10x_hd_vl.o(.text))
<BR>[Address Reference Count : 1]<UL><LI> startup_stm32f10x_hd_vl.o(RESET)
</UL>
<P><STRONG><a name="[2468808]"></a>TIM14_IRQHandler</STRONG> (Thumb, 0 bytes, Stack size 0 bytes, startup_stm32f10x_hd_vl.o(.text))
<BR>[Address Reference Count : 1]<UL><LI> startup_stm32f10x_hd_vl.o(RESET)
</UL>
<P><STRONG><a name="[24687cc]"></a>TIM1_BRK_TIM15_IRQHandler</STRONG> (Thumb, 0 bytes, Stack size 0 bytes, startup_stm32f10x_hd_vl.o(.text))
<BR>[Address Reference Count : 1]<UL><LI> startup_stm32f10x_hd_vl.o(RESET)
</UL>
<P><STRONG><a name="[2468790]"></a>TIM1_CC_IRQHandler</STRONG> (Thumb, 0 bytes, Stack size 0 bytes, startup_stm32f10x_hd_vl.o(.text))
<BR>[Address Reference Count : 1]<UL><LI> startup_stm32f10x_hd_vl.o(RESET)
</UL>
<P><STRONG><a name="[2468754]"></a>TIM1_TRG_COM_TIM17_IRQHandler</STRONG> (Thumb, 0 bytes, Stack size 0 bytes, startup_stm32f10x_hd_vl.o(.text))
<BR>[Address Reference Count : 1]<UL><LI> startup_stm32f10x_hd_vl.o(RESET)
</UL>
<P><STRONG><a name="[2468718]"></a>TIM1_UP_TIM16_IRQHandler</STRONG> (Thumb, 0 bytes, Stack size 0 bytes, startup_stm32f10x_hd_vl.o(.text))
<BR>[Address Reference Count : 1]<UL><LI> startup_stm32f10x_hd_vl.o(RESET)
</UL>
<P><STRONG><a name="[24686a0]"></a>TIM3_IRQHandler</STRONG> (Thumb, 0 bytes, Stack size 0 bytes, startup_stm32f10x_hd_vl.o(.text))
<BR>[Address Reference Count : 1]<UL><LI> startup_stm32f10x_hd_vl.o(RESET)
</UL>
<P><STRONG><a name="[2468664]"></a>TIM4_IRQHandler</STRONG> (Thumb, 0 bytes, Stack size 0 bytes, startup_stm32f10x_hd_vl.o(.text))
<BR>[Address Reference Count : 1]<UL><LI> startup_stm32f10x_hd_vl.o(RESET)
</UL>
<P><STRONG><a name="[2468628]"></a>TIM5_IRQHandler</STRONG> (Thumb, 0 bytes, Stack size 0 bytes, startup_stm32f10x_hd_vl.o(.text))
<BR>[Address Reference Count : 1]<UL><LI> startup_stm32f10x_hd_vl.o(RESET)
</UL>
<P><STRONG><a name="[24685ec]"></a>TIM6_DAC_IRQHandler</STRONG> (Thumb, 0 bytes, Stack size 0 bytes, startup_stm32f10x_hd_vl.o(.text))
<BR>[Address Reference Count : 1]<UL><LI> startup_stm32f10x_hd_vl.o(RESET)
</UL>
<P><STRONG><a name="[24685b0]"></a>TIM7_IRQHandler</STRONG> (Thumb, 0 bytes, Stack size 0 bytes, startup_stm32f10x_hd_vl.o(.text))
<BR>[Address Reference Count : 1]<UL><LI> startup_stm32f10x_hd_vl.o(RESET)
</UL>
<P><STRONG><a name="[2468538]"></a>UART5_IRQHandler</STRONG> (Thumb, 0 bytes, Stack size 0 bytes, startup_stm32f10x_hd_vl.o(.text))
<BR>[Address Reference Count : 1]<UL><LI> startup_stm32f10x_hd_vl.o(RESET)
</UL>
<P><STRONG><a name="[2468448]"></a>WWDG_IRQHandler</STRONG> (Thumb, 0 bytes, Stack size 0 bytes, startup_stm32f10x_hd_vl.o(.text))
<BR>[Address Reference Count : 1]<UL><LI> startup_stm32f10x_hd_vl.o(RESET)
</UL>
<P><STRONG><a name="[1483fec]"></a>kmyAdcInit</STRONG> (Thumb, 140 bytes, Stack size 0 bytes, kmy_adc.o(.text))
<BR><BR>[Calls]<UL><LI><a href="#[153fa34]">&gt;&gt;</a>&nbsp;&nbsp;&nbsp;ADC_StartCalibration
<LI><a href="#[153faac]">&gt;&gt;</a>&nbsp;&nbsp;&nbsp;ADC_SoftwareStartConvCmd
<LI><a href="#[153fb24]">&gt;&gt;</a>&nbsp;&nbsp;&nbsp;ADC_ResetCalibration
<LI><a href="#[153fc50]">&gt;&gt;</a>&nbsp;&nbsp;&nbsp;ADC_Init
<LI><a href="#[153fd40]">&gt;&gt;</a>&nbsp;&nbsp;&nbsp;ADC_GetResetCalibrationStatus
<LI><a href="#[153fea8]">&gt;&gt;</a>&nbsp;&nbsp;&nbsp;ADC_GetCalibrationStatus
<LI><a href="#[1540010]">&gt;&gt;</a>&nbsp;&nbsp;&nbsp;ADC_DeInit
<LI><a href="#[1540088]">&gt;&gt;</a>&nbsp;&nbsp;&nbsp;ADC_Cmd
<LI><a href="#[15435bc]">&gt;&gt;</a>&nbsp;&nbsp;&nbsp;RCC_APB2PeriphClockCmd
<LI><a href="#[15436ac]">&gt;&gt;</a>&nbsp;&nbsp;&nbsp;GPIO_Init
<LI><a href="#[246f888]">&gt;&gt;</a>&nbsp;&nbsp;&nbsp;RCC_ADCCLKConfig
</UL>
<BR>[Called By]<UL><LI><a href="#[14845c8]">&gt;&gt;</a>&nbsp;&nbsp;&nbsp;ApplicationInit
<LI><a href="#[2466738]">&gt;&gt;</a>&nbsp;&nbsp;&nbsp;KMY_WakeUpGPIOInit
</UL>

<P><STRONG><a name="[24679f8]"></a>kmyGetAdc</STRONG> (Thumb, 116 bytes, Stack size 0 bytes, kmy_adc.o(.text))
<BR><BR>[Calls]<UL><LI><a href="#[147fa14]">&gt;&gt;</a>&nbsp;&nbsp;&nbsp;__aeabi_ui2f
<LI><a href="#[147fa8c]">&gt;&gt;</a>&nbsp;&nbsp;&nbsp;__aeabi_fmul
<LI><a href="#[147fb7c]">&gt;&gt;</a>&nbsp;&nbsp;&nbsp;__aeabi_f2iz
<LI><a href="#[153faac]">&gt;&gt;</a>&nbsp;&nbsp;&nbsp;ADC_SoftwareStartConvCmd
<LI><a href="#[153fb60]">&gt;&gt;</a>&nbsp;&nbsp;&nbsp;ADC_RegularChannelConfig
<LI><a href="#[153fdf4]">&gt;&gt;</a>&nbsp;&nbsp;&nbsp;ADC_GetFlagStatus
<LI><a href="#[153fe6c]">&gt;&gt;</a>&nbsp;&nbsp;&nbsp;ADC_GetConversionValue
<LI><a href="#[1547aa4]">&gt;&gt;</a>&nbsp;&nbsp;&nbsp;__aeabi_dmul
<LI><a href="#[2467980]">&gt;&gt;</a>&nbsp;&nbsp;&nbsp;__aeabi_f2d
<LI><a href="#[24679bc]">&gt;&gt;</a>&nbsp;&nbsp;&nbsp;__aeabi_d2f
</UL>
<BR>[Called By]<UL><LI><a href="#[1483fb0]">&gt;&gt;</a>&nbsp;&nbsp;&nbsp;kmyGetVoltage
</UL>

<P><STRONG><a name="[1483fb0]"></a>kmyGetVoltage</STRONG> (Thumb, 100 bytes, Stack size 0 bytes, kmy_adc.o(.text))
<BR><BR>[Calls]<UL><LI><a href="#[24679f8]">&gt;&gt;</a>&nbsp;&nbsp;&nbsp;kmyGetAdc
<LI><a href="#[24d4260]">&gt;&gt;</a>&nbsp;&nbsp;&nbsp;__aeabi_memclr4
<LI><a href="#[24d47c4]">&gt;&gt;</a>&nbsp;&nbsp;&nbsp;__aeabi_uldivmod
</UL>
<BR>[Called By]<UL><LI><a href="#[147d5fc]">&gt;&gt;</a>&nbsp;&nbsp;&nbsp;SelfTest_BatVoltage
</UL>

<P><STRONG><a name="[1483ec0]"></a>kmy_BatInit</STRONG> (Thumb, 60 bytes, Stack size 0 bytes, kmy_battarydrv.o(.text))
<BR><BR>[Calls]<UL><LI><a href="#[15435bc]">&gt;&gt;</a>&nbsp;&nbsp;&nbsp;RCC_APB2PeriphClockCmd
<LI><a href="#[15436ac]">&gt;&gt;</a>&nbsp;&nbsp;&nbsp;GPIO_Init
</UL>
<BR>[Called By]<UL><LI><a href="#[1484028]">&gt;&gt;</a>&nbsp;&nbsp;&nbsp;frontend
<LI><a href="#[14845c8]">&gt;&gt;</a>&nbsp;&nbsp;&nbsp;ApplicationInit
<LI><a href="#[2466738]">&gt;&gt;</a>&nbsp;&nbsp;&nbsp;KMY_WakeUpGPIOInit
</UL>

<P><STRONG><a name="[1483efc]"></a>kmy_BatGetChargeStatus</STRONG> (Thumb, 26 bytes, Stack size 0 bytes, kmy_battarydrv.o(.text), UNUSED)
<BR><BR>[Calls]<UL><LI><a href="#[1543670]">&gt;&gt;</a>&nbsp;&nbsp;&nbsp;GPIO_ReadInputDataBit
</UL>

<P><STRONG><a name="[1483f38]"></a>kmy_BatGetACStatus</STRONG> (Thumb, 26 bytes, Stack size 0 bytes, kmy_battarydrv.o(.text), UNUSED)
<BR><BR>[Calls]<UL><LI><a href="#[1543670]">&gt;&gt;</a>&nbsp;&nbsp;&nbsp;GPIO_ReadInputDataBit
</UL>

<P><STRONG><a name="[1483e84]"></a>kmy_BeepInit</STRONG> (Thumb, 40 bytes, Stack size 0 bytes, kmy_beepdrv.o(.text))
<BR><BR>[Calls]<UL><LI><a href="#[15435bc]">&gt;&gt;</a>&nbsp;&nbsp;&nbsp;RCC_APB2PeriphClockCmd
<LI><a href="#[15436ac]">&gt;&gt;</a>&nbsp;&nbsp;&nbsp;GPIO_Init
</UL>
<BR>[Called By]<UL><LI><a href="#[14845c8]">&gt;&gt;</a>&nbsp;&nbsp;&nbsp;ApplicationInit
<LI><a href="#[2466738]">&gt;&gt;</a>&nbsp;&nbsp;&nbsp;KMY_WakeUpGPIOInit
</UL>

<P><STRONG><a name="[14861e8]"></a>kmy_BeepOn</STRONG> (Thumb, 14 bytes, Stack size 0 bytes, kmy_beepdrv.o(.text))
<BR><BR>[Calls]<UL><LI><a href="#[1543634]">&gt;&gt;</a>&nbsp;&nbsp;&nbsp;GPIO_ResetBits
</UL>
<BR>[Called By]<UL><LI><a href="#[147d638]">&gt;&gt;</a>&nbsp;&nbsp;&nbsp;SelfTest_BEEP
<LI><a href="#[14863c8]">&gt;&gt;</a>&nbsp;&nbsp;&nbsp;BeepNormal
</UL>

<P><STRONG><a name="[1486224]"></a>kmy_BeepOff</STRONG> (Thumb, 14 bytes, Stack size 0 bytes, kmy_beepdrv.o(.text))
<BR><BR>[Calls]<UL><LI><a href="#[15435f8]">&gt;&gt;</a>&nbsp;&nbsp;&nbsp;GPIO_SetBits
</UL>
<BR>[Called By]<UL><LI><a href="#[147d638]">&gt;&gt;</a>&nbsp;&nbsp;&nbsp;SelfTest_BEEP
<LI><a href="#[14845c8]">&gt;&gt;</a>&nbsp;&nbsp;&nbsp;ApplicationInit
<LI><a href="#[14863c8]">&gt;&gt;</a>&nbsp;&nbsp;&nbsp;BeepNormal
</UL>

<P><STRONG><a name="[24675c0]"></a>kmy_EepromReadByte</STRONG> (Thumb, 104 bytes, Stack size 0 bytes, kmy_eepromdrv.o(.text))
<BR><BR>[Calls]<UL><LI><a href="#[24675fc]">&gt;&gt;</a>&nbsp;&nbsp;&nbsp;IIC_Read_Byte
<LI><a href="#[2467638]">&gt;&gt;</a>&nbsp;&nbsp;&nbsp;IIC_Send_Byte
<LI><a href="#[2467674]">&gt;&gt;</a>&nbsp;&nbsp;&nbsp;IIC_NAck
<LI><a href="#[24676ec]">&gt;&gt;</a>&nbsp;&nbsp;&nbsp;IIC_Wait_Ack
<LI><a href="#[2467728]">&gt;&gt;</a>&nbsp;&nbsp;&nbsp;IIC_Stop
<LI><a href="#[2467764]">&gt;&gt;</a>&nbsp;&nbsp;&nbsp;IIC_Start
</UL>
<BR>[Called By]<UL><LI><a href="#[1487dcc]">&gt;&gt;</a>&nbsp;&nbsp;&nbsp;kmy_EepromWriteByte
</UL>

<P><STRONG><a name="[1487dcc]"></a>kmy_EepromWriteByte</STRONG> (Thumb, 112 bytes, Stack size 0 bytes, kmy_eepromdrv.o(.text))
<BR><BR>[Calls]<UL><LI><a href="#[1486134]">&gt;&gt;</a>&nbsp;&nbsp;&nbsp;msleep
<LI><a href="#[24675c0]">&gt;&gt;</a>&nbsp;&nbsp;&nbsp;kmy_EepromReadByte
<LI><a href="#[2467638]">&gt;&gt;</a>&nbsp;&nbsp;&nbsp;IIC_Send_Byte
<LI><a href="#[24676ec]">&gt;&gt;</a>&nbsp;&nbsp;&nbsp;IIC_Wait_Ack
<LI><a href="#[2467728]">&gt;&gt;</a>&nbsp;&nbsp;&nbsp;IIC_Stop
<LI><a href="#[2467764]">&gt;&gt;</a>&nbsp;&nbsp;&nbsp;IIC_Start
</UL>
<BR>[Called By]<UL><LI><a href="#[148809c]">&gt;&gt;</a>&nbsp;&nbsp;&nbsp;EepromFile_SetTotalFiles
</UL>

<P><STRONG><a name="[1487d90]"></a>kmy_EepromWritePage</STRONG> (Thumb, 120 bytes, Stack size 0 bytes, kmy_eepromdrv.o(.text))
<BR><BR>[Calls]<UL><LI><a href="#[1486134]">&gt;&gt;</a>&nbsp;&nbsp;&nbsp;msleep
<LI><a href="#[2467638]">&gt;&gt;</a>&nbsp;&nbsp;&nbsp;IIC_Send_Byte
<LI><a href="#[24676ec]">&gt;&gt;</a>&nbsp;&nbsp;&nbsp;IIC_Wait_Ack
<LI><a href="#[2467728]">&gt;&gt;</a>&nbsp;&nbsp;&nbsp;IIC_Stop
<LI><a href="#[2467764]">&gt;&gt;</a>&nbsp;&nbsp;&nbsp;IIC_Start
</UL>
<BR>[Called By]<UL><LI><a href="#[1487fac]">&gt;&gt;</a>&nbsp;&nbsp;&nbsp;EepromFile_WritePage
<LI><a href="#[1488024]">&gt;&gt;</a>&nbsp;&nbsp;&nbsp;EepromFile_Write
<LI><a href="#[2467584]">&gt;&gt;</a>&nbsp;&nbsp;&nbsp;kmy_EepromWrite
</UL>

<P><STRONG><a name="[1487e08]"></a>kmy_EepromReadSequent</STRONG> (Thumb, 128 bytes, Stack size 0 bytes, kmy_eepromdrv.o(.text))
<BR><BR>[Calls]<UL><LI><a href="#[24675fc]">&gt;&gt;</a>&nbsp;&nbsp;&nbsp;IIC_Read_Byte
<LI><a href="#[2467638]">&gt;&gt;</a>&nbsp;&nbsp;&nbsp;IIC_Send_Byte
<LI><a href="#[2467674]">&gt;&gt;</a>&nbsp;&nbsp;&nbsp;IIC_NAck
<LI><a href="#[24676b0]">&gt;&gt;</a>&nbsp;&nbsp;&nbsp;IIC_Ack
<LI><a href="#[24676ec]">&gt;&gt;</a>&nbsp;&nbsp;&nbsp;IIC_Wait_Ack
<LI><a href="#[2467728]">&gt;&gt;</a>&nbsp;&nbsp;&nbsp;IIC_Stop
<LI><a href="#[2467764]">&gt;&gt;</a>&nbsp;&nbsp;&nbsp;IIC_Start
</UL>
<BR>[Called By]<UL><LI><a href="#[1483e0c]">&gt;&gt;</a>&nbsp;&nbsp;&nbsp;kmy_EepromCheckWhetherBlankChip
<LI><a href="#[1487ef8]">&gt;&gt;</a>&nbsp;&nbsp;&nbsp;EepromFile_readPage
<LI><a href="#[148818c]">&gt;&gt;</a>&nbsp;&nbsp;&nbsp;EepromFile_GetTotalFiles
<LI><a href="#[2467548]">&gt;&gt;</a>&nbsp;&nbsp;&nbsp;kmy_Eepromtest
<LI><a href="#[2467584]">&gt;&gt;</a>&nbsp;&nbsp;&nbsp;kmy_EepromWrite
</UL>

<P><STRONG><a name="[2467584]"></a>kmy_EepromWrite</STRONG> (Thumb, 588 bytes, Stack size 0 bytes, kmy_eepromdrv.o(.text), UNUSED)
<BR><BR>[Calls]<UL><LI><a href="#[1486134]">&gt;&gt;</a>&nbsp;&nbsp;&nbsp;msleep
<LI><a href="#[1487d90]">&gt;&gt;</a>&nbsp;&nbsp;&nbsp;kmy_EepromWritePage
<LI><a href="#[1487e08]">&gt;&gt;</a>&nbsp;&nbsp;&nbsp;kmy_EepromReadSequent
<LI><a href="#[24d4260]">&gt;&gt;</a>&nbsp;&nbsp;&nbsp;__aeabi_memclr4
</UL>
<BR>[Called By]<UL><LI><a href="#[2467548]">&gt;&gt;</a>&nbsp;&nbsp;&nbsp;kmy_Eepromtest
</UL>

<P><STRONG><a name="[1483dd0]"></a>kmy_EepromInit</STRONG> (Thumb, 8 bytes, Stack size 0 bytes, kmy_eepromdrv.o(.text))
<BR><BR>[Calls]<UL><LI><a href="#[24677a0]">&gt;&gt;</a>&nbsp;&nbsp;&nbsp;IIC_Init
</UL>
<BR>[Called By]<UL><LI><a href="#[14845c8]">&gt;&gt;</a>&nbsp;&nbsp;&nbsp;ApplicationInit
<LI><a href="#[2466738]">&gt;&gt;</a>&nbsp;&nbsp;&nbsp;KMY_WakeUpGPIOInit
</UL>

<P><STRONG><a name="[2467548]"></a>kmy_Eepromtest</STRONG> (Thumb, 54 bytes, Stack size 0 bytes, kmy_eepromdrv.o(.text), UNUSED)
<BR><BR>[Calls]<UL><LI><a href="#[1486134]">&gt;&gt;</a>&nbsp;&nbsp;&nbsp;msleep
<LI><a href="#[1487e08]">&gt;&gt;</a>&nbsp;&nbsp;&nbsp;kmy_EepromReadSequent
<LI><a href="#[2467584]">&gt;&gt;</a>&nbsp;&nbsp;&nbsp;kmy_EepromWrite
<LI><a href="#[24d3f18]">&gt;&gt;</a>&nbsp;&nbsp;&nbsp;strlen
<LI><a href="#[24d4440]">&gt;&gt;</a>&nbsp;&nbsp;&nbsp;__aeabi_memcpy4
</UL>

<P><STRONG><a name="[1483e0c]"></a>kmy_EepromCheckWhetherBlankChip</STRONG> (Thumb, 216 bytes, Stack size 0 bytes, kmy_eepromdrv.o(.text))
<BR><BR>[Calls]<UL><LI><a href="#[1487e08]">&gt;&gt;</a>&nbsp;&nbsp;&nbsp;kmy_EepromReadSequent
</UL>
<BR>[Called By]<UL><LI><a href="#[14845c8]">&gt;&gt;</a>&nbsp;&nbsp;&nbsp;ApplicationInit
</UL>

<P><STRONG><a name="[2467494]"></a>SPIGpioInit</STRONG> (Thumb, 92 bytes, Stack size 0 bytes, kmy_flashdrv.o(.text))
<BR><BR>[Calls]<UL><LI><a href="#[15435bc]">&gt;&gt;</a>&nbsp;&nbsp;&nbsp;RCC_APB2PeriphClockCmd
<LI><a href="#[15436ac]">&gt;&gt;</a>&nbsp;&nbsp;&nbsp;GPIO_Init
</UL>
<BR>[Called By]<UL><LI><a href="#[1483d94]">&gt;&gt;</a>&nbsp;&nbsp;&nbsp;kmy_FlashInit
</UL>

<P><STRONG><a name="[2467458]"></a>kmy_FlashSendByte</STRONG> (Thumb, 50 bytes, Stack size 0 bytes, kmy_flashdrv.o(.text))
<BR><BR>[Calls]<UL><LI><a href="#[246d380]">&gt;&gt;</a>&nbsp;&nbsp;&nbsp;SPI_I2S_SendData
<LI><a href="#[246d3bc]">&gt;&gt;</a>&nbsp;&nbsp;&nbsp;SPI_I2S_ReceiveData
<LI><a href="#[246d470]">&gt;&gt;</a>&nbsp;&nbsp;&nbsp;SPI_I2S_GetFlagStatus
</UL>
<BR>[Called By]<UL><LI><a href="#[147ca80]">&gt;&gt;</a>&nbsp;&nbsp;&nbsp;kmy_FlashReadBuffer
<LI><a href="#[147cabc]">&gt;&gt;</a>&nbsp;&nbsp;&nbsp;kmy_FlashEraseSector
<LI><a href="#[147caf8]">&gt;&gt;</a>&nbsp;&nbsp;&nbsp;kmy_FlashEraseBulk
<LI><a href="#[1483d94]">&gt;&gt;</a>&nbsp;&nbsp;&nbsp;kmy_FlashInit
<LI><a href="#[1544084]">&gt;&gt;</a>&nbsp;&nbsp;&nbsp;kmy_FlashWriteEnable
<LI><a href="#[15472e8]">&gt;&gt;</a>&nbsp;&nbsp;&nbsp;kmy_FlashWaitForWriteEnd
<LI><a href="#[24673e0]">&gt;&gt;</a>&nbsp;&nbsp;&nbsp;kmy_FlashWritePage
<LI><a href="#[246741c]">&gt;&gt;</a>&nbsp;&nbsp;&nbsp;kmy_FlashReadID
</UL>

<P><STRONG><a name="[1483d94]"></a>kmy_FlashInit</STRONG> (Thumb, 134 bytes, Stack size 0 bytes, kmy_flashdrv.o(.text))
<BR><BR>[Calls]<UL><LI><a href="#[15435bc]">&gt;&gt;</a>&nbsp;&nbsp;&nbsp;RCC_APB2PeriphClockCmd
<LI><a href="#[15435f8]">&gt;&gt;</a>&nbsp;&nbsp;&nbsp;GPIO_SetBits
<LI><a href="#[1543634]">&gt;&gt;</a>&nbsp;&nbsp;&nbsp;GPIO_ResetBits
<LI><a href="#[2467458]">&gt;&gt;</a>&nbsp;&nbsp;&nbsp;kmy_FlashSendByte
<LI><a href="#[2467494]">&gt;&gt;</a>&nbsp;&nbsp;&nbsp;SPIGpioInit
<LI><a href="#[246d2cc]">&gt;&gt;</a>&nbsp;&nbsp;&nbsp;SPI_SSOutputCmd
<LI><a href="#[246d344]">&gt;&gt;</a>&nbsp;&nbsp;&nbsp;SPI_Init
<LI><a href="#[246d650]">&gt;&gt;</a>&nbsp;&nbsp;&nbsp;SPI_Cmd
</UL>
<BR>[Called By]<UL><LI><a href="#[14845c8]">&gt;&gt;</a>&nbsp;&nbsp;&nbsp;ApplicationInit
<LI><a href="#[2466738]">&gt;&gt;</a>&nbsp;&nbsp;&nbsp;KMY_WakeUpGPIOInit
</UL>

<P><STRONG><a name="[246741c]"></a>kmy_FlashReadID</STRONG> (Thumb, 74 bytes, Stack size 0 bytes, kmy_flashdrv.o(.text), UNUSED)
<BR><BR>[Calls]<UL><LI><a href="#[15435f8]">&gt;&gt;</a>&nbsp;&nbsp;&nbsp;GPIO_SetBits
<LI><a href="#[1543634]">&gt;&gt;</a>&nbsp;&nbsp;&nbsp;GPIO_ResetBits
<LI><a href="#[2467458]">&gt;&gt;</a>&nbsp;&nbsp;&nbsp;kmy_FlashSendByte
</UL>

<P><STRONG><a name="[1544084]"></a>kmy_FlashWriteEnable</STRONG> (Thumb, 26 bytes, Stack size 0 bytes, kmy_flashdrv.o(.text))
<BR><BR>[Calls]<UL><LI><a href="#[15435f8]">&gt;&gt;</a>&nbsp;&nbsp;&nbsp;GPIO_SetBits
<LI><a href="#[1543634]">&gt;&gt;</a>&nbsp;&nbsp;&nbsp;GPIO_ResetBits
<LI><a href="#[2467458]">&gt;&gt;</a>&nbsp;&nbsp;&nbsp;kmy_FlashSendByte
</UL>
<BR>[Called By]<UL><LI><a href="#[147cabc]">&gt;&gt;</a>&nbsp;&nbsp;&nbsp;kmy_FlashEraseSector
<LI><a href="#[147caf8]">&gt;&gt;</a>&nbsp;&nbsp;&nbsp;kmy_FlashEraseBulk
<LI><a href="#[1544318]">&gt;&gt;</a>&nbsp;&nbsp;&nbsp;header
<LI><a href="#[1544354]">&gt;&gt;</a>&nbsp;&nbsp;&nbsp;footer
<LI><a href="#[15443cc]">&gt;&gt;</a>&nbsp;&nbsp;&nbsp;addmenu
<LI><a href="#[24673e0]">&gt;&gt;</a>&nbsp;&nbsp;&nbsp;kmy_FlashWritePage
</UL>

<P><STRONG><a name="[15472e8]"></a>kmy_FlashWaitForWriteEnd</STRONG> (Thumb, 46 bytes, Stack size 0 bytes, kmy_flashdrv.o(.text))
<BR><BR>[Calls]<UL><LI><a href="#[15435f8]">&gt;&gt;</a>&nbsp;&nbsp;&nbsp;GPIO_SetBits
<LI><a href="#[1543634]">&gt;&gt;</a>&nbsp;&nbsp;&nbsp;GPIO_ResetBits
<LI><a href="#[2467458]">&gt;&gt;</a>&nbsp;&nbsp;&nbsp;kmy_FlashSendByte
</UL>
<BR>[Called By]<UL><LI><a href="#[147cabc]">&gt;&gt;</a>&nbsp;&nbsp;&nbsp;kmy_FlashEraseSector
<LI><a href="#[147caf8]">&gt;&gt;</a>&nbsp;&nbsp;&nbsp;kmy_FlashEraseBulk
<LI><a href="#[1484334]">&gt;&gt;</a>&nbsp;&nbsp;&nbsp;Download_File
<LI><a href="#[1544318]">&gt;&gt;</a>&nbsp;&nbsp;&nbsp;header
<LI><a href="#[1544354]">&gt;&gt;</a>&nbsp;&nbsp;&nbsp;footer
<LI><a href="#[15443cc]">&gt;&gt;</a>&nbsp;&nbsp;&nbsp;addmenu
<LI><a href="#[1544534]">&gt;&gt;</a>&nbsp;&nbsp;&nbsp;setdata
<LI><a href="#[24673e0]">&gt;&gt;</a>&nbsp;&nbsp;&nbsp;kmy_FlashWritePage
</UL>

<P><STRONG><a name="[147cabc]"></a>kmy_FlashEraseSector</STRONG> (Thumb, 58 bytes, Stack size 0 bytes, kmy_flashdrv.o(.text))
<BR><BR>[Calls]<UL><LI><a href="#[15435f8]">&gt;&gt;</a>&nbsp;&nbsp;&nbsp;GPIO_SetBits
<LI><a href="#[1543634]">&gt;&gt;</a>&nbsp;&nbsp;&nbsp;GPIO_ResetBits
<LI><a href="#[1544084]">&gt;&gt;</a>&nbsp;&nbsp;&nbsp;kmy_FlashWriteEnable
<LI><a href="#[15472e8]">&gt;&gt;</a>&nbsp;&nbsp;&nbsp;kmy_FlashWaitForWriteEnd
<LI><a href="#[2467458]">&gt;&gt;</a>&nbsp;&nbsp;&nbsp;kmy_FlashSendByte
</UL>
<BR>[Called By]<UL><LI><a href="#[147d728]">&gt;&gt;</a>&nbsp;&nbsp;&nbsp;EraseFlashPage
<LI><a href="#[1484334]">&gt;&gt;</a>&nbsp;&nbsp;&nbsp;Download_File
<LI><a href="#[1544318]">&gt;&gt;</a>&nbsp;&nbsp;&nbsp;header
<LI><a href="#[1544354]">&gt;&gt;</a>&nbsp;&nbsp;&nbsp;footer
<LI><a href="#[1544390]">&gt;&gt;</a>&nbsp;&nbsp;&nbsp;changepass
<LI><a href="#[15443cc]">&gt;&gt;</a>&nbsp;&nbsp;&nbsp;addmenu
<LI><a href="#[1544534]">&gt;&gt;</a>&nbsp;&nbsp;&nbsp;setdata
</UL>

<P><STRONG><a name="[147caf8]"></a>kmy_FlashEraseBulk</STRONG> (Thumb, 34 bytes, Stack size 0 bytes, kmy_flashdrv.o(.text))
<BR><BR>[Calls]<UL><LI><a href="#[15435f8]">&gt;&gt;</a>&nbsp;&nbsp;&nbsp;GPIO_SetBits
<LI><a href="#[1543634]">&gt;&gt;</a>&nbsp;&nbsp;&nbsp;GPIO_ResetBits
<LI><a href="#[1544084]">&gt;&gt;</a>&nbsp;&nbsp;&nbsp;kmy_FlashWriteEnable
<LI><a href="#[15472e8]">&gt;&gt;</a>&nbsp;&nbsp;&nbsp;kmy_FlashWaitForWriteEnd
<LI><a href="#[2467458]">&gt;&gt;</a>&nbsp;&nbsp;&nbsp;kmy_FlashSendByte
</UL>
<BR>[Called By]<UL><LI><a href="#[147d3e0]">&gt;&gt;</a>&nbsp;&nbsp;&nbsp;UpgradeChinese
</UL>

<P><STRONG><a name="[24673e0]"></a>kmy_FlashWritePage</STRONG> (Thumb, 82 bytes, Stack size 0 bytes, kmy_flashdrv.o(.text))
<BR><BR>[Calls]<UL><LI><a href="#[15435f8]">&gt;&gt;</a>&nbsp;&nbsp;&nbsp;GPIO_SetBits
<LI><a href="#[1543634]">&gt;&gt;</a>&nbsp;&nbsp;&nbsp;GPIO_ResetBits
<LI><a href="#[1544084]">&gt;&gt;</a>&nbsp;&nbsp;&nbsp;kmy_FlashWriteEnable
<LI><a href="#[15472e8]">&gt;&gt;</a>&nbsp;&nbsp;&nbsp;kmy_FlashWaitForWriteEnd
<LI><a href="#[2467458]">&gt;&gt;</a>&nbsp;&nbsp;&nbsp;kmy_FlashSendByte
</UL>
<BR>[Called By]<UL><LI><a href="#[147ca44]">&gt;&gt;</a>&nbsp;&nbsp;&nbsp;kmy_FlashWriteBuffer
</UL>

<P><STRONG><a name="[147ca44]"></a>kmy_FlashWriteBuffer</STRONG> (Thumb, 276 bytes, Stack size 0 bytes, kmy_flashdrv.o(.text))
<BR><BR>[Calls]<UL><LI><a href="#[24673e0]">&gt;&gt;</a>&nbsp;&nbsp;&nbsp;kmy_FlashWritePage
</UL>
<BR>[Called By]<UL><LI><a href="#[147d3a4]">&gt;&gt;</a>&nbsp;&nbsp;&nbsp;WriteFlashPage
<LI><a href="#[147d3e0]">&gt;&gt;</a>&nbsp;&nbsp;&nbsp;UpgradeChinese
<LI><a href="#[1484334]">&gt;&gt;</a>&nbsp;&nbsp;&nbsp;Download_File
<LI><a href="#[1544318]">&gt;&gt;</a>&nbsp;&nbsp;&nbsp;header
<LI><a href="#[1544354]">&gt;&gt;</a>&nbsp;&nbsp;&nbsp;footer
<LI><a href="#[1544390]">&gt;&gt;</a>&nbsp;&nbsp;&nbsp;changepass
<LI><a href="#[15443cc]">&gt;&gt;</a>&nbsp;&nbsp;&nbsp;addmenu
<LI><a href="#[1544534]">&gt;&gt;</a>&nbsp;&nbsp;&nbsp;setdata
</UL>

<P><STRONG><a name="[147ca80]"></a>kmy_FlashReadBuffer</STRONG> (Thumb, 76 bytes, Stack size 0 bytes, kmy_flashdrv.o(.text))
<BR><BR>[Calls]<UL><LI><a href="#[15435f8]">&gt;&gt;</a>&nbsp;&nbsp;&nbsp;GPIO_SetBits
<LI><a href="#[1543634]">&gt;&gt;</a>&nbsp;&nbsp;&nbsp;GPIO_ResetBits
<LI><a href="#[2467458]">&gt;&gt;</a>&nbsp;&nbsp;&nbsp;kmy_FlashSendByte
</UL>
<BR>[Called By]<UL><LI><a href="#[147d3e0]">&gt;&gt;</a>&nbsp;&nbsp;&nbsp;UpgradeChinese
<LI><a href="#[147d674]">&gt;&gt;</a>&nbsp;&nbsp;&nbsp;ReadFlashPage
<LI><a href="#[1484334]">&gt;&gt;</a>&nbsp;&nbsp;&nbsp;Download_File
<LI><a href="#[1540f88]">&gt;&gt;</a>&nbsp;&nbsp;&nbsp;StoreMSGToFile
<LI><a href="#[1544318]">&gt;&gt;</a>&nbsp;&nbsp;&nbsp;header
<LI><a href="#[1544354]">&gt;&gt;</a>&nbsp;&nbsp;&nbsp;footer
<LI><a href="#[1544390]">&gt;&gt;</a>&nbsp;&nbsp;&nbsp;changepass
<LI><a href="#[15443cc]">&gt;&gt;</a>&nbsp;&nbsp;&nbsp;addmenu
<LI><a href="#[1544534]">&gt;&gt;</a>&nbsp;&nbsp;&nbsp;setdata
<LI><a href="#[15445ac]">&gt;&gt;</a>&nbsp;&nbsp;&nbsp;loadprintersetting
<LI><a href="#[2466954]">&gt;&gt;</a>&nbsp;&nbsp;&nbsp;kmy_LcdGetChineseDot
<LI><a href="#[24d7668]">&gt;&gt;</a>&nbsp;&nbsp;&nbsp;GetPrintData
<LI><a href="#[24d7938]">&gt;&gt;</a>&nbsp;&nbsp;&nbsp;ProPrintData16
<LI><a href="#[24d79b0]">&gt;&gt;</a>&nbsp;&nbsp;&nbsp;ProPrintData
</UL>

<P><STRONG><a name="[1549340]"></a>kmy_GprsOnOff</STRONG> (Thumb, 42 bytes, Stack size 0 bytes, kmy_gprsdrv.o(.text))
<BR><BR>[Calls]<UL><LI><a href="#[1486134]">&gt;&gt;</a>&nbsp;&nbsp;&nbsp;msleep
<LI><a href="#[15435f8]">&gt;&gt;</a>&nbsp;&nbsp;&nbsp;GPIO_SetBits
<LI><a href="#[1543634]">&gt;&gt;</a>&nbsp;&nbsp;&nbsp;GPIO_ResetBits
</UL>
<BR>[Called By]<UL><LI><a href="#[1483d58]">&gt;&gt;</a>&nbsp;&nbsp;&nbsp;kmy_GprsInit
<LI><a href="#[1549b74]">&gt;&gt;</a>&nbsp;&nbsp;&nbsp;ChangeNetwork
</UL>

<P><STRONG><a name="[246732c]"></a>GsmWakeup</STRONG> (Thumb, 36 bytes, Stack size 0 bytes, kmy_gprsdrv.o(.text))
<BR><BR>[Calls]<UL><LI><a href="#[1486134]">&gt;&gt;</a>&nbsp;&nbsp;&nbsp;msleep
<LI><a href="#[15435f8]">&gt;&gt;</a>&nbsp;&nbsp;&nbsp;GPIO_SetBits
<LI><a href="#[1543634]">&gt;&gt;</a>&nbsp;&nbsp;&nbsp;GPIO_ResetBits
</UL>
<BR>[Called By]<UL><LI><a href="#[1483d58]">&gt;&gt;</a>&nbsp;&nbsp;&nbsp;kmy_GprsInit
<LI><a href="#[2466738]">&gt;&gt;</a>&nbsp;&nbsp;&nbsp;KMY_WakeUpGPIOInit
</UL>

<P><STRONG><a name="[1483d58]"></a>kmy_GprsInit</STRONG> (Thumb, 96 bytes, Stack size 0 bytes, kmy_gprsdrv.o(.text))
<BR><BR>[Calls]<UL><LI><a href="#[1486134]">&gt;&gt;</a>&nbsp;&nbsp;&nbsp;msleep
<LI><a href="#[15435bc]">&gt;&gt;</a>&nbsp;&nbsp;&nbsp;RCC_APB2PeriphClockCmd
<LI><a href="#[15435f8]">&gt;&gt;</a>&nbsp;&nbsp;&nbsp;GPIO_SetBits
<LI><a href="#[1543634]">&gt;&gt;</a>&nbsp;&nbsp;&nbsp;GPIO_ResetBits
<LI><a href="#[15436ac]">&gt;&gt;</a>&nbsp;&nbsp;&nbsp;GPIO_Init
<LI><a href="#[1549340]">&gt;&gt;</a>&nbsp;&nbsp;&nbsp;kmy_GprsOnOff
<LI><a href="#[24672b4]">&gt;&gt;</a>&nbsp;&nbsp;&nbsp;kmy_USART3Init
<LI><a href="#[246732c]">&gt;&gt;</a>&nbsp;&nbsp;&nbsp;GsmWakeup
</UL>
<BR>[Called By]<UL><LI><a href="#[14845c8]">&gt;&gt;</a>&nbsp;&nbsp;&nbsp;ApplicationInit
<LI><a href="#[1549b74]">&gt;&gt;</a>&nbsp;&nbsp;&nbsp;ChangeNetwork
</UL>

<P><STRONG><a name="[24672f0]"></a>GsmSleep</STRONG> (Thumb, 20 bytes, Stack size 0 bytes, kmy_gprsdrv.o(.text), UNUSED)
<BR><BR>[Calls]<UL><LI><a href="#[1486134]">&gt;&gt;</a>&nbsp;&nbsp;&nbsp;msleep
<LI><a href="#[1543634]">&gt;&gt;</a>&nbsp;&nbsp;&nbsp;GPIO_ResetBits
</UL>
<BR>[Called By]<UL><LI><a href="#[2466ef4]">&gt;&gt;</a>&nbsp;&nbsp;&nbsp;kmy_EnterPowerDownMode
</UL>

<P><STRONG><a name="[246705c]"></a>kmy_KeyUsedInterruptScanInit</STRONG> (Thumb, 74 bytes, Stack size 0 bytes, kmy_keydrv.o(.text), UNUSED)
<BR><BR>[Calls]<UL><LI><a href="#[1540bc8]">&gt;&gt;</a>&nbsp;&nbsp;&nbsp;NVIC_Init
<LI><a href="#[2471afc]">&gt;&gt;</a>&nbsp;&nbsp;&nbsp;GPIO_EXTILineConfig
<LI><a href="#[247371c]">&gt;&gt;</a>&nbsp;&nbsp;&nbsp;EXTI_Init
<LI><a href="#[2473848]">&gt;&gt;</a>&nbsp;&nbsp;&nbsp;EXTI_ClearITPendingBit
</UL>
<BR>[Called By]<UL><LI><a href="#[2466ef4]">&gt;&gt;</a>&nbsp;&nbsp;&nbsp;kmy_EnterPowerDownMode
</UL>

<P><STRONG><a name="[1483d1c]"></a>kmy_KeyInit</STRONG> (Thumb, 58 bytes, Stack size 0 bytes, kmy_keydrv.o(.text))
<BR><BR>[Calls]<UL><LI><a href="#[15435bc]">&gt;&gt;</a>&nbsp;&nbsp;&nbsp;RCC_APB2PeriphClockCmd
<LI><a href="#[15436ac]">&gt;&gt;</a>&nbsp;&nbsp;&nbsp;GPIO_Init
</UL>
<BR>[Called By]<UL><LI><a href="#[14845c8]">&gt;&gt;</a>&nbsp;&nbsp;&nbsp;ApplicationInit
<LI><a href="#[2466738]">&gt;&gt;</a>&nbsp;&nbsp;&nbsp;KMY_WakeUpGPIOInit
</UL>

<P><STRONG><a name="[2467020]"></a>SetRow</STRONG> (Thumb, 372 bytes, Stack size 0 bytes, kmy_keydrv.o(.text))
<BR><BR>[Calls]<UL><LI><a href="#[15436ac]">&gt;&gt;</a>&nbsp;&nbsp;&nbsp;GPIO_Init
<LI><a href="#[24718a4]">&gt;&gt;</a>&nbsp;&nbsp;&nbsp;GPIO_WriteBit
</UL>
<BR>[Called By]<UL><LI><a href="#[2466f6c]">&gt;&gt;</a>&nbsp;&nbsp;&nbsp;__KeyScan
</UL>

<P><STRONG><a name="[2466fe4]"></a>GetRow</STRONG> (Thumb, 516 bytes, Stack size 0 bytes, kmy_keydrv.o(.text))
<BR><BR>[Calls]<UL><LI><a href="#[1543670]">&gt;&gt;</a>&nbsp;&nbsp;&nbsp;GPIO_ReadInputDataBit
</UL>
<BR>[Called By]<UL><LI><a href="#[2466f6c]">&gt;&gt;</a>&nbsp;&nbsp;&nbsp;__KeyScan
</UL>

<P><STRONG><a name="[2466fa8]"></a>ResetRow</STRONG> (Thumb, 46 bytes, Stack size 0 bytes, kmy_keydrv.o(.text))
<BR><BR>[Calls]<UL><LI><a href="#[15435bc]">&gt;&gt;</a>&nbsp;&nbsp;&nbsp;RCC_APB2PeriphClockCmd
<LI><a href="#[15435f8]">&gt;&gt;</a>&nbsp;&nbsp;&nbsp;GPIO_SetBits
<LI><a href="#[15436ac]">&gt;&gt;</a>&nbsp;&nbsp;&nbsp;GPIO_Init
</UL>
<BR>[Called By]<UL><LI><a href="#[2466ef4]">&gt;&gt;</a>&nbsp;&nbsp;&nbsp;kmy_EnterPowerDownMode
<LI><a href="#[2466f30]">&gt;&gt;</a>&nbsp;&nbsp;&nbsp;KeyScan
</UL>

<P><STRONG><a name="[2466f6c]"></a>__KeyScan</STRONG> (Thumb, 156 bytes, Stack size 0 bytes, kmy_keydrv.o(.text))
<BR><BR>[Calls]<UL><LI><a href="#[1486134]">&gt;&gt;</a>&nbsp;&nbsp;&nbsp;msleep
<LI><a href="#[2466fe4]">&gt;&gt;</a>&nbsp;&nbsp;&nbsp;GetRow
<LI><a href="#[2467020]">&gt;&gt;</a>&nbsp;&nbsp;&nbsp;SetRow
</UL>
<BR>[Called By]<UL><LI><a href="#[2466f30]">&gt;&gt;</a>&nbsp;&nbsp;&nbsp;KeyScan
</UL>

<P><STRONG><a name="[2466f30]"></a>KeyScan</STRONG> (Thumb, 36 bytes, Stack size 0 bytes, kmy_keydrv.o(.text))
<BR><BR>[Calls]<UL><LI><a href="#[1543670]">&gt;&gt;</a>&nbsp;&nbsp;&nbsp;GPIO_ReadInputDataBit
<LI><a href="#[2466f6c]">&gt;&gt;</a>&nbsp;&nbsp;&nbsp;__KeyScan
<LI><a href="#[2466fa8]">&gt;&gt;</a>&nbsp;&nbsp;&nbsp;ResetRow
</UL>
<BR>[Called By]<UL><LI><a href="#[1489ed8]">&gt;&gt;</a>&nbsp;&nbsp;&nbsp;kmy_GetKeyValue
</UL>

<P><STRONG><a name="[1489ed8]"></a>kmy_GetKeyValue</STRONG> (Thumb, 152 bytes, Stack size 0 bytes, kmy_keydrv.o(.text))
<BR><BR>[Calls]<UL><LI><a href="#[2466e40]">&gt;&gt;</a>&nbsp;&nbsp;&nbsp;kmy_LcdBlackLightOff
<LI><a href="#[2466f30]">&gt;&gt;</a>&nbsp;&nbsp;&nbsp;KeyScan
<LI><a href="#[246edc0]">&gt;&gt;</a>&nbsp;&nbsp;&nbsp;RTC_GetCounter
</UL>
<BR>[Called By]<UL><LI><a href="#[147ca08]">&gt;&gt;</a>&nbsp;&nbsp;&nbsp;kmy_MagcardRead
<LI><a href="#[147cf6c]">&gt;&gt;</a>&nbsp;&nbsp;&nbsp;SelfTest_ReceiveMessage
<LI><a href="#[147cfa8]">&gt;&gt;</a>&nbsp;&nbsp;&nbsp;SelfTest_RF
<LI><a href="#[147d3e0]">&gt;&gt;</a>&nbsp;&nbsp;&nbsp;UpgradeChinese
<LI><a href="#[147d584]">&gt;&gt;</a>&nbsp;&nbsp;&nbsp;SelfTest_Key
<LI><a href="#[147d5fc]">&gt;&gt;</a>&nbsp;&nbsp;&nbsp;SelfTest_BatVoltage
<LI><a href="#[147d638]">&gt;&gt;</a>&nbsp;&nbsp;&nbsp;SelfTest_BEEP
<LI><a href="#[147d6b0]">&gt;&gt;</a>&nbsp;&nbsp;&nbsp;ExternalSerail1_WiFiModule
<LI><a href="#[147d6ec]">&gt;&gt;</a>&nbsp;&nbsp;&nbsp;ExternalSerail1_GSMModule
<LI><a href="#[147e2a4]">&gt;&gt;</a>&nbsp;&nbsp;&nbsp;PhoneSearch
<LI><a href="#[147e5ec]">&gt;&gt;</a>&nbsp;&nbsp;&nbsp;PhoneExplorer
<LI><a href="#[1481904]">&gt;&gt;</a>&nbsp;&nbsp;&nbsp;my_DisplayBuff
<LI><a href="#[1481c10]">&gt;&gt;</a>&nbsp;&nbsp;&nbsp;ReceiveMailBox
<LI><a href="#[1483524]">&gt;&gt;</a>&nbsp;&nbsp;&nbsp;MenuHandler_Language2_Pic
<LI><a href="#[1483560]">&gt;&gt;</a>&nbsp;&nbsp;&nbsp;MenuHandler_AddIco2
<LI><a href="#[148359c]">&gt;&gt;</a>&nbsp;&nbsp;&nbsp;MenuHandler_AddIco
<LI><a href="#[1484334]">&gt;&gt;</a>&nbsp;&nbsp;&nbsp;Download_File
<LI><a href="#[1484a3c]">&gt;&gt;</a>&nbsp;&nbsp;&nbsp;Printlogo
<LI><a href="#[1486314]">&gt;&gt;</a>&nbsp;&nbsp;&nbsp;Waitkey_TillKeyPress
<LI><a href="#[1486b48]">&gt;&gt;</a>&nbsp;&nbsp;&nbsp;set_apn
<LI><a href="#[1486bfc]">&gt;&gt;</a>&nbsp;&nbsp;&nbsp;send_at_cmd_and_receive
<LI><a href="#[1486d64]">&gt;&gt;</a>&nbsp;&nbsp;&nbsp;ReadDatasFromSIM300_OKstr
<LI><a href="#[1487520]">&gt;&gt;</a>&nbsp;&nbsp;&nbsp;abcReadCode
<LI><a href="#[14876c4]">&gt;&gt;</a>&nbsp;&nbsp;&nbsp;FormInput
<LI><a href="#[1487700]">&gt;&gt;</a>&nbsp;&nbsp;&nbsp;ABCReadCode
<LI><a href="#[148a0f4]">&gt;&gt;</a>&nbsp;&nbsp;&nbsp;WaitkeyAndAutoExit
<LI><a href="#[148a16c]">&gt;&gt;</a>&nbsp;&nbsp;&nbsp;MenuHandler_Language2
<LI><a href="#[148a400]">&gt;&gt;</a>&nbsp;&nbsp;&nbsp;display_papa
<LI><a href="#[15433dc]">&gt;&gt;</a>&nbsp;&nbsp;&nbsp;ChkForDig
<LI><a href="#[1543ea4]">&gt;&gt;</a>&nbsp;&nbsp;&nbsp;ChkForAlpha
<LI><a href="#[154400c]">&gt;&gt;</a>&nbsp;&nbsp;&nbsp;popup
<LI><a href="#[15440fc]">&gt;&gt;</a>&nbsp;&nbsp;&nbsp;selectmenu
<LI><a href="#[15443cc]">&gt;&gt;</a>&nbsp;&nbsp;&nbsp;addmenu
<LI><a href="#[1544534]">&gt;&gt;</a>&nbsp;&nbsp;&nbsp;setdata
<LI><a href="#[1545ce0]">&gt;&gt;</a>&nbsp;&nbsp;&nbsp;send_wifi_cmd_and_receive
<LI><a href="#[1545d1c]">&gt;&gt;</a>&nbsp;&nbsp;&nbsp;send_wifi_cmd_and_norespone
<LI><a href="#[1547c48]">&gt;&gt;</a>&nbsp;&nbsp;&nbsp;Calendar
<LI><a href="#[1547c84]">&gt;&gt;</a>&nbsp;&nbsp;&nbsp;Calculator
<LI><a href="#[154865c]">&gt;&gt;</a>&nbsp;&nbsp;&nbsp;_GetString_abcABC123PYWuBi
<LI><a href="#[1548800]">&gt;&gt;</a>&nbsp;&nbsp;&nbsp;abcReadCode
<LI><a href="#[154883c]">&gt;&gt;</a>&nbsp;&nbsp;&nbsp;_PassWordInput_XposStartDisplay
<LI><a href="#[1548878]">&gt;&gt;</a>&nbsp;&nbsp;&nbsp;_PassWordInput_MiddledDisplay
<LI><a href="#[15489e0]">&gt;&gt;</a>&nbsp;&nbsp;&nbsp;ABCReadCode
<LI><a href="#[154991c]">&gt;&gt;</a>&nbsp;&nbsp;&nbsp;UpdateParameter
<LI><a href="#[154a2b8]">&gt;&gt;</a>&nbsp;&nbsp;&nbsp;WIFIConnectTCP
<LI><a href="#[154a2f4]">&gt;&gt;</a>&nbsp;&nbsp;&nbsp;TimeDateSet
<LI><a href="#[154aba0]">&gt;&gt;</a>&nbsp;&nbsp;&nbsp;ContrastSet
</UL>

<P><STRONG><a name="[148629c]"></a>kmy_AutoOffLcdLight</STRONG> (Thumb, 30 bytes, Stack size 0 bytes, kmy_keydrv.o(.text))
<BR><BR>[Calls]<UL><LI><a href="#[246edc0]">&gt;&gt;</a>&nbsp;&nbsp;&nbsp;RTC_GetCounter
</UL>
<BR>[Called By]<UL><LI><a href="#[147d3e0]">&gt;&gt;</a>&nbsp;&nbsp;&nbsp;UpgradeChinese
<LI><a href="#[147d638]">&gt;&gt;</a>&nbsp;&nbsp;&nbsp;SelfTest_BEEP
<LI><a href="#[147d6b0]">&gt;&gt;</a>&nbsp;&nbsp;&nbsp;ExternalSerail1_WiFiModule
<LI><a href="#[147d6ec]">&gt;&gt;</a>&nbsp;&nbsp;&nbsp;ExternalSerail1_GSMModule
<LI><a href="#[14843ac]">&gt;&gt;</a>&nbsp;&nbsp;&nbsp;main
<LI><a href="#[1484a3c]">&gt;&gt;</a>&nbsp;&nbsp;&nbsp;Printlogo
<LI><a href="#[1486314]">&gt;&gt;</a>&nbsp;&nbsp;&nbsp;Waitkey_TillKeyPress
<LI><a href="#[14868f0]">&gt;&gt;</a>&nbsp;&nbsp;&nbsp;SetBLOverTime
<LI><a href="#[148a0f4]">&gt;&gt;</a>&nbsp;&nbsp;&nbsp;WaitkeyAndAutoExit
<LI><a href="#[148a1a8]">&gt;&gt;</a>&nbsp;&nbsp;&nbsp;KeyEventPost
<LI><a href="#[154865c]">&gt;&gt;</a>&nbsp;&nbsp;&nbsp;_GetString_abcABC123PYWuBi
</UL>

<P><STRONG><a name="[1486260]"></a>kmy_AutoPostKey</STRONG> (Thumb, 30 bytes, Stack size 0 bytes, kmy_keydrv.o(.text))
<BR><BR>[Calls]<UL><LI><a href="#[246edc0]">&gt;&gt;</a>&nbsp;&nbsp;&nbsp;RTC_GetCounter
</UL>
<BR>[Called By]<UL><LI><a href="#[147cfa8]">&gt;&gt;</a>&nbsp;&nbsp;&nbsp;SelfTest_RF
<LI><a href="#[147d3e0]">&gt;&gt;</a>&nbsp;&nbsp;&nbsp;UpgradeChinese
<LI><a href="#[147d638]">&gt;&gt;</a>&nbsp;&nbsp;&nbsp;SelfTest_BEEP
<LI><a href="#[147d6b0]">&gt;&gt;</a>&nbsp;&nbsp;&nbsp;ExternalSerail1_WiFiModule
<LI><a href="#[147d6ec]">&gt;&gt;</a>&nbsp;&nbsp;&nbsp;ExternalSerail1_GSMModule
<LI><a href="#[1484a3c]">&gt;&gt;</a>&nbsp;&nbsp;&nbsp;Printlogo
<LI><a href="#[1486314]">&gt;&gt;</a>&nbsp;&nbsp;&nbsp;Waitkey_TillKeyPress
<LI><a href="#[148692c]">&gt;&gt;</a>&nbsp;&nbsp;&nbsp;SetAutoExitTime
<LI><a href="#[148a0f4]">&gt;&gt;</a>&nbsp;&nbsp;&nbsp;WaitkeyAndAutoExit
<LI><a href="#[148a1a8]">&gt;&gt;</a>&nbsp;&nbsp;&nbsp;KeyEventPost
<LI><a href="#[154865c]">&gt;&gt;</a>&nbsp;&nbsp;&nbsp;_GetString_abcABC123PYWuBi
</UL>

<P><STRONG><a name="[1486170]"></a>kmy_PostKey</STRONG> (Thumb, 6 bytes, Stack size 0 bytes, kmy_keydrv.o(.text))
<BR><BR>[Called By]<UL><LI><a href="#[147cfe4]">&gt;&gt;</a>&nbsp;&nbsp;&nbsp;SelfTest_PSAM2Test
<LI><a href="#[147d020]">&gt;&gt;</a>&nbsp;&nbsp;&nbsp;SelfTest_PSAM1Test
<LI><a href="#[147d05c]">&gt;&gt;</a>&nbsp;&nbsp;&nbsp;SelfTest_ICTest
<LI><a href="#[1486350]">&gt;&gt;</a>&nbsp;&nbsp;&nbsp;PostKey
<LI><a href="#[154a2f4]">&gt;&gt;</a>&nbsp;&nbsp;&nbsp;TimeDateSet
</UL>

<P><STRONG><a name="[2466ef4]"></a>kmy_EnterPowerDownMode</STRONG> (Thumb, 90 bytes, Stack size 0 bytes, kmy_keydrv.o(.text), UNUSED)
<BR><BR>[Calls]<UL><LI><a href="#[148746c]">&gt;&gt;</a>&nbsp;&nbsp;&nbsp;kmy_LcdTextOut
<LI><a href="#[1489e9c]">&gt;&gt;</a>&nbsp;&nbsp;&nbsp;kmy_LcdClear
<LI><a href="#[2466dc8]">&gt;&gt;</a>&nbsp;&nbsp;&nbsp;kmy_VCC5Off
<LI><a href="#[2466e04]">&gt;&gt;</a>&nbsp;&nbsp;&nbsp;kmy_VCC3Off
<LI><a href="#[2466e40]">&gt;&gt;</a>&nbsp;&nbsp;&nbsp;kmy_LcdBlackLightOff
<LI><a href="#[2466e7c]">&gt;&gt;</a>&nbsp;&nbsp;&nbsp;KMY_GPIODeInit
<LI><a href="#[2466fa8]">&gt;&gt;</a>&nbsp;&nbsp;&nbsp;ResetRow
<LI><a href="#[246705c]">&gt;&gt;</a>&nbsp;&nbsp;&nbsp;kmy_KeyUsedInterruptScanInit
<LI><a href="#[24672f0]">&gt;&gt;</a>&nbsp;&nbsp;&nbsp;GsmSleep
<LI><a href="#[246f810]">&gt;&gt;</a>&nbsp;&nbsp;&nbsp;RCC_APB1PeriphClockCmd
<LI><a href="#[2470224]">&gt;&gt;</a>&nbsp;&nbsp;&nbsp;PWR_EnterSTOPMode
<LI><a href="#[2472ab0]">&gt;&gt;</a>&nbsp;&nbsp;&nbsp;FLASH_SetLatency
<LI><a href="#[2472bdc]">&gt;&gt;</a>&nbsp;&nbsp;&nbsp;FLASH_PrefetchBufferCmd
</UL>

<P><STRONG><a name="[2466eb8]"></a>EXTI0_IRQHandler</STRONG> (Thumb, 34 bytes, Stack size 0 bytes, kmy_keydrv.o(.text))
<BR><BR>[Calls]<UL><LI><a href="#[2473758]">&gt;&gt;</a>&nbsp;&nbsp;&nbsp;EXTI_GetITStatus
<LI><a href="#[2473848]">&gt;&gt;</a>&nbsp;&nbsp;&nbsp;EXTI_ClearITPendingBit
</UL>
<BR>[Address Reference Count : 1]<UL><LI> startup_stm32f10x_hd_vl.o(RESET)
</UL>
<P><STRONG><a name="[2466b34]"></a>LcdInitGPIO</STRONG> (Thumb, 66 bytes, Stack size 0 bytes, kmy_lcddrv.o(.text))
<BR><BR>[Calls]<UL><LI><a href="#[15435bc]">&gt;&gt;</a>&nbsp;&nbsp;&nbsp;RCC_APB2PeriphClockCmd
<LI><a href="#[15436ac]">&gt;&gt;</a>&nbsp;&nbsp;&nbsp;GPIO_Init
</UL>
<BR>[Called By]<UL><LI><a href="#[1483ce0]">&gt;&gt;</a>&nbsp;&nbsp;&nbsp;kmy_LcdInit
</UL>

<P><STRONG><a name="[2466af8]"></a>data_send</STRONG> (Thumb, 82 bytes, Stack size 0 bytes, kmy_lcddrv.o(.text))
<BR><BR>[Calls]<UL><LI><a href="#[24718a4]">&gt;&gt;</a>&nbsp;&nbsp;&nbsp;GPIO_WriteBit
</UL>
<BR>[Called By]<UL><LI><a href="#[2466a80]">&gt;&gt;</a>&nbsp;&nbsp;&nbsp;write_data
<LI><a href="#[2466abc]">&gt;&gt;</a>&nbsp;&nbsp;&nbsp;write_command
</UL>

<P><STRONG><a name="[2466abc]"></a>write_command</STRONG> (Thumb, 34 bytes, Stack size 0 bytes, kmy_lcddrv.o(.text))
<BR><BR>[Calls]<UL><LI><a href="#[2466af8]">&gt;&gt;</a>&nbsp;&nbsp;&nbsp;data_send
<LI><a href="#[24718a4]">&gt;&gt;</a>&nbsp;&nbsp;&nbsp;GPIO_WriteBit
</UL>
<BR>[Called By]<UL><LI><a href="#[14855b8]">&gt;&gt;</a>&nbsp;&nbsp;&nbsp;kmy_LcdSetContrast
<LI><a href="#[24669cc]">&gt;&gt;</a>&nbsp;&nbsp;&nbsp;LcdInitLCDC
<LI><a href="#[2466a44]">&gt;&gt;</a>&nbsp;&nbsp;&nbsp;LCDSetXY
</UL>

<P><STRONG><a name="[2466a80]"></a>write_data</STRONG> (Thumb, 32 bytes, Stack size 0 bytes, kmy_lcddrv.o(.text))
<BR><BR>[Calls]<UL><LI><a href="#[2466af8]">&gt;&gt;</a>&nbsp;&nbsp;&nbsp;data_send
<LI><a href="#[24718a4]">&gt;&gt;</a>&nbsp;&nbsp;&nbsp;GPIO_WriteBit
</UL>
<BR>[Called By]<UL><LI><a href="#[2466c60]">&gt;&gt;</a>&nbsp;&nbsp;&nbsp;AccordingLcdRamDisplay
</UL>

<P><STRONG><a name="[2466a44]"></a>LCDSetXY</STRONG> (Thumb, 40 bytes, Stack size 0 bytes, kmy_lcddrv.o(.text))
<BR><BR>[Calls]<UL><LI><a href="#[2466abc]">&gt;&gt;</a>&nbsp;&nbsp;&nbsp;write_command
</UL>
<BR>[Called By]<UL><LI><a href="#[2466c60]">&gt;&gt;</a>&nbsp;&nbsp;&nbsp;AccordingLcdRamDisplay
</UL>

<P><STRONG><a name="[2466a08]"></a>lcd_delay_us</STRONG> (Thumb, 10 bytes, Stack size 0 bytes, kmy_lcddrv.o(.text))
<BR><BR>[Called By]<UL><LI><a href="#[24669cc]">&gt;&gt;</a>&nbsp;&nbsp;&nbsp;LcdInitLCDC
</UL>

<P><STRONG><a name="[24669cc]"></a>LcdInitLCDC</STRONG> (Thumb, 182 bytes, Stack size 0 bytes, kmy_lcddrv.o(.text))
<BR><BR>[Calls]<UL><LI><a href="#[2466a08]">&gt;&gt;</a>&nbsp;&nbsp;&nbsp;lcd_delay_us
<LI><a href="#[2466abc]">&gt;&gt;</a>&nbsp;&nbsp;&nbsp;write_command
<LI><a href="#[24718a4]">&gt;&gt;</a>&nbsp;&nbsp;&nbsp;GPIO_WriteBit
</UL>
<BR>[Called By]<UL><LI><a href="#[1483ce0]">&gt;&gt;</a>&nbsp;&nbsp;&nbsp;kmy_LcdInit
</UL>

<P><STRONG><a name="[1483ce0]"></a>kmy_LcdInit</STRONG> (Thumb, 12 bytes, Stack size 0 bytes, kmy_lcddrv.o(.text))
<BR><BR>[Calls]<UL><LI><a href="#[24669cc]">&gt;&gt;</a>&nbsp;&nbsp;&nbsp;LcdInitLCDC
<LI><a href="#[2466b34]">&gt;&gt;</a>&nbsp;&nbsp;&nbsp;LcdInitGPIO
</UL>
<BR>[Called By]<UL><LI><a href="#[14845c8]">&gt;&gt;</a>&nbsp;&nbsp;&nbsp;ApplicationInit
<LI><a href="#[2466738]">&gt;&gt;</a>&nbsp;&nbsp;&nbsp;KMY_WakeUpGPIOInit
</UL>

<P><STRONG><a name="[1489e9c]"></a>kmy_LcdClear</STRONG> (Thumb, 48 bytes, Stack size 0 bytes, kmy_lcddrv.o(.text))
<BR><BR>[Calls]<UL><LI><a href="#[2466c60]">&gt;&gt;</a>&nbsp;&nbsp;&nbsp;AccordingLcdRamDisplay
</UL>
<BR>[Called By]<UL><LI><a href="#[147cd50]">&gt;&gt;</a>&nbsp;&nbsp;&nbsp;PassWordInput_MiddledDisplay
<LI><a href="#[147ceb8]">&gt;&gt;</a>&nbsp;&nbsp;&nbsp;TemporaryNotProvideThisFunction
<LI><a href="#[147cef4]">&gt;&gt;</a>&nbsp;&nbsp;&nbsp;SoftWare_Debug
<LI><a href="#[147cf6c]">&gt;&gt;</a>&nbsp;&nbsp;&nbsp;SelfTest_ReceiveMessage
<LI><a href="#[147cfa8]">&gt;&gt;</a>&nbsp;&nbsp;&nbsp;SelfTest_RF
<LI><a href="#[147cfe4]">&gt;&gt;</a>&nbsp;&nbsp;&nbsp;SelfTest_PSAM2Test
<LI><a href="#[147d020]">&gt;&gt;</a>&nbsp;&nbsp;&nbsp;SelfTest_PSAM1Test
<LI><a href="#[147d05c]">&gt;&gt;</a>&nbsp;&nbsp;&nbsp;SelfTest_ICTest
<LI><a href="#[147d3e0]">&gt;&gt;</a>&nbsp;&nbsp;&nbsp;UpgradeChinese
<LI><a href="#[147d41c]">&gt;&gt;</a>&nbsp;&nbsp;&nbsp;SelfTest_SendSMS
<LI><a href="#[147d494]">&gt;&gt;</a>&nbsp;&nbsp;&nbsp;SelfTest_PrinterFont
<LI><a href="#[147d4d0]">&gt;&gt;</a>&nbsp;&nbsp;&nbsp;SelfTest_Printer
<LI><a href="#[147d50c]">&gt;&gt;</a>&nbsp;&nbsp;&nbsp;SelfTest_MakeCall
<LI><a href="#[147d548]">&gt;&gt;</a>&nbsp;&nbsp;&nbsp;SelfTest_MagCard
<LI><a href="#[147d584]">&gt;&gt;</a>&nbsp;&nbsp;&nbsp;SelfTest_Key
<LI><a href="#[147d5c0]">&gt;&gt;</a>&nbsp;&nbsp;&nbsp;SelfTest_DisplayFont
<LI><a href="#[147d5fc]">&gt;&gt;</a>&nbsp;&nbsp;&nbsp;SelfTest_BatVoltage
<LI><a href="#[147d638]">&gt;&gt;</a>&nbsp;&nbsp;&nbsp;SelfTest_BEEP
<LI><a href="#[147d6b0]">&gt;&gt;</a>&nbsp;&nbsp;&nbsp;ExternalSerail1_WiFiModule
<LI><a href="#[147d6ec]">&gt;&gt;</a>&nbsp;&nbsp;&nbsp;ExternalSerail1_GSMModule
<LI><a href="#[147d728]">&gt;&gt;</a>&nbsp;&nbsp;&nbsp;EraseFlashPage
<LI><a href="#[147d764]">&gt;&gt;</a>&nbsp;&nbsp;&nbsp;EraseEepromPage0_30
<LI><a href="#[147e1f0]">&gt;&gt;</a>&nbsp;&nbsp;&nbsp;GetString_abcABC123PYWuBi_Language2
<LI><a href="#[147e2a4]">&gt;&gt;</a>&nbsp;&nbsp;&nbsp;PhoneSearch
<LI><a href="#[147e2e0]">&gt;&gt;</a>&nbsp;&nbsp;&nbsp;MainMenuScreen_ToolBox_PhoneBook
<LI><a href="#[147e31c]">&gt;&gt;</a>&nbsp;&nbsp;&nbsp;PhoneHandleZuoJi
<LI><a href="#[147e40c]">&gt;&gt;</a>&nbsp;&nbsp;&nbsp;PhoneHandleNumber
<LI><a href="#[147e448]">&gt;&gt;</a>&nbsp;&nbsp;&nbsp;PhoneHandleNameXiuGai
<LI><a href="#[147e484]">&gt;&gt;</a>&nbsp;&nbsp;&nbsp;PhoneHandleNameDelete
<LI><a href="#[147e4c0]">&gt;&gt;</a>&nbsp;&nbsp;&nbsp;PhoneHandleName
<LI><a href="#[147e538]">&gt;&gt;</a>&nbsp;&nbsp;&nbsp;PhoneHandleEmail
<LI><a href="#[147e574]">&gt;&gt;</a>&nbsp;&nbsp;&nbsp;PhoneHandleCall
<LI><a href="#[147e5b0]">&gt;&gt;</a>&nbsp;&nbsp;&nbsp;PhoneHandleBeiZhu
<LI><a href="#[147e5ec]">&gt;&gt;</a>&nbsp;&nbsp;&nbsp;PhoneExplorer
<LI><a href="#[147e628]">&gt;&gt;</a>&nbsp;&nbsp;&nbsp;PhoneDeleteAll
<LI><a href="#[147e6dc]">&gt;&gt;</a>&nbsp;&nbsp;&nbsp;PhoneAddSave
<LI><a href="#[147e808]">&gt;&gt;</a>&nbsp;&nbsp;&nbsp;PhoneAdd
<LI><a href="#[147e844]">&gt;&gt;</a>&nbsp;&nbsp;&nbsp;HandlePhoneSelection
<LI><a href="#[14819b8]">&gt;&gt;</a>&nbsp;&nbsp;&nbsp;abeyant
<LI><a href="#[1481aa8]">&gt;&gt;</a>&nbsp;&nbsp;&nbsp;PassWordInput2
<LI><a href="#[1481ae4]">&gt;&gt;</a>&nbsp;&nbsp;&nbsp;PIN_Store
<LI><a href="#[1481c10]">&gt;&gt;</a>&nbsp;&nbsp;&nbsp;ReceiveMailBox
<LI><a href="#[1481d3c]">&gt;&gt;</a>&nbsp;&nbsp;&nbsp;MessageDisplayContext
<LI><a href="#[1482228]">&gt;&gt;</a>&nbsp;&nbsp;&nbsp;MainMenuScreen_Message_XiaoquGuanbo
<LI><a href="#[1482264]">&gt;&gt;</a>&nbsp;&nbsp;&nbsp;MainMenuScreen_Message_VoiceMailbox
<LI><a href="#[14822a0]">&gt;&gt;</a>&nbsp;&nbsp;&nbsp;MainMenuScreen_Message_ShortMessage
<LI><a href="#[14822dc]">&gt;&gt;</a>&nbsp;&nbsp;&nbsp;MainMenuScreen_Message_ColorMessage
<LI><a href="#[1482534]">&gt;&gt;</a>&nbsp;&nbsp;&nbsp;CheckPINAndPUK
<LI><a href="#[1484118]">&gt;&gt;</a>&nbsp;&nbsp;&nbsp;Sim900B_init
<LI><a href="#[1484190]">&gt;&gt;</a>&nbsp;&nbsp;&nbsp;SelfTest
<LI><a href="#[1484280]">&gt;&gt;</a>&nbsp;&nbsp;&nbsp;MainMenuScreen_ToolBox
<LI><a href="#[14842bc]">&gt;&gt;</a>&nbsp;&nbsp;&nbsp;MainMenuScreen_Settings
<LI><a href="#[1484334]">&gt;&gt;</a>&nbsp;&nbsp;&nbsp;Download_File
<LI><a href="#[14845c8]">&gt;&gt;</a>&nbsp;&nbsp;&nbsp;ApplicationInit
<LI><a href="#[1484a3c]">&gt;&gt;</a>&nbsp;&nbsp;&nbsp;Printlogo
<LI><a href="#[1486b48]">&gt;&gt;</a>&nbsp;&nbsp;&nbsp;set_apn
<LI><a href="#[14876c4]">&gt;&gt;</a>&nbsp;&nbsp;&nbsp;FormInput
<LI><a href="#[148a388]">&gt;&gt;</a>&nbsp;&nbsp;&nbsp;MainMenuScreen_Calls
<LI><a href="#[148a3c4]">&gt;&gt;</a>&nbsp;&nbsp;&nbsp;unRecvdCalls
<LI><a href="#[148a400]">&gt;&gt;</a>&nbsp;&nbsp;&nbsp;display_papa
<LI><a href="#[148a43c]">&gt;&gt;</a>&nbsp;&nbsp;&nbsp;RecvdCalls
<LI><a href="#[148a478]">&gt;&gt;</a>&nbsp;&nbsp;&nbsp;DisplayDetailRecvdCalls
<LI><a href="#[148a4b4]">&gt;&gt;</a>&nbsp;&nbsp;&nbsp;DialledNO
<LI><a href="#[148a4f0]">&gt;&gt;</a>&nbsp;&nbsp;&nbsp;Delete_all_record
<LI><a href="#[1547c48]">&gt;&gt;</a>&nbsp;&nbsp;&nbsp;Calendar
<LI><a href="#[1547c84]">&gt;&gt;</a>&nbsp;&nbsp;&nbsp;Calculator
<LI><a href="#[15497f0]">&gt;&gt;</a>&nbsp;&nbsp;&nbsp;GetString_abcABC123PYWuBi2
<LI><a href="#[15498a4]">&gt;&gt;</a>&nbsp;&nbsp;&nbsp;WIFISet
<LI><a href="#[15498e0]">&gt;&gt;</a>&nbsp;&nbsp;&nbsp;WANSet
<LI><a href="#[154991c]">&gt;&gt;</a>&nbsp;&nbsp;&nbsp;UpdateParameter
<LI><a href="#[15499d0]">&gt;&gt;</a>&nbsp;&nbsp;&nbsp;ReadSomeMessage
<LI><a href="#[1549a0c]">&gt;&gt;</a>&nbsp;&nbsp;&nbsp;PinSet
<LI><a href="#[1549b74]">&gt;&gt;</a>&nbsp;&nbsp;&nbsp;ChangeNetwork
<LI><a href="#[1549bb0]">&gt;&gt;</a>&nbsp;&nbsp;&nbsp;BasicSettings
<LI><a href="#[1549bec]">&gt;&gt;</a>&nbsp;&nbsp;&nbsp;AdvancedSet
<LI><a href="#[154a18c]">&gt;&gt;</a>&nbsp;&nbsp;&nbsp;WifiworkmodeSet
<LI><a href="#[154a1c8]">&gt;&gt;</a>&nbsp;&nbsp;&nbsp;WifiSaveConfig
<LI><a href="#[154a204]">&gt;&gt;</a>&nbsp;&nbsp;&nbsp;WPManage
<LI><a href="#[154a240]">&gt;&gt;</a>&nbsp;&nbsp;&nbsp;WIFIParmeterSet
<LI><a href="#[154a27c]">&gt;&gt;</a>&nbsp;&nbsp;&nbsp;WIFIParStore
<LI><a href="#[154a2b8]">&gt;&gt;</a>&nbsp;&nbsp;&nbsp;WIFIConnectTCP
<LI><a href="#[154a2f4]">&gt;&gt;</a>&nbsp;&nbsp;&nbsp;TimeDateSet
<LI><a href="#[154a330]">&gt;&gt;</a>&nbsp;&nbsp;&nbsp;TerminalPasswordSet
<LI><a href="#[154a36c]">&gt;&gt;</a>&nbsp;&nbsp;&nbsp;TerminalIDSet
<LI><a href="#[154a3a8]">&gt;&gt;</a>&nbsp;&nbsp;&nbsp;SetWifiDefault
<LI><a href="#[154a3e4]">&gt;&gt;</a>&nbsp;&nbsp;&nbsp;SearchWLANSet
<LI><a href="#[154a420]">&gt;&gt;</a>&nbsp;&nbsp;&nbsp;SSIDSet
<LI><a href="#[154a45c]">&gt;&gt;</a>&nbsp;&nbsp;&nbsp;RestoreChuChangSet
<LI><a href="#[154a498]">&gt;&gt;</a>&nbsp;&nbsp;&nbsp;PowerOffScreenTime
<LI><a href="#[154a63c]">&gt;&gt;</a>&nbsp;&nbsp;&nbsp;OpPsword
<LI><a href="#[154a6f0]">&gt;&gt;</a>&nbsp;&nbsp;&nbsp;NetworkSet
<LI><a href="#[154a72c]">&gt;&gt;</a>&nbsp;&nbsp;&nbsp;Model_Set
<LI><a href="#[154a768]">&gt;&gt;</a>&nbsp;&nbsp;&nbsp;MaskSet
<LI><a href="#[154a7a4]">&gt;&gt;</a>&nbsp;&nbsp;&nbsp;LoclaIPSet
<LI><a href="#[154a858]">&gt;&gt;</a>&nbsp;&nbsp;&nbsp;LanguageSet
<LI><a href="#[154a894]">&gt;&gt;</a>&nbsp;&nbsp;&nbsp;IpAddSet
<LI><a href="#[154a8d0]">&gt;&gt;</a>&nbsp;&nbsp;&nbsp;GatewaySet
<LI><a href="#[154a90c]">&gt;&gt;</a>&nbsp;&nbsp;&nbsp;FormatEEPROM
<LI><a href="#[154a948]">&gt;&gt;</a>&nbsp;&nbsp;&nbsp;EncTypeSet
<LI><a href="#[154a984]">&gt;&gt;</a>&nbsp;&nbsp;&nbsp;Display_RandomNumber
<LI><a href="#[154a9c0]">&gt;&gt;</a>&nbsp;&nbsp;&nbsp;Display_KMY_LibVersion
<LI><a href="#[154a9fc]">&gt;&gt;</a>&nbsp;&nbsp;&nbsp;Display_IMEI
<LI><a href="#[154aa38]">&gt;&gt;</a>&nbsp;&nbsp;&nbsp;Display_ChipId
<LI><a href="#[154aa74]">&gt;&gt;</a>&nbsp;&nbsp;&nbsp;DisplayVersion
<LI><a href="#[154aab0]">&gt;&gt;</a>&nbsp;&nbsp;&nbsp;DisplayCID
<LI><a href="#[154aaec]">&gt;&gt;</a>&nbsp;&nbsp;&nbsp;DhcpSet
<LI><a href="#[154ab64]">&gt;&gt;</a>&nbsp;&nbsp;&nbsp;DNSSet
<LI><a href="#[154aba0]">&gt;&gt;</a>&nbsp;&nbsp;&nbsp;ContrastSet
<LI><a href="#[154abdc]">&gt;&gt;</a>&nbsp;&nbsp;&nbsp;CSModeSet
<LI><a href="#[154ac18]">&gt;&gt;</a>&nbsp;&nbsp;&nbsp;BasicKeyTone
<LI><a href="#[154ac54]">&gt;&gt;</a>&nbsp;&nbsp;&nbsp;BasicApnSetUsername
<LI><a href="#[154ac90]">&gt;&gt;</a>&nbsp;&nbsp;&nbsp;BasicApnSetPassword
<LI><a href="#[154accc]">&gt;&gt;</a>&nbsp;&nbsp;&nbsp;BasicApnSetApn
<LI><a href="#[154ad08]">&gt;&gt;</a>&nbsp;&nbsp;&nbsp;BasicApnSet
<LI><a href="#[2466738]">&gt;&gt;</a>&nbsp;&nbsp;&nbsp;KMY_WakeUpGPIOInit
<LI><a href="#[2466ef4]">&gt;&gt;</a>&nbsp;&nbsp;&nbsp;kmy_EnterPowerDownMode
<LI><a href="#[24d627c]">&gt;&gt;</a>&nbsp;&nbsp;&nbsp;TIM2_IRQHandler
</UL>

<P><STRONG><a name="[14861ac]"></a>kmy_LcdBlackLightOn</STRONG> (Thumb, 12 bytes, Stack size 0 bytes, kmy_lcddrv.o(.text))
<BR><BR>[Calls]<UL><LI><a href="#[1543634]">&gt;&gt;</a>&nbsp;&nbsp;&nbsp;GPIO_ResetBits
</UL>
<BR>[Called By]<UL><LI><a href="#[147d638]">&gt;&gt;</a>&nbsp;&nbsp;&nbsp;SelfTest_BEEP
<LI><a href="#[14843ac]">&gt;&gt;</a>&nbsp;&nbsp;&nbsp;main
<LI><a href="#[14845c8]">&gt;&gt;</a>&nbsp;&nbsp;&nbsp;ApplicationInit
<LI><a href="#[1484a3c]">&gt;&gt;</a>&nbsp;&nbsp;&nbsp;Printlogo
<LI><a href="#[1486314]">&gt;&gt;</a>&nbsp;&nbsp;&nbsp;Waitkey_TillKeyPress
<LI><a href="#[148a0f4]">&gt;&gt;</a>&nbsp;&nbsp;&nbsp;WaitkeyAndAutoExit
<LI><a href="#[148a1a8]">&gt;&gt;</a>&nbsp;&nbsp;&nbsp;KeyEventPost
<LI><a href="#[154865c]">&gt;&gt;</a>&nbsp;&nbsp;&nbsp;_GetString_abcABC123PYWuBi
<LI><a href="#[24d627c]">&gt;&gt;</a>&nbsp;&nbsp;&nbsp;TIM2_IRQHandler
</UL>

<P><STRONG><a name="[2466e40]"></a>kmy_LcdBlackLightOff</STRONG> (Thumb, 12 bytes, Stack size 0 bytes, kmy_lcddrv.o(.text))
<BR><BR>[Calls]<UL><LI><a href="#[15435f8]">&gt;&gt;</a>&nbsp;&nbsp;&nbsp;GPIO_SetBits
</UL>
<BR>[Called By]<UL><LI><a href="#[1489ed8]">&gt;&gt;</a>&nbsp;&nbsp;&nbsp;kmy_GetKeyValue
<LI><a href="#[2466ef4]">&gt;&gt;</a>&nbsp;&nbsp;&nbsp;kmy_EnterPowerDownMode
<LI><a href="#[24d627c]">&gt;&gt;</a>&nbsp;&nbsp;&nbsp;TIM2_IRQHandler
</UL>

<P><STRONG><a name="[2466990]"></a>ClearBuffAnyByte_bits</STRONG> (Thumb, 20 bytes, Stack size 0 bytes, kmy_lcddrv.o(.text))
<BR><BR>[Called By]<UL><LI><a href="#[148566c]">&gt;&gt;</a>&nbsp;&nbsp;&nbsp;kmy_LcdDrawBitMap
</UL>

<P><STRONG><a name="[148566c]"></a>kmy_LcdDrawBitMap</STRONG> (Thumb, 640 bytes, Stack size 0 bytes, kmy_lcddrv.o(.text))
<BR><BR>[Calls]<UL><LI><a href="#[2466990]">&gt;&gt;</a>&nbsp;&nbsp;&nbsp;ClearBuffAnyByte_bits
<LI><a href="#[2466c24]">&gt;&gt;</a>&nbsp;&nbsp;&nbsp;byteCombine
<LI><a href="#[2466c60]">&gt;&gt;</a>&nbsp;&nbsp;&nbsp;AccordingLcdRamDisplay
</UL>
<BR>[Called By]<UL><LI><a href="#[147cfa8]">&gt;&gt;</a>&nbsp;&nbsp;&nbsp;SelfTest_RF
<LI><a href="#[1485798]">&gt;&gt;</a>&nbsp;&nbsp;&nbsp;steaddraw_pic_to_row_x
<LI><a href="#[148593c]">&gt;&gt;</a>&nbsp;&nbsp;&nbsp;draw_pic
<LI><a href="#[148746c]">&gt;&gt;</a>&nbsp;&nbsp;&nbsp;kmy_LcdTextOut
</UL>

<P><STRONG><a name="[2466954]"></a>kmy_LcdGetChineseDot</STRONG> (Thumb, 18 bytes, Stack size 0 bytes, kmy_lcddrv.o(.text))
<BR><BR>[Calls]<UL><LI><a href="#[147ca80]">&gt;&gt;</a>&nbsp;&nbsp;&nbsp;kmy_FlashReadBuffer
</UL>
<BR>[Called By]<UL><LI><a href="#[148746c]">&gt;&gt;</a>&nbsp;&nbsp;&nbsp;kmy_LcdTextOut
</UL>

<P><STRONG><a name="[148746c]"></a>kmy_LcdTextOut</STRONG> (Thumb, 130 bytes, Stack size 0 bytes, kmy_lcddrv.o(.text))
<BR><BR>[Calls]<UL><LI><a href="#[148566c]">&gt;&gt;</a>&nbsp;&nbsp;&nbsp;kmy_LcdDrawBitMap
<LI><a href="#[2466954]">&gt;&gt;</a>&nbsp;&nbsp;&nbsp;kmy_LcdGetChineseDot
<LI><a href="#[2466be8]">&gt;&gt;</a>&nbsp;&nbsp;&nbsp;GetChinesePositon
</UL>
<BR>[Called By]<UL><LI><a href="#[14856e4]">&gt;&gt;</a>&nbsp;&nbsp;&nbsp;text_out_to_row_x
<LI><a href="#[148575c]">&gt;&gt;</a>&nbsp;&nbsp;&nbsp;text_out_to_row
<LI><a href="#[14873f4]">&gt;&gt;</a>&nbsp;&nbsp;&nbsp;text_out_length
<LI><a href="#[1487520]">&gt;&gt;</a>&nbsp;&nbsp;&nbsp;abcReadCode
<LI><a href="#[148764c]">&gt;&gt;</a>&nbsp;&nbsp;&nbsp;Form_display
<LI><a href="#[14876c4]">&gt;&gt;</a>&nbsp;&nbsp;&nbsp;FormInput
<LI><a href="#[1487700]">&gt;&gt;</a>&nbsp;&nbsp;&nbsp;ABCReadCode
<LI><a href="#[1489de8]">&gt;&gt;</a>&nbsp;&nbsp;&nbsp;text_out_to_row_x_fillSpace
<LI><a href="#[1489e24]">&gt;&gt;</a>&nbsp;&nbsp;&nbsp;text_out_to_row_fillSpace
<LI><a href="#[15410b4]">&gt;&gt;</a>&nbsp;&nbsp;&nbsp;signalstrenth
<LI><a href="#[1543364]">&gt;&gt;</a>&nbsp;&nbsp;&nbsp;PrntNo
<LI><a href="#[15433a0]">&gt;&gt;</a>&nbsp;&nbsp;&nbsp;PrntChar
<LI><a href="#[15433dc]">&gt;&gt;</a>&nbsp;&nbsp;&nbsp;ChkForDig
<LI><a href="#[1543ea4]">&gt;&gt;</a>&nbsp;&nbsp;&nbsp;ChkForAlpha
<LI><a href="#[1543f94]">&gt;&gt;</a>&nbsp;&nbsp;&nbsp;showdetails
<LI><a href="#[1543fd0]">&gt;&gt;</a>&nbsp;&nbsp;&nbsp;showdetForDigit
<LI><a href="#[154400c]">&gt;&gt;</a>&nbsp;&nbsp;&nbsp;popup
<LI><a href="#[15440fc]">&gt;&gt;</a>&nbsp;&nbsp;&nbsp;selectmenu
<LI><a href="#[15443cc]">&gt;&gt;</a>&nbsp;&nbsp;&nbsp;addmenu
<LI><a href="#[1544534]">&gt;&gt;</a>&nbsp;&nbsp;&nbsp;setdata
<LI><a href="#[1547c48]">&gt;&gt;</a>&nbsp;&nbsp;&nbsp;Calendar
<LI><a href="#[154aba0]">&gt;&gt;</a>&nbsp;&nbsp;&nbsp;ContrastSet
<LI><a href="#[2466ef4]">&gt;&gt;</a>&nbsp;&nbsp;&nbsp;kmy_EnterPowerDownMode
<LI><a href="#[24d627c]">&gt;&gt;</a>&nbsp;&nbsp;&nbsp;TIM2_IRQHandler
</UL>

<P><STRONG><a name="[1485630]"></a>kmy_LcdDrawLine</STRONG> (Thumb, 400 bytes, Stack size 0 bytes, kmy_lcddrv.o(.text))
<BR><BR>[Calls]<UL><LI><a href="#[2466c60]">&gt;&gt;</a>&nbsp;&nbsp;&nbsp;AccordingLcdRamDisplay
</UL>
<BR>[Called By]<UL><LI><a href="#[14855f4]">&gt;&gt;</a>&nbsp;&nbsp;&nbsp;kmy_LcdDrawRect
<LI><a href="#[14874a8]">&gt;&gt;</a>&nbsp;&nbsp;&nbsp;draw_line
<LI><a href="#[15410b4]">&gt;&gt;</a>&nbsp;&nbsp;&nbsp;signalstrenth
<LI><a href="#[154400c]">&gt;&gt;</a>&nbsp;&nbsp;&nbsp;popup
</UL>

<P><STRONG><a name="[14855f4]"></a>kmy_LcdDrawRect</STRONG> (Thumb, 502 bytes, Stack size 0 bytes, kmy_lcddrv.o(.text))
<BR><BR>[Calls]<UL><LI><a href="#[1485630]">&gt;&gt;</a>&nbsp;&nbsp;&nbsp;kmy_LcdDrawLine
<LI><a href="#[2466bac]">&gt;&gt;</a>&nbsp;&nbsp;&nbsp;BuffAnyByteBits_Change
[...]
<LI><a href="#[14859b4]">&gt;&gt;</a>&nbsp;&nbsp;&nbsp;clear_area_to_row
<LI><a href="#[14874a8]">&gt;&gt;</a>&nbsp;&nbsp;&nbsp;draw_line
<LI><a href="#[1489de8]">&gt;&gt;</a>&nbsp;&nbsp;&nbsp;text_out_to_row_x_fillSpace
<LI><a href="#[1489e24]">&gt;&gt;</a>&nbsp;&nbsp;&nbsp;text_out_to_row_fillSpace
<LI><a href="#[1489e9c]">&gt;&gt;</a>&nbsp;&nbsp;&nbsp;kmy_LcdClear
<LI><a href="#[1489ed8]">&gt;&gt;</a>&nbsp;&nbsp;&nbsp;kmy_GetKeyValue
<LI><a href="#[148a1a8]">&gt;&gt;</a>&nbsp;&nbsp;&nbsp;KeyEventPost
<LI><a href="#[1547b58]">&gt;&gt;</a>&nbsp;&nbsp;&nbsp;calculate_result
<LI><a href="#[24d3f18]">&gt;&gt;</a>&nbsp;&nbsp;&nbsp;strlen
</UL>
<BR>[Address Reference Count : 1]<UL><LI> tool.o(.data)
</UL>
<P><STRONG><a name="[1547c48]"></a>Calendar</STRONG> (Thumb, 1382 bytes, Stack size 0 bytes, tool.o(i.Calendar))
<BR><BR>[Calls]<UL><LI><a href="#[1483b3c]">&gt;&gt;</a>&nbsp;&nbsp;&nbsp;kmy_TimeGetTime
<LI><a href="#[14856a8]">&gt;&gt;</a>&nbsp;&nbsp;&nbsp;text_out_to_row_x_Language2
<LI><a href="#[1485720]">&gt;&gt;</a>&nbsp;&nbsp;&nbsp;text_out_to_row_Language2
<LI><a href="#[148593c]">&gt;&gt;</a>&nbsp;&nbsp;&nbsp;draw_pic
<LI><a href="#[1486350]">&gt;&gt;</a>&nbsp;&nbsp;&nbsp;PostKey
<LI><a href="#[148746c]">&gt;&gt;</a>&nbsp;&nbsp;&nbsp;kmy_LcdTextOut
<LI><a href="#[14874a8]">&gt;&gt;</a>&nbsp;&nbsp;&nbsp;draw_line
<LI><a href="#[14874e4]">&gt;&gt;</a>&nbsp;&nbsp;&nbsp;clear_area
<LI><a href="#[14898fc]">&gt;&gt;</a>&nbsp;&nbsp;&nbsp;reverse_area
<LI><a href="#[1489e9c]">&gt;&gt;</a>&nbsp;&nbsp;&nbsp;kmy_LcdClear
<LI><a href="#[1489ed8]">&gt;&gt;</a>&nbsp;&nbsp;&nbsp;kmy_GetKeyValue
<LI><a href="#[148a1a8]">&gt;&gt;</a>&nbsp;&nbsp;&nbsp;KeyEventPost
<LI><a href="#[1547b94]">&gt;&gt;</a>&nbsp;&nbsp;&nbsp;WeekDay
<LI><a href="#[1547bd0]">&gt;&gt;</a>&nbsp;&nbsp;&nbsp;LunarCalendar
<LI><a href="#[24cd0f0]">&gt;&gt;</a>&nbsp;&nbsp;&nbsp;__2sprintf
<LI><a href="#[24d3c48]">&gt;&gt;</a>&nbsp;&nbsp;&nbsp;strcpy
<LI><a href="#[24d3f18]">&gt;&gt;</a>&nbsp;&nbsp;&nbsp;strlen
<LI><a href="#[24d4134]">&gt;&gt;</a>&nbsp;&nbsp;&nbsp;strcat
<LI><a href="#[24d4440]">&gt;&gt;</a>&nbsp;&nbsp;&nbsp;__aeabi_memcpy4
</UL>
<BR>[Address Reference Count : 1]<UL><LI> tool.o(.data)
</UL>
<P><STRONG><a name="[1547c0c]"></a>DeleteAbuff0000</STRONG> (Thumb, 96 bytes, Stack size 0 bytes, tool.o(i.DeleteAbuff0000))
<BR><BR>[Called By]<UL><LI><a href="#[1547b58]">&gt;&gt;</a>&nbsp;&nbsp;&nbsp;calculate_result
</UL>

<P><STRONG><a name="[1547bd0]"></a>LunarCalendar</STRONG> (Thumb, 450 bytes, Stack size 0 bytes, tool.o(i.LunarCalendar))
<BR><BR>[Calls]<UL><LI><a href="#[24d4440]">&gt;&gt;</a>&nbsp;&nbsp;&nbsp;__aeabi_memcpy4
</UL>
<BR>[Called By]<UL><LI><a href="#[1547c48]">&gt;&gt;</a>&nbsp;&nbsp;&nbsp;Calendar
</UL>

<P><STRONG><a name="[1547b94]"></a>WeekDay</STRONG> (Thumb, 168 bytes, Stack size 0 bytes, tool.o(i.WeekDay))
<BR><BR>[Called By]<UL><LI><a href="#[1547c48]">&gt;&gt;</a>&nbsp;&nbsp;&nbsp;Calendar
</UL>

<P><STRONG><a name="[1547b58]"></a>calculate_result</STRONG> (Thumb, 168 bytes, Stack size 0 bytes, tool.o(i.calculate_result))
<BR><BR>[Calls]<UL><LI><a href="#[1481490]">&gt;&gt;</a>&nbsp;&nbsp;&nbsp;_my_DisplayBuff
<LI><a href="#[14859b4]">&gt;&gt;</a>&nbsp;&nbsp;&nbsp;clear_area_to_row
<LI><a href="#[1547a68]">&gt;&gt;</a>&nbsp;&nbsp;&nbsp;__aeabi_dsub
<LI><a href="#[1547aa4]">&gt;&gt;</a>&nbsp;&nbsp;&nbsp;__aeabi_dmul
<LI><a href="#[1547ae0]">&gt;&gt;</a>&nbsp;&nbsp;&nbsp;__aeabi_ddiv
<LI><a href="#[1547b1c]">&gt;&gt;</a>&nbsp;&nbsp;&nbsp;__aeabi_dadd
<LI><a href="#[1547c0c]">&gt;&gt;</a>&nbsp;&nbsp;&nbsp;DeleteAbuff0000
<LI><a href="#[24cd0f0]">&gt;&gt;</a>&nbsp;&nbsp;&nbsp;__2sprintf
<LI><a href="#[24d573c]">&gt;&gt;</a>&nbsp;&nbsp;&nbsp;atof
</UL>
<BR>[Called By]<UL><LI><a href="#[1547c84]">&gt;&gt;</a>&nbsp;&nbsp;&nbsp;Calculator
</UL>

<P><STRONG><a name="[154784c]"></a>get_ucs2_offset</STRONG> (Thumb, 106 bytes, Stack size 0 bytes, ucs2_to_gb2312.o(i.get_ucs2_offset))
<BR><BR>[Called By]<UL><LI><a href="#[1481814]">&gt;&gt;</a>&nbsp;&nbsp;&nbsp;ucs2str_to_gb2312str
</UL>

<P><STRONG><a name="[2467c14]"></a>SetSysClock</STRONG> (Thumb, 8 bytes, Stack size 0 bytes, system_stm32f10x.o(i.SetSysClock))
<BR><BR>[Calls]<UL><LI><a href="#[2467bd8]">&gt;&gt;</a>&nbsp;&nbsp;&nbsp;SetSysClockTo72
</UL>
<BR>[Called By]<UL><LI><a href="#[2469348]">&gt;&gt;</a>&nbsp;&nbsp;&nbsp;SystemInit
</UL>

<P><STRONG><a name="[2467bd8]"></a>SetSysClockTo72</STRONG> (Thumb, 192 bytes, Stack size 0 bytes, system_stm32f10x.o(i.SetSysClockTo72))
<BR><BR>[Called By]<UL><LI><a href="#[2467c14]">&gt;&gt;</a>&nbsp;&nbsp;&nbsp;SetSysClock
</UL>

<P><STRONG><a name="[24677a0]"></a>IIC_Init</STRONG> (Thumb, 76 bytes, Stack size 0 bytes, kmy_eepromdrv.o(.text))
<BR><BR>[Calls]<UL><LI><a href="#[15435bc]">&gt;&gt;</a>&nbsp;&nbsp;&nbsp;RCC_APB2PeriphClockCmd
<LI><a href="#[15435f8]">&gt;&gt;</a>&nbsp;&nbsp;&nbsp;GPIO_SetBits
<LI><a href="#[15436ac]">&gt;&gt;</a>&nbsp;&nbsp;&nbsp;GPIO_Init
</UL>
<BR>[Called By]<UL><LI><a href="#[1483dd0]">&gt;&gt;</a>&nbsp;&nbsp;&nbsp;kmy_EepromInit
</UL>

<P><STRONG><a name="[2467764]"></a>IIC_Start</STRONG> (Thumb, 52 bytes, Stack size 0 bytes, kmy_eepromdrv.o(.text))
<BR><BR>[Calls]<UL><LI><a href="#[1543580]">&gt;&gt;</a>&nbsp;&nbsp;&nbsp;usleep
<LI><a href="#[15435f8]">&gt;&gt;</a>&nbsp;&nbsp;&nbsp;GPIO_SetBits
<LI><a href="#[1543634]">&gt;&gt;</a>&nbsp;&nbsp;&nbsp;GPIO_ResetBits
</UL>
<BR>[Called By]<UL><LI><a href="#[1487d90]">&gt;&gt;</a>&nbsp;&nbsp;&nbsp;kmy_EepromWritePage
<LI><a href="#[1487dcc]">&gt;&gt;</a>&nbsp;&nbsp;&nbsp;kmy_EepromWriteByte
<LI><a href="#[1487e08]">&gt;&gt;</a>&nbsp;&nbsp;&nbsp;kmy_EepromReadSequent
<LI><a href="#[24675c0]">&gt;&gt;</a>&nbsp;&nbsp;&nbsp;kmy_EepromReadByte
</UL>

<P><STRONG><a name="[2467728]"></a>IIC_Stop</STRONG> (Thumb, 52 bytes, Stack size 0 bytes, kmy_eepromdrv.o(.text))
<BR><BR>[Calls]<UL><LI><a href="#[1543580]">&gt;&gt;</a>&nbsp;&nbsp;&nbsp;usleep
<LI><a href="#[15435f8]">&gt;&gt;</a>&nbsp;&nbsp;&nbsp;GPIO_SetBits
<LI><a href="#[1543634]">&gt;&gt;</a>&nbsp;&nbsp;&nbsp;GPIO_ResetBits
</UL>
<BR>[Called By]<UL><LI><a href="#[1487d90]">&gt;&gt;</a>&nbsp;&nbsp;&nbsp;kmy_EepromWritePage
<LI><a href="#[1487dcc]">&gt;&gt;</a>&nbsp;&nbsp;&nbsp;kmy_EepromWriteByte
<LI><a href="#[1487e08]">&gt;&gt;</a>&nbsp;&nbsp;&nbsp;kmy_EepromReadSequent
<LI><a href="#[24675c0]">&gt;&gt;</a>&nbsp;&nbsp;&nbsp;kmy_EepromReadByte
<LI><a href="#[24676ec]">&gt;&gt;</a>&nbsp;&nbsp;&nbsp;IIC_Wait_Ack
</UL>

<P><STRONG><a name="[24676ec]"></a>IIC_Wait_Ack</STRONG> (Thumb, 120 bytes, Stack size 0 bytes, kmy_eepromdrv.o(.text))
<BR><BR>[Calls]<UL><LI><a href="#[1543580]">&gt;&gt;</a>&nbsp;&nbsp;&nbsp;usleep
<LI><a href="#[15435f8]">&gt;&gt;</a>&nbsp;&nbsp;&nbsp;GPIO_SetBits
<LI><a href="#[1543634]">&gt;&gt;</a>&nbsp;&nbsp;&nbsp;GPIO_ResetBits
<LI><a href="#[1543670]">&gt;&gt;</a>&nbsp;&nbsp;&nbsp;GPIO_ReadInputDataBit
<LI><a href="#[2467728]">&gt;&gt;</a>&nbsp;&nbsp;&nbsp;IIC_Stop
</UL>
<BR>[Called By]<UL><LI><a href="#[1487d90]">&gt;&gt;</a>&nbsp;&nbsp;&nbsp;kmy_EepromWritePage
<LI><a href="#[1487dcc]">&gt;&gt;</a>&nbsp;&nbsp;&nbsp;kmy_EepromWriteByte
<LI><a href="#[1487e08]">&gt;&gt;</a>&nbsp;&nbsp;&nbsp;kmy_EepromReadSequent
<LI><a href="#[24675c0]">&gt;&gt;</a>&nbsp;&nbsp;&nbsp;kmy_EepromReadByte
</UL>

<P><STRONG><a name="[24676b0]"></a>IIC_Ack</STRONG> (Thumb, 76 bytes, Stack size 0 bytes, kmy_eepromdrv.o(.text))
<BR><BR>[Calls]<UL><LI><a href="#[1543580]">&gt;&gt;</a>&nbsp;&nbsp;&nbsp;usleep
<LI><a href="#[15435f8]">&gt;&gt;</a>&nbsp;&nbsp;&nbsp;GPIO_SetBits
<LI><a href="#[1543634]">&gt;&gt;</a>&nbsp;&nbsp;&nbsp;GPIO_ResetBits
</UL>
<BR>[Called By]<UL><LI><a href="#[1487e08]">&gt;&gt;</a>&nbsp;&nbsp;&nbsp;kmy_EepromReadSequent
</UL>

<P><STRONG><a name="[2467674]"></a>IIC_NAck</STRONG> (Thumb, 76 bytes, Stack size 0 bytes, kmy_eepromdrv.o(.text))
<BR><BR>[Calls]<UL><LI><a href="#[1543580]">&gt;&gt;</a>&nbsp;&nbsp;&nbsp;usleep
<LI><a href="#[15435f8]">&gt;&gt;</a>&nbsp;&nbsp;&nbsp;GPIO_SetBits
<LI><a href="#[1543634]">&gt;&gt;</a>&nbsp;&nbsp;&nbsp;GPIO_ResetBits
</UL>
<BR>[Called By]<UL><LI><a href="#[1487e08]">&gt;&gt;</a>&nbsp;&nbsp;&nbsp;kmy_EepromReadSequent
<LI><a href="#[24675c0]">&gt;&gt;</a>&nbsp;&nbsp;&nbsp;kmy_EepromReadByte
</UL>

<P><STRONG><a name="[2467638]"></a>IIC_Send_Byte</STRONG> (Thumb, 118 bytes, Stack size 0 bytes, kmy_eepromdrv.o(.text))
<BR><BR>[Calls]<UL><LI><a href="#[1543580]">&gt;&gt;</a>&nbsp;&nbsp;&nbsp;usleep
<LI><a href="#[15435f8]">&gt;&gt;</a>&nbsp;&nbsp;&nbsp;GPIO_SetBits
<LI><a href="#[1543634]">&gt;&gt;</a>&nbsp;&nbsp;&nbsp;GPIO_ResetBits
</UL>
<BR>[Called By]<UL><LI><a href="#[1487d90]">&gt;&gt;</a>&nbsp;&nbsp;&nbsp;kmy_EepromWritePage
<LI><a href="#[1487dcc]">&gt;&gt;</a>&nbsp;&nbsp;&nbsp;kmy_EepromWriteByte
<LI><a href="#[1487e08]">&gt;&gt;</a>&nbsp;&nbsp;&nbsp;kmy_EepromReadSequent
<LI><a href="#[24675c0]">&gt;&gt;</a>&nbsp;&nbsp;&nbsp;kmy_EepromReadByte
</UL>

<P><STRONG><a name="[24675fc]"></a>IIC_Read_Byte</STRONG> (Thumb, 148 bytes, Stack size 0 bytes, kmy_eepromdrv.o(.text))
<BR><BR>[Calls]<UL><LI><a href="#[1543580]">&gt;&gt;</a>&nbsp;&nbsp;&nbsp;usleep
<LI><a href="#[15435f8]">&gt;&gt;</a>&nbsp;&nbsp;&nbsp;GPIO_SetBits
<LI><a href="#[1543634]">&gt;&gt;</a>&nbsp;&nbsp;&nbsp;GPIO_ResetBits
<LI><a href="#[1543670]">&gt;&gt;</a>&nbsp;&nbsp;&nbsp;GPIO_ReadInputDataBit
</UL>
<BR>[Called By]<UL><LI><a href="#[1487e08]">&gt;&gt;</a>&nbsp;&nbsp;&nbsp;kmy_EepromReadSequent
<LI><a href="#[24675c0]">&gt;&gt;</a>&nbsp;&nbsp;&nbsp;kmy_EepromReadByte
</UL>

<P><STRONG><a name="[2466c60]"></a>AccordingLcdRamDisplay</STRONG> (Thumb, 48 bytes, Stack size 0 bytes, kmy_lcddrv.o(.text))
<BR><BR>[Calls]<UL><LI><a href="#[2466a44]">&gt;&gt;</a>&nbsp;&nbsp;&nbsp;LCDSetXY
<LI><a href="#[2466a80]">&gt;&gt;</a>&nbsp;&nbsp;&nbsp;write_data
</UL>
<BR>[Called By]<UL><LI><a href="#[14855f4]">&gt;&gt;</a>&nbsp;&nbsp;&nbsp;kmy_LcdDrawRect
<LI><a href="#[1485630]">&gt;&gt;</a>&nbsp;&nbsp;&nbsp;kmy_LcdDrawLine
<LI><a href="#[148566c]">&gt;&gt;</a>&nbsp;&nbsp;&nbsp;kmy_LcdDrawBitMap
<LI><a href="#[1489e9c]">&gt;&gt;</a>&nbsp;&nbsp;&nbsp;kmy_LcdClear
</UL>

<P><STRONG><a name="[2466c24]"></a>byteCombine</STRONG> (Thumb, 82 bytes, Stack size 0 bytes, kmy_lcddrv.o(.text))
<BR><BR>[Called By]<UL><LI><a href="#[148566c]">&gt;&gt;</a>&nbsp;&nbsp;&nbsp;kmy_LcdDrawBitMap
</UL>

<P><STRONG><a name="[2466be8]"></a>GetChinesePositon</STRONG> (Thumb, 82 bytes, Stack size 0 bytes, kmy_lcddrv.o(.text))
<BR><BR>[Called By]<UL><LI><a href="#[148746c]">&gt;&gt;</a>&nbsp;&nbsp;&nbsp;kmy_LcdTextOut
</UL>

<P><STRONG><a name="[2466bac]"></a>BuffAnyByteBits_Change</STRONG> (Thumb, 80 bytes, Stack size 0 bytes, kmy_lcddrv.o(.text))
<BR><BR>[Called By]<UL><LI><a href="#[14855f4]">&gt;&gt;</a>&nbsp;&nbsp;&nbsp;kmy_LcdDrawRect
</UL>

<P><STRONG><a name="[2466648]"></a>ArrayExchangeEndToEnd_ByCheckEnd</STRONG> (Thumb, 82 bytes, Stack size 0 bytes, kmy_magcardpadrv.o(.text))
<BR><BR>[Called By]<UL><LI><a href="#[147ca08]">&gt;&gt;</a>&nbsp;&nbsp;&nbsp;kmy_MagcardRead
</UL>

<P><STRONG><a name="[246660c]"></a>Low5BitsExchange</STRONG> (Thumb, 56 bytes, Stack size 0 bytes, kmy_magcardpadrv.o(.text))
<BR><BR>[Called By]<UL><LI><a href="#[147ca08]">&gt;&gt;</a>&nbsp;&nbsp;&nbsp;kmy_MagcardRead
</UL>

<P><STRONG><a name="[24665d0]"></a>Low7BitsExchange</STRONG> (Thumb, 76 bytes, Stack size 0 bytes, kmy_magcardpadrv.o(.text))
<BR><BR>[Called By]<UL><LI><a href="#[147ca08]">&gt;&gt;</a>&nbsp;&nbsp;&nbsp;kmy_MagcardRead
</UL>

<P><STRONG><a name="[2466594]"></a>CalcXOR</STRONG> (Thumb, 40 bytes, Stack size 0 bytes, kmy_magcardpadrv.o(.text))
<BR><BR>[Called By]<UL><LI><a href="#[2466378]">&gt;&gt;</a>&nbsp;&nbsp;&nbsp;GetValidData
</UL>

<P><STRONG><a name="[2466558]"></a>CalcOddParity</STRONG> (Thumb, 52 bytes, Stack size 0 bytes, kmy_magcardpadrv.o(.text))
<BR><BR>[Called By]<UL><LI><a href="#[24664e0]">&gt;&gt;</a>&nbsp;&nbsp;&nbsp;CheckParityFrom1FTo0B
<LI><a href="#[246651c]">&gt;&gt;</a>&nbsp;&nbsp;&nbsp;CheckParity
</UL>

<P><STRONG><a name="[246651c]"></a>CheckParity</STRONG> (Thumb, 34 bytes, Stack size 0 bytes, kmy_magcardpadrv.o(.text))
<BR><BR>[Calls]<UL><LI><a href="#[2466558]">&gt;&gt;</a>&nbsp;&nbsp;&nbsp;CalcOddParity
</UL>
<BR>[Called By]<UL><LI><a href="#[2466378]">&gt;&gt;</a>&nbsp;&nbsp;&nbsp;GetValidData
</UL>

<P><STRONG><a name="[24664e0]"></a>CheckParityFrom1FTo0B</STRONG> (Thumb, 104 bytes, Stack size 0 bytes, kmy_magcardpadrv.o(.text))
<BR><BR>[Calls]<UL><LI><a href="#[2466558]">&gt;&gt;</a>&nbsp;&nbsp;&nbsp;CalcOddParity
</UL>
<BR>[Called By]<UL><LI><a href="#[147ca08]">&gt;&gt;</a>&nbsp;&nbsp;&nbsp;kmy_MagcardRead
</UL>

<P><STRONG><a name="[24664a4]"></a>ChangeData23</STRONG> (Thumb, 12 bytes, Stack size 0 bytes, kmy_magcardpadrv.o(.text))
<BR><BR>[Called By]<UL><LI><a href="#[2466468]">&gt;&gt;</a>&nbsp;&nbsp;&nbsp;ShowTrack23
</UL>

<P><STRONG><a name="[2466468]"></a>ShowTrack23</STRONG> (Thumb, 28 bytes, Stack size 0 bytes, kmy_magcardpadrv.o(.text))
<BR><BR>[Calls]<UL><LI><a href="#[24664a4]">&gt;&gt;</a>&nbsp;&nbsp;&nbsp;ChangeData23
</UL>
<BR>[Called By]<UL><LI><a href="#[2466378]">&gt;&gt;</a>&nbsp;&nbsp;&nbsp;GetValidData
</UL>

<P><STRONG><a name="[246642c]"></a>ChangeData1</STRONG> (Thumb, 12 bytes, Stack size 0 bytes, kmy_magcardpadrv.o(.text))
<BR><BR>[Called By]<UL><LI><a href="#[24663f0]">&gt;&gt;</a>&nbsp;&nbsp;&nbsp;ShowTrack1
</UL>

<P><STRONG><a name="[24663f0]"></a>ShowTrack1</STRONG> (Thumb, 28 bytes, Stack size 0 bytes, kmy_magcardpadrv.o(.text))
<BR><BR>[Calls]<UL><LI><a href="#[246642c]">&gt;&gt;</a>&nbsp;&nbsp;&nbsp;ChangeData1
</UL>
<BR>[Called By]<UL><LI><a href="#[2466378]">&gt;&gt;</a>&nbsp;&nbsp;&nbsp;GetValidData
</UL>

<P><STRONG><a name="[24663b4]"></a>GetStartEnd</STRONG> (Thumb, 128 bytes, Stack size 0 bytes, kmy_magcardpadrv.o(.text))
<BR><BR>[Called By]<UL><LI><a href="#[2466378]">&gt;&gt;</a>&nbsp;&nbsp;&nbsp;GetValidData
</UL>

<P><STRONG><a name="[2466378]"></a>GetValidData</STRONG> (Thumb, 158 bytes, Stack size 0 bytes, kmy_magcardpadrv.o(.text))
<BR><BR>[Calls]<UL><LI><a href="#[24663b4]">&gt;&gt;</a>&nbsp;&nbsp;&nbsp;GetStartEnd
<LI><a href="#[24663f0]">&gt;&gt;</a>&nbsp;&nbsp;&nbsp;ShowTrack1
<LI><a href="#[2466468]">&gt;&gt;</a>&nbsp;&nbsp;&nbsp;ShowTrack23
<LI><a href="#[246651c]">&gt;&gt;</a>&nbsp;&nbsp;&nbsp;CheckParity
<LI><a href="#[2466594]">&gt;&gt;</a>&nbsp;&nbsp;&nbsp;CalcXOR
</UL>
<BR>[Called By]<UL><LI><a href="#[147ca08]">&gt;&gt;</a>&nbsp;&nbsp;&nbsp;kmy_MagcardRead
</UL>

<P><STRONG><a name="[24d72e4]"></a>PSAM_ByteReceive</STRONG> (Thumb, 46 bytes, Stack size 0 bytes, kmy_psamdrv.o(.text))
<BR><BR>[Calls]<UL><LI><a href="#[1481328]">&gt;&gt;</a>&nbsp;&nbsp;&nbsp;USART_GetFlagStatus
<LI><a href="#[2469c30]">&gt;&gt;</a>&nbsp;&nbsp;&nbsp;USART_ReceiveData
</UL>
<BR>[Called By]<UL><LI><a href="#[147c594]">&gt;&gt;</a>&nbsp;&nbsp;&nbsp;kmy_psamAPDU
<LI><a href="#[24d7014]">&gt;&gt;</a>&nbsp;&nbsp;&nbsp;PSAM_PTSConfig
<LI><a href="#[24d726c]">&gt;&gt;</a>&nbsp;&nbsp;&nbsp;PSAM_AnswerReq
</UL>

<P><STRONG><a name="[24d72a8]"></a>PSAM_decode_Answer2reset</STRONG> (Thumb, 340 bytes, Stack size 0 bytes, kmy_psamdrv.o(.text))
<BR><BR>[Called By]<UL><LI><a href="#[24d6fd8]">&gt;&gt;</a>&nbsp;&nbsp;&nbsp;PSAM_Handler
</UL>

<P><STRONG><a name="[24d726c]"></a>PSAM_AnswerReq</STRONG> (Thumb, 180 bytes, Stack size 0 bytes, kmy_psamdrv.o(.text))
<BR><BR>[Calls]<UL><LI><a href="#[24d7050]">&gt;&gt;</a>&nbsp;&nbsp;&nbsp;PSAM_Reset
<LI><a href="#[24d72e4]">&gt;&gt;</a>&nbsp;&nbsp;&nbsp;PSAM_ByteReceive
</UL>
<BR>[Called By]<UL><LI><a href="#[24d6fd8]">&gt;&gt;</a>&nbsp;&nbsp;&nbsp;PSAM_Handler
</UL>

<P><STRONG><a name="[24d6588]"></a>time2_NVIC_Configuration</STRONG> (Thumb, 38 bytes, Stack size 0 bytes, kmy_time.o(.text))
<BR><BR>[Calls]<UL><LI><a href="#[1540b8c]">&gt;&gt;</a>&nbsp;&nbsp;&nbsp;NVIC_PriorityGroupConfig
<LI><a href="#[1540bc8]">&gt;&gt;</a>&nbsp;&nbsp;&nbsp;NVIC_Init
</UL>
<BR>[Called By]<UL><LI><a href="#[1483b00]">&gt;&gt;</a>&nbsp;&nbsp;&nbsp;kmy_TimeInit
</UL>

<P><STRONG><a name="[24d654c]"></a>__offtime</STRONG> (Thumb, 644 bytes, Stack size 0 bytes, kmy_time.o(.text))
<BR><BR>[Called By]<UL><LI><a href="#[1483b3c]">&gt;&gt;</a>&nbsp;&nbsp;&nbsp;kmy_TimeGetTime
</UL>

<P><STRONG><a name="[24d5958]"></a>kmy_WiFi_USARTSendOne</STRONG> (Thumb, 26 bytes, Stack size 0 bytes, kmy_wifi_usartdrv.o(.text))
<BR><BR>[Called By]<UL><LI><a href="#[147c5d0]">&gt;&gt;</a>&nbsp;&nbsp;&nbsp;kmy_WiFi_USARTSendData
<LI><a href="#[14839d4]">&gt;&gt;</a>&nbsp;&nbsp;&nbsp;kmy_WiFi_USARTSendString
</UL>

<P><STRONG><a name="[24cd654]"></a>_fp_digits</STRONG> (Thumb, 372 bytes, Stack size 0 bytes, printfa.o(i._fp_digits), UNUSED)
<BR><BR>[Calls]<UL><LI><a href="#[15432ec]">&gt;&gt;</a>&nbsp;&nbsp;&nbsp;__aeabi_cdrcmple
<LI><a href="#[1547aa4]">&gt;&gt;</a>&nbsp;&nbsp;&nbsp;__aeabi_dmul
<LI><a href="#[1547ae0]">&gt;&gt;</a>&nbsp;&nbsp;&nbsp;__aeabi_ddiv
<LI><a href="#[1547b1c]">&gt;&gt;</a>&nbsp;&nbsp;&nbsp;__aeabi_dadd
<LI><a href="#[24ccb8c]">&gt;&gt;</a>&nbsp;&nbsp;&nbsp;__aeabi_d2ulz
<LI><a href="#[24d47c4]">&gt;&gt;</a>&nbsp;&nbsp;&nbsp;__aeabi_uldivmod
</UL>
<BR>[Called By]<UL><LI><a href="#[24cd618]">&gt;&gt;</a>&nbsp;&nbsp;&nbsp;_printf_core
</UL>

<P><STRONG><a name="[24cd618]"></a>_printf_core</STRONG> (Thumb, 1780 bytes, Stack size 0 bytes, printfa.o(i._printf_core), UNUSED)
<BR><BR>[Calls]<UL><LI><a href="#[24ca7ec]">&gt;&gt;</a>&nbsp;&nbsp;&nbsp;__aeabi_uidivmod
<LI><a href="#[24cd5a0]">&gt;&gt;</a>&nbsp;&nbsp;&nbsp;_printf_pre_padding
<LI><a href="#[24cd5dc]">&gt;&gt;</a>&nbsp;&nbsp;&nbsp;_printf_post_padding
<LI><a href="#[24cd654]">&gt;&gt;</a>&nbsp;&nbsp;&nbsp;_fp_digits
<LI><a href="#[24d47c4]">&gt;&gt;</a>&nbsp;&nbsp;&nbsp;__aeabi_uldivmod
</UL>
<BR>[Called By]<UL><LI><a href="#[24cd168]">&gt;&gt;</a>&nbsp;&nbsp;&nbsp;__0sprintf
<LI><a href="#[24cd3c0]">&gt;&gt;</a>&nbsp;&nbsp;&nbsp;__0printf
</UL>

<P><STRONG><a name="[24cd5dc]"></a>_printf_post_padding</STRONG> (Thumb, 36 bytes, Stack size 0 bytes, printfa.o(i._printf_post_padding), UNUSED)
<BR><BR>[Called By]<UL><LI><a href="#[24cd618]">&gt;&gt;</a>&nbsp;&nbsp;&nbsp;_printf_core
</UL>

<P><STRONG><a name="[24cd5a0]"></a>_printf_pre_padding</STRONG> (Thumb, 44 bytes, Stack size 0 bytes, printfa.o(i._printf_pre_padding), UNUSED)
<BR><BR>[Called By]<UL><LI><a href="#[24cd618]">&gt;&gt;</a>&nbsp;&nbsp;&nbsp;_printf_core
</UL>

<P><STRONG><a name="[24cd528]"></a>_sputc</STRONG> (Thumb, 10 bytes, Stack size 0 bytes, printfa.o(i._sputc))
<BR><BR>[Called By]<UL><LI><a href="#[24cd168]">&gt;&gt;</a>&nbsp;&nbsp;&nbsp;__0sprintf
</UL>
<BR>[Address Reference Count : 1]<UL><LI> printfa.o(i.__0sprintf)
</UL>
<P><STRONG><a name="[24cb908]"></a>_double_addcore</STRONG> (Thumb, 270 bytes, Stack size 0 bytes, dadd.o(.text))
<BR><BR>[Calls]<UL><LI><a href="#[24ca648]">&gt;&gt;</a>&nbsp;&nbsp;&nbsp;__aeabi_llsr
<LI><a href="#[24ca738]">&gt;&gt;</a>&nbsp;&nbsp;&nbsp;__aeabi_llsl
<LI><a href="#[24cb890]">&gt;&gt;</a>&nbsp;&nbsp;&nbsp;_double_epilogue
</UL>
<BR>[Called By]<UL><LI><a href="#[1547a68]">&gt;&gt;</a>&nbsp;&nbsp;&nbsp;__aeabi_dsub
<LI><a href="#[1547b1c]">&gt;&gt;</a>&nbsp;&nbsp;&nbsp;__aeabi_dadd
<LI><a href="#[24cb8cc]">&gt;&gt;</a>&nbsp;&nbsp;&nbsp;__aeabi_drsub
</UL>

<P><STRONG><a name="[24ca1d4]"></a>_local_sscanf</STRONG> (Thumb, 54 bytes, Stack size 0 bytes, strtod.o(.text))
<BR><BR>[Calls]<UL><LI><a href="#[25de938]">&gt;&gt;</a>&nbsp;&nbsp;&nbsp;_scanf_real
</UL>
<BR>[Called By]<UL><LI><a href="#[24ca198]">&gt;&gt;</a>&nbsp;&nbsp;&nbsp;__strtod_int
</UL>

<P><STRONG><a name="[25de974]"></a>_fp_value</STRONG> (Thumb, 262 bytes, Stack size 0 bytes, scanf_fp.o(.text), UNUSED)
<BR><BR>[Calls]<UL><LI><a href="#[1547aa4]">&gt;&gt;</a>&nbsp;&nbsp;&nbsp;__aeabi_dmul
<LI><a href="#[1547ae0]">&gt;&gt;</a>&nbsp;&nbsp;&nbsp;__aeabi_ddiv
<LI><a href="#[25de80c]">&gt;&gt;</a>&nbsp;&nbsp;&nbsp;__aeabi_ul2d
</UL>
<BR>[Called By]<UL><LI><a href="#[25de8fc]">&gt;&gt;</a>&nbsp;&nbsp;&nbsp;_scanf_really_real
</UL>
<P>
<H3>
Undefined Global Symbols
</H3><HR></body></html>
