<html>
<body>
<pre>
<h1>µVision Build Log</h1>
<h2>Project:</h2>
D:\P_collection\KMY801H2_APP_20140516\KMY801H2_APP_20140516\project\MDKProject.uvproj
Project File Date:  06/26/2014

<h2>Output:</h2>
Build target 'Target 1'
linking...
Program Size: Code=151832 RO-data=53496 RW-data=4716 ZI-data=45196  
FromELF: creating hex file...
User command #1: C:\Keil\ARM\BIN40\fromelf.exe --bin -o output\main.bin obj\main.axf
".\obj\main.axf" - 0 Error(s), 0 Warning(s).
Load "D:\\P_collection\\KMY801H2_APP_20140516\\KMY801H2_APP_20140516\\project\\obj\\main.AXF" 

JLink info:
-----------
DLL: V4.09p, compiled Oct 28 2009 17:33:00
Firmware: J-Link ARM V8 compiled Nov 25 2013 19:20:08
Hardware: V8.00
S/N : 17935099 
Feature(s) : RDI,FlashDL,FlashBP,JFlash 
---
* JLink Info: Found SWD-DP with ID 0x1BA01477
* JLink Info: TPIU fitted.
* JLink Info: ETM fitted.
* JLink Info:   FPUnit: 6 code (BP) slots and 2 literal slots
* JLink Info: Found SWD-DP with ID 0x1BA01477
* JLink Info: TPIU fitted.
* JLink Info: ETM fitted.
* JLink Info:   FPUnit: 6 code (BP) slots and 2 literal slots

Target info:
------------
Device: STM32F103VE
VTarget = 3.215V
State of Pins: 
TCK: 0, TDI: 0, TDO: 0, TMS: 1, TRES: 1, TRST: 1
* JLink Info: Found SWD-DP with ID 0x1BA01477
* JLink Info: TPIU fitted.
* JLink Info: ETM fitted.
* JLink Info:   FPUnit: 6 code (BP) slots and 2 literal slots
Hardware-Breakpoints: 6
Software-Breakpoints: 2048
Watchpoints:          4
JTAG speed: 2000 kHz
---
* JLink Info: Found SWD-DP with ID 0x1BA01477
* JLink Info: TPIU fitted.
* JLink Info: ETM fitted.
* JLink Info:   FPUnit: 6 code (BP) slots and 2 literal slots
Erase Done.
Programming Done.
Verify OK.
* JLink Info: Found SWD-DP with ID 0x1BA01477
* JLink Info: TPIU fitted.
* JLink Info: ETM fitted.
* JLink Info:   FPUnit: 6 code (BP) slots and 2 literal slots
Application running ...
Build target 'Target 1'
compiling addmenu.c...
..\Application\popup.h(1): warning:  #1295-D: Deprecated declaration popup - give arg types
..\Application\popup.h(1): warning:  #77-D: this declaration has no storage class or type specifier
..\Application\popup.h(2): warning:  #77-D: this declaration has no storage class or type specifier
..\Application\popup.h(3): warning:  #77-D: this declaration has no storage class or type specifier
..\Application\GlobalVar.h(56): warning:  #1000-D: a storage class may not be specified here
..\Application\GlobalVar.h(134): warning:  #1295-D: Deprecated declaration dailyorder - give arg types
..\Application\GlobalVar.h(136): warning:  #1295-D: Deprecated declaration changepass - give arg types
..\Application\GlobalVar.h(137): warning:  #77-D: this declaration has no storage class or type specifier
..\Application\GlobalVar.h(141): warning:  #1295-D: Deprecated declaration loadsms - give arg types
..\Application\GlobalVar.h(148): warning:  #1295-D: Deprecated declaration loadmainmenu - give arg types
..\Application\GlobalVar.h(150): warning:  #1295-D: Deprecated declaration clearmemory - give arg types
..\Application\GlobalVar.h(151): warning:  #1295-D: Deprecated declaration setdatetime - give arg types
..\Application\GlobalVar.h(152): warning:  #1295-D: Deprecated declaration loadmenures - give arg types
..\Application\GlobalVar.h(154): warning:  #1295-D: Deprecated declaration loadreport - give arg types
..\Application\GlobalVar.h(155): warning:  #1295-D: Deprecated declaration loadprintersetting - give arg types
..\Application\GlobalVar.h(156): warning:  #1295-D: Deprecated declaration loadsms - give arg types
..\Application\GlobalVar.h(157): warning:  #1295-D: Deprecated declaration loadapplication - give arg types
..\Application\GlobalVar.h(160): warning:  #1295-D: Deprecated declaration loadmsetting - give arg types
..\Application\GlobalVar.h(161): warning:  #1295-D: Deprecated declaration pendingorder - give arg types
..\Application\GlobalVar.h(162): warning:  #1295-D: Deprecated declaration header - give arg types
..\Application\GlobalVar.h(163): warning:  #1295-D: Deprecated declaration footer - give arg types
..\Application\GlobalVar.h(164): warning:  #1295-D: Deprecated declaration headerrec - give arg types
..\Application\GlobalVar.h(165): warning:  #1295-D: Deprecated declaration footerrec - give arg types
..\Application\GlobalVar.h(166): warning:  #77-D: this declaration has no storage class or type specifier
..\Application\GlobalVar.h(168): warning:  #1295-D: Deprecated declaration percentage - give arg types
..\Application\GlobalVar.h(169): warning:  #1-D: last line of file ends without a newline
..\Application\GlobalVariable.h(12): warning:  #47-D: incompatible redefinition of macro "_INIT" (declared at line 16 of "..\Application\GlobalVar.h")
..\Application\GlobalVariable.h(59): warning:  #1000-D: a storage class may not be specified here
..\Application\GlobalVariable.h(87): warning:  #1295-D: Deprecated declaration AuroGetTime - give arg types
..\Application\GlobalVar.h(134): warning:  #1295-D: Deprecated declaration dailyorder - give arg types
..\Application\GlobalVar.h(136): warning:  #1295-D: Deprecated declaration changepass - give arg types
..\Application\GlobalVar.h(137): warning:  #77-D: this declaration has no storage class or type specifier
..\Application\GlobalVar.h(141): warning:  #1295-D: Deprecated declaration loadsms - give arg types
..\Application\GlobalVar.h(148): warning:  #1295-D: Deprecated declaration loadmainmenu - give arg types
..\Application\GlobalVar.h(150): warning:  #1295-D: Deprecated declaration clearmemory - give arg types
..\Application\GlobalVar.h(151): warning:  #1295-D: Deprecated declaration setdatetime - give arg types
..\Application\GlobalVar.h(152): warning:  #1295-D: Deprecated declaration loadmenures - give arg types
..\Application\GlobalVar.h(154): warning:  #1295-D: Deprecated declaration loadreport - give arg types
..\Application\GlobalVar.h(155): warning:  #1295-D: Deprecated declaration loadprintersetting - give arg types
..\Application\GlobalVar.h(156): warning:  #1295-D: Deprecated declaration loadsms - give arg types
..\Application\GlobalVar.h(157): warning:  #1295-D: Deprecated declaration loadapplication - give arg types
..\Application\GlobalVar.h(160): warning:  #1295-D: Deprecated declaration loadmsetting - give arg types
..\Application\GlobalVar.h(161): warning:  #1295-D: Deprecated declaration pendingorder - give arg types
..\Application\GlobalVar.h(162): warning:  #1295-D: Deprecated declaration header - give arg types
..\Application\GlobalVar.h(163): warning:  #1295-D: Deprecated declaration footer - give arg types
..\Application\GlobalVar.h(164): warning:  #1295-D: Deprecated declaration headerrec - give arg types
..\Application\GlobalVar.h(165): warning:  #1295-D: Deprecated declaration footerrec - give arg types
..\Application\GlobalVar.h(166): warning:  #77-D: this declaration has no storage class or type specifier
..\Application\GlobalVar.h(168): warning:  #1295-D: Deprecated declaration percentage - give arg types
..\Application\GlobalVar.h(169): warning:  #1-D: last line of file ends without a newline
..\Application\selectmenu.c(8): warning:  #223-D: function "clear_area" declared implicitly
..\Application\selectmenu.c(11): warning:  #223-D: function "kmy_LcdTextOut" declared implicitly
..\Application\selectmenu.c(16): warning:  #223-D: function "reverse_area" declared implicitly
..\Application\selectmenu.c(7): warning:  #177-D: variable "y1" was declared but never referenced
..\Application\selectmenu.c(7): warning:  #177-D: variable "x2" was declared but never referenced
..\Application\selectmenu.c(7): warning:  #177-D: variable "y2" was declared but never referenced
..\Application\addmenu.c(24): warning:  #223-D: function "kmy_FlashWriteEnable" declared implicitly
..\Application\addmenu.c(30): warning:  #223-D: function "kmy_FlashReadBuffer" declared implicitly
..\Application\addmenu.c(40): warning:  #223-D: function "clear_area" declared implicitly
..\Application\addmenu.c(51): warning:  #223-D: function "showdetails" declared implicitly
..\Application\addmenu.c(80): warning:  #223-D: function "kmy_FlashReadBuffer" declared implicitly
..\Application\addmenu.c(95): warning:  #223-D: function "kmy_FlashReadBuffer" declared implicitly
..\Application\addmenu.c(102): warning:  #223-D: function "kmy_LcdTextOut" declared implicitly
..\Application\addmenu.c(113): warning:  #223-D: function "reverse_area" declared implicitly
..\Application\addmenu.c(237): warning:  #223-D: function "kmy_LcdTextOut" declared implicitly
..\Application\addmenu.c(266): warning:  #223-D: function "showdetForDigit" declared implicitly
..\Application\addmenu.c(288): warning:  #223-D: function "kmy_PrinterString" declared implicitly
..\Application\addmenu.c(294): warning:  #223-D: function "kmy_FlashReadBuffer" declared implicitly
..\Application\addmenu.c(398): warning:  #223-D: function "kmy_FlashReadBuffer" declared implicitly
..\Application\addmenu.c(494): warning:  #223-D: function "kmy_FlashEraseSector" declared implicitly
..\Application\addmenu.c(497): warning:  #223-D: function "kmy_FlashWriteBuffer" declared implicitly
..\Application\addmenu.c(498): warning:  #223-D: function "kmy_FlashWaitForWriteEnd" declared implicitly
..\Application\addmenu.c(9): warning:  #550-D: variable "Lmulspace" was set but never used
..\Application\addmenu.c(10): warning:  #177-D: variable "colm" was declared but never referenced
..\Application\addmenu.c(11): warning:  #177-D: variable "pcount" was declared but never referenced
..\Application\addmenu.c(12): warning:  #177-D: variable "TextOut" was declared but never referenced
..\Application\addmenu.c(13): warning:  #177-D: variable "FDI" was declared but never referenced
..\Application\addmenu.c(13): warning:  #177-D: variable "TDJ" was declared but never referenced
..\Application\addmenu.c(14): warning:  #177-D: variable "Temp_Data" was declared but never referenced
..\Application\addmenu.c(18): warning:  #177-D: variable "phonenumber" was declared but never referenced
..\Application\addmenu.c(19): warning:  #177-D: variable "context" was declared but never referenced
linking...
Program Size: Code=152108 RO-data=53496 RW-data=4716 ZI-data=45196  
FromELF: creating hex file...
User command #1: C:\Keil\ARM\BIN40\fromelf.exe --bin -o output\main.bin obj\main.axf
".\obj\main.axf" - 0 Error(s), 81 Warning(s).
Load "D:\\P_collection\\KMY801H2_APP_20140516\\KMY801H2_APP_20140516\\project\\obj\\main.AXF" 

JLink info:
-----------
DLL: V4.09p, compiled Oct 28 2009 17:33:00
Firmware: J-Link ARM V8 compiled Nov 25 2013 19:20:08
Hardware: V8.00
S/N : 17935099 
Feature(s) : RDI,FlashDL,FlashBP,JFlash 
---
* JLink Info: Found SWD-DP with ID 0x1BA01477
* JLink Info: TPIU fitted.
* JLink Info: ETM fitted.
* JLink Info:   FPUnit: 6 code (BP) slots and 2 literal slots
* JLink Info: Found SWD-DP with ID 0x1BA01477
* JLink Info: TPIU fitted.
* JLink Info: ETM fitted.
* JLink Info:   FPUnit: 6 code (BP) slots and 2 literal slots

Target info:
------------
Device: STM32F103VE
VTarget = 3.215V
State of Pins: 
TCK: 0, TDI: 0, TDO: 0, TMS: 1, TRES: 1, TRST: 1
* JLink Info: Found SWD-DP with ID 0x1BA01477
* JLink Info: TPIU fitted.
* JLink Info: ETM fitted.
* JLink Info:   FPUnit: 6 code (BP) slots and 2 literal slots
Hardware-Breakpoints: 6
Software-Breakpoints: 2048
Watchpoints:          4
JTAG speed: 2000 kHz
---
* JLink Info: Found SWD-DP with ID 0x1BA01477
* JLink Info: TPIU fitted.
* JLink Info: ETM fitted.
* JLink Info:   FPUnit: 6 code (BP) slots and 2 literal slots
Erase Done.
Programming Done.
Verify OK.
* JLink Info: Found SWD-DP with ID 0x1BA01477
* JLink Info: TPIU fitted.
* JLink Info: ETM fitted.
* JLink Info:   FPUnit: 6 code (BP) slots and 2 literal slots
Application running ...
Build target 'Target 1'
compiling addmenu.c...
..\Application\popup.h(1): warning:  #1295-D: Deprecated declaration popup - give arg types
..\Application\popup.h(1): warning:  #77-D: this declaration has no storage class or type specifier
..\Application\popup.h(2): warning:  #77-D: this declaration has no storage class or type specifier
..\Application\popup.h(3): warning:  #77-D: this declaration has no storage class or type specifier
..\Application\GlobalVar.h(56): warning:  #1000-D: a storage class may not be specified here
..\Application\GlobalVar.h(134): warning:  #1295-D: Deprecated declaration dailyorder - give arg types
..\Application\GlobalVar.h(136): warning:  #1295-D: Deprecated declaration changepass - give arg types
..\Application\GlobalVar.h(137): warning:  #77-D: this declaration has no storage class or type specifier
..\Application\GlobalVar.h(141): warning:  #1295-D: Deprecated declaration loadsms - give arg types
..\Application\GlobalVar.h(148): warning:  #1295-D: Deprecated declaration loadmainmenu - give arg types
..\Application\GlobalVar.h(150): warning:  #1295-D: Deprecated declaration clearmemory - give arg types
..\Application\GlobalVar.h(151): warning:  #1295-D: Deprecated declaration setdatetime - give arg types
..\Application\GlobalVar.h(152): warning:  #1295-D: Deprecated declaration loadmenures - give arg types
..\Application\GlobalVar.h(154): warning:  #1295-D: Deprecated declaration loadreport - give arg types
..\Application\GlobalVar.h(155): warning:  #1295-D: Deprecated declaration loadprintersetting - give arg types
..\Application\GlobalVar.h(156): warning:  #1295-D: Deprecated declaration loadsms - give arg types
..\Application\GlobalVar.h(157): warning:  #1295-D: Deprecated declaration loadapplication - give arg types
..\Application\GlobalVar.h(160): warning:  #1295-D: Deprecated declaration loadmsetting - give arg types
..\Application\GlobalVar.h(161): warning:  #1295-D: Deprecated declaration pendingorder - give arg types
..\Application\GlobalVar.h(162): warning:  #1295-D: Deprecated declaration header - give arg types
..\Application\GlobalVar.h(163): warning:  #1295-D: Deprecated declaration footer - give arg types
..\Application\GlobalVar.h(164): warning:  #1295-D: Deprecated declaration headerrec - give arg types
..\Application\GlobalVar.h(165): warning:  #1295-D: Deprecated declaration footerrec - give arg types
..\Application\GlobalVar.h(166): warning:  #77-D: this declaration has no storage class or type specifier
..\Application\GlobalVar.h(168): warning:  #1295-D: Deprecated declaration percentage - give arg types
..\Application\GlobalVar.h(169): warning:  #1-D: last line of file ends without a newline
..\Application\GlobalVariable.h(12): warning:  #47-D: incompatible redefinition of macro "_INIT" (declared at line 16 of "..\Application\GlobalVar.h")
..\Application\GlobalVariable.h(59): warning:  #1000-D: a storage class may not be specified here
..\Application\GlobalVariable.h(87): warning:  #1295-D: Deprecated declaration AuroGetTime - give arg types
..\Application\GlobalVar.h(134): warning:  #1295-D: Deprecated declaration dailyorder - give arg types
..\Application\GlobalVar.h(136): warning:  #1295-D: Deprecated declaration changepass - give arg types
..\Application\GlobalVar.h(137): warning:  #77-D: this declaration has no storage class or type specifier
..\Application\GlobalVar.h(141): warning:  #1295-D: Deprecated declaration loadsms - give arg types
..\Application\GlobalVar.h(148): warning:  #1295-D: Deprecated declaration loadmainmenu - give arg types
..\Application\GlobalVar.h(150): warning:  #1295-D: Deprecated declaration clearmemory - give arg types
..\Application\GlobalVar.h(151): warning:  #1295-D: Deprecated declaration setdatetime - give arg types
..\Application\GlobalVar.h(152): warning:  #1295-D: Deprecated declaration loadmenures - give arg types
..\Application\GlobalVar.h(154): warning:  #1295-D: Deprecated declaration loadreport - give arg types
..\Application\GlobalVar.h(155): warning:  #1295-D: Deprecated declaration loadprintersetting - give arg types
..\Application\GlobalVar.h(156): warning:  #1295-D: Deprecated declaration loadsms - give arg types
..\Application\GlobalVar.h(157): warning:  #1295-D: Deprecated declaration loadapplication - give arg types
..\Application\GlobalVar.h(160): warning:  #1295-D: Deprecated declaration loadmsetting - give arg types
..\Application\GlobalVar.h(161): warning:  #1295-D: Deprecated declaration pendingorder - give arg types
..\Application\GlobalVar.h(162): warning:  #1295-D: Deprecated declaration header - give arg types
..\Application\GlobalVar.h(163): warning:  #1295-D: Deprecated declaration footer - give arg types
..\Application\GlobalVar.h(164): warning:  #1295-D: Deprecated declaration headerrec - give arg types
..\Application\GlobalVar.h(165): warning:  #1295-D: Deprecated declaration footerrec - give arg types
..\Application\GlobalVar.h(166): warning:  #77-D: this declaration has no storage class or type specifier
..\Application\GlobalVar.h(168): warning:  #1295-D: Deprecated declaration percentage - give arg types
..\Application\GlobalVar.h(169): warning:  #1-D: last line of file ends without a newline
..\Application\selectmenu.c(8): warning:  #223-D: function "clear_area" declared implicitly
..\Application\selectmenu.c(11): warning:  #223-D: function "kmy_LcdTextOut" declared implicitly
..\Application\selectmenu.c(16): warning:  #223-D: function "reverse_area" declared implicitly
..\Application\selectmenu.c(7): warning:  #177-D: variable "y1" was declared but never referenced
..\Application\selectmenu.c(7): warning:  #177-D: variable "x2" was declared but never referenced
..\Application\selectmenu.c(7): warning:  #177-D: variable "y2" was declared but never referenced
..\Application\addmenu.c(24): warning:  #223-D: function "kmy_FlashWriteEnable" declared implicitly
..\Application\addmenu.c(30): warning:  #223-D: function "kmy_FlashReadBuffer" declared implicitly
..\Application\addmenu.c(40): warning:  #223-D: function "clear_area" declared implicitly
..\Application\addmenu.c(51): warning:  #223-D: function "showdetails" declared implicitly
..\Application\addmenu.c(80): warning:  #223-D: function "kmy_FlashReadBuffer" declared implicitly
..\Application\addmenu.c(95): warning:  #223-D: function "kmy_FlashReadBuffer" declared implicitly
..\Application\addmenu.c(102): warning:  #223-D: function "kmy_LcdTextOut" declared implicitly
..\Application\addmenu.c(113): warning:  #223-D: function "reverse_area" declared implicitly
..\Application\addmenu.c(237): warning:  #223-D: function "kmy_LcdTextOut" declared implicitly
..\Application\addmenu.c(266): warning:  #223-D: function "showdetForDigit" declared implicitly
..\Application\addmenu.c(288): warning:  #223-D: function "kmy_PrinterString" declared implicitly
..\Application\addmenu.c(294): warning:  #223-D: function "kmy_FlashReadBuffer" declared implicitly
..\Application\addmenu.c(398): warning:  #223-D: function "kmy_FlashReadBuffer" declared implicitly
..\Application\addmenu.c(494): warning:  #223-D: function "kmy_FlashEraseSector" declared implicitly
..\Application\addmenu.c(497): warning:  #223-D: function "kmy_FlashWriteBuffer" declared implicitly
..\Application\addmenu.c(498): warning:  #223-D: function "kmy_FlashWaitForWriteEnd" declared implicitly
..\Application\addmenu.c(9): warning:  #550-D: variable "Lmulspace" was set but never used
..\Application\addmenu.c(10): warning:  #177-D: variable "colm" was declared but never referenced
..\Application\addmenu.c(11): warning:  #177-D: variable "pcount" was declared but never referenced
..\Application\addmenu.c(12): warning:  #177-D: variable "TextOut" was declared but never referenced
..\Application\addmenu.c(13): warning:  #177-D: variable "FDI" was declared but never referenced
..\Application\addmenu.c(13): warning:  #177-D: variable "TDJ" was declared but never referenced
..\Application\addmenu.c(14): warning:  #177-D: variable "Temp_Data" was declared but never referenced
..\Application\addmenu.c(18): warning:  #177-D: variable "phonenumber" was declared but never referenced
..\Application\addmenu.c(19): warning:  #177-D: variable "context" was declared but never referenced
linking...
Program Size: Code=152108 RO-data=53496 RW-data=4716 ZI-data=45196  
FromELF: creating hex file...
User command #1: C:\Keil\ARM\BIN40\fromelf.exe --bin -o output\main.bin obj\main.axf
".\obj\main.axf" - 0 Error(s), 81 Warning(s).
Load "D:\\P_collection\\KMY801H2_APP_20140516\\KMY801H2_APP_20140516\\project\\obj\\main.AXF" 

JLink info:
-----------
DLL: V4.09p, compiled Oct 28 2009 17:33:00
Firmware: J-Link ARM V8 compiled Nov 25 2013 19:20:08
Hardware: V8.00
S/N : 17935099 
Feature(s) : RDI,FlashDL,FlashBP,JFlash 
---
* JLink Info: Found SWD-DP with ID 0x1BA01477
* JLink Info: TPIU fitted.
* JLink Info: ETM fitted.
* JLink Info:   FPUnit: 6 code (BP) slots and 2 literal slots
* JLink Info: Found SWD-DP with ID 0x1BA01477
* JLink Info: TPIU fitted.
* JLink Info: ETM fitted.
* JLink Info:   FPUnit: 6 code (BP) slots and 2 literal slots

Target info:
------------
Device: STM32F103VE
VTarget = 3.215V
State of Pins: 
TCK: 0, TDI: 0, TDO: 0, TMS: 1, TRES: 1, TRST: 1
* JLink Info: Found SWD-DP with ID 0x1BA01477
* JLink Info: TPIU fitted.
* JLink Info: ETM fitted.
* JLink Info:   FPUnit: 6 code (BP) slots and 2 literal slots
Hardware-Breakpoints: 6
Software-Breakpoints: 2048
Watchpoints:          4
JTAG speed: 2000 kHz
---
* JLink Info: Found SWD-DP with ID 0x1BA01477
* JLink Info: TPIU fitted.
* JLink Info: ETM fitted.
* JLink Info:   FPUnit: 6 code (BP) slots and 2 literal slots
Erase Done.
Programming Done.
Verify OK.
* JLink Info: Found SWD-DP with ID 0x1BA01477
* JLink Info: TPIU fitted.
* JLink Info: ETM fitted.
* JLink Info:   FPUnit: 6 code (BP) slots and 2 literal slots
Application running ...
Build target 'Target 1'
compiling addmenu.c...
..\Application\popup.h(1): warning:  #1295-D: Deprecated declaration popup - give arg types
..\Application\popup.h(1): warning:  #77-D: this declaration has no storage class or type specifier
..\Application\popup.h(2): warning:  #77-D: this declaration has no storage class or type specifier
..\Application\popup.h(3): warning:  #77-D: this declaration has no storage class or type specifier
..\Application\GlobalVar.h(56): warning:  #1000-D: a storage class may not be specified here
..\Application\GlobalVar.h(134): warning:  #1295-D: Deprecated declaration dailyorder - give arg types
..\Application\GlobalVar.h(136): warning:  #1295-D: Deprecated declaration changepass - give arg types
..\Application\GlobalVar.h(137): warning:  #77-D: this declaration has no storage class or type specifier
..\Application\GlobalVar.h(141): warning:  #1295-D: Deprecated declaration loadsms - give arg types
..\Application\GlobalVar.h(148): warning:  #1295-D: Deprecated declaration loadmainmenu - give arg types
..\Application\GlobalVar.h(150): warning:  #1295-D: Deprecated declaration clearmemory - give arg types
..\Application\GlobalVar.h(151): warning:  #1295-D: Deprecated declaration setdatetime - give arg types
..\Application\GlobalVar.h(152): warning:  #1295-D: Deprecated declaration loadmenures - give arg types
..\Application\GlobalVar.h(154): warning:  #1295-D: Deprecated declaration loadreport - give arg types
..\Application\GlobalVar.h(155): warning:  #1295-D: Deprecated declaration loadprintersetting - give arg types
..\Application\GlobalVar.h(156): warning:  #1295-D: Deprecated declaration loadsms - give arg types
..\Application\GlobalVar.h(157): warning:  #1295-D: Deprecated declaration loadapplication - give arg types
..\Application\GlobalVar.h(160): warning:  #1295-D: Deprecated declaration loadmsetting - give arg types
..\Application\GlobalVar.h(161): warning:  #1295-D: Deprecated declaration pendingorder - give arg types
..\Application\GlobalVar.h(162): warning:  #1295-D: Deprecated declaration header - give arg types
..\Application\GlobalVar.h(163): warning:  #1295-D: Deprecated declaration footer - give arg types
..\Application\GlobalVar.h(164): warning:  #1295-D: Deprecated declaration headerrec - give arg types
..\Application\GlobalVar.h(165): warning:  #1295-D: Deprecated declaration footerrec - give arg types
..\Application\GlobalVar.h(166): warning:  #77-D: this declaration has no storage class or type specifier
..\Application\GlobalVar.h(168): warning:  #1295-D: Deprecated declaration percentage - give arg types
..\Application\GlobalVar.h(169): warning:  #1-D: last line of file ends without a newline
..\Application\GlobalVariable.h(12): warning:  #47-D: incompatible redefinition of macro "_INIT" (declared at line 16 of "..\Application\GlobalVar.h")
..\Application\GlobalVariable.h(59): warning:  #1000-D: a storage class may not be specified here
..\Application\GlobalVariable.h(87): warning:  #1295-D: Deprecated declaration AuroGetTime - give arg types
..\Application\GlobalVar.h(134): warning:  #1295-D: Deprecated declaration dailyorder - give arg types
..\Application\GlobalVar.h(136): warning:  #1295-D: Deprecated declaration changepass - give arg types
..\Application\GlobalVar.h(137): warning:  #77-D: this declaration has no storage class or type specifier
..\Application\GlobalVar.h(141): warning:  #1295-D: Deprecated declaration loadsms - give arg types
..\Application\GlobalVar.h(148): warning:  #1295-D: Deprecated declaration loadmainmenu - give arg types
..\Application\GlobalVar.h(150): warning:  #1295-D: Deprecated declaration clearmemory - give arg types
..\Application\GlobalVar.h(151): warning:  #1295-D: Deprecated declaration setdatetime - give arg types
..\Application\GlobalVar.h(152): warning:  #1295-D: Deprecated declaration loadmenures - give arg types
..\Application\GlobalVar.h(154): warning:  #1295-D: Deprecated declaration loadreport - give arg types
..\Application\GlobalVar.h(155): warning:  #1295-D: Deprecated declaration loadprintersetting - give arg types
..\Application\GlobalVar.h(156): warning:  #1295-D: Deprecated declaration loadsms - give arg types
..\Application\GlobalVar.h(157): warning:  #1295-D: Deprecated declaration loadapplication - give arg types
..\Application\GlobalVar.h(160): warning:  #1295-D: Deprecated declaration loadmsetting - give arg types
..\Application\GlobalVar.h(161): warning:  #1295-D: Deprecated declaration pendingorder - give arg types
..\Application\GlobalVar.h(162): warning:  #1295-D: Deprecated declaration header - give arg types
..\Application\GlobalVar.h(163): warning:  #1295-D: Deprecated declaration footer - give arg types
..\Application\GlobalVar.h(164): warning:  #1295-D: Deprecated declaration headerrec - give arg types
..\Application\GlobalVar.h(165): warning:  #1295-D: Deprecated declaration footerrec - give arg types
..\Application\GlobalVar.h(166): warning:  #77-D: this declaration has no storage class or type specifier
..\Application\GlobalVar.h(168): warning:  #1295-D: Deprecated declaration percentage - give arg types
..\Application\GlobalVar.h(169): warning:  #1-D: last line of file ends without a newline
..\Application\selectmenu.c(8): warning:  #223-D: function "clear_area" declared implicitly
..\Application\selectmenu.c(11): warning:  #223-D: function "kmy_LcdTextOut" declared implicitly
..\Application\selectmenu.c(16): warning:  #223-D: function "reverse_area" declared implicitly
..\Application\selectmenu.c(7): warning:  #177-D: variable "y1" was declared but never referenced
..\Application\selectmenu.c(7): warning:  #177-D: variable "x2" was declared but never referenced
..\Application\selectmenu.c(7): warning:  #177-D: variable "y2" was declared but never referenced
..\Application\addmenu.c(24): warning:  #223-D: function "kmy_FlashWriteEnable" declared implicitly
..\Application\addmenu.c(30): warning:  #223-D: function "kmy_FlashReadBuffer" declared implicitly
..\Application\addmenu.c(40): warning:  #223-D: function "clear_area" declared implicitly
..\Application\addmenu.c(51): warning:  #223-D: function "showdetails" declared implicitly
..\Application\addmenu.c(80): warning:  #223-D: function "kmy_FlashReadBuffer" declared implicitly
..\Application\addmenu.c(95): warning:  #223-D: function "kmy_FlashReadBuffer" declared implicitly
..\Application\addmenu.c(102): warning:  #223-D: function "kmy_LcdTextOut" declared implicitly
..\Application\addmenu.c(113): warning:  #223-D: function "reverse_area" declared implicitly
..\Application\addmenu.c(237): warning:  #223-D: function "kmy_LcdTextOut" declared implicitly
..\Application\addmenu.c(266): warning:  #223-D: function "showdetForDigit" declared implicitly
..\Application\addmenu.c(288): warning:  #223-D: function "kmy_PrinterString" declared implicitly
..\Application\addmenu.c(294): warning:  #223-D: function "kmy_FlashReadBuffer" declared implicitly
..\Application\addmenu.c(398): warning:  #223-D: function "kmy_FlashReadBuffer" declared implicitly
..\Application\addmenu.c(494): warning:  #223-D: function "kmy_FlashEraseSector" declared implicitly
..\Application\addmenu.c(497): warning:  #223-D: function "kmy_FlashWriteBuffer" declared implicitly
..\Application\addmenu.c(498): warning:  #223-D: function "kmy_FlashWaitForWriteEnd" declared implicitly
..\Application\addmenu.c(507): warning:  #223-D: function "SendMessage_TextMode" declared implicitly
..\Application\addmenu.c(9): warning:  #550-D: variable "Lmulspace" was set but never used
..\Application\addmenu.c(10): warning:  #177-D: variable "colm" was declared but never referenced
..\Application\addmenu.c(11): warning:  #177-D: variable "pcount" was declared but never referenced
..\Application\addmenu.c(12): warning:  #177-D: variable "TextOut" was declared but never referenced
..\Application\addmenu.c(13): warning:  #177-D: variable "FDI" was declared but never referenced
..\Application\addmenu.c(13): warning:  #177-D: variable "TDJ" was declared but never referenced
..\Application\addmenu.c(14): warning:  #177-D: variable "Temp_Data" was declared but never referenced
linking...
Program Size: Code=151840 RO-data=53620 RW-data=4716 ZI-data=45196  
FromELF: creating hex file...
User command #1: C:\Keil\ARM\BIN40\fromelf.exe --bin -o output\main.bin obj\main.axf
".\obj\main.axf" - 0 Error(s), 80 Warning(s).
Load "D:\\P_collection\\KMY801H2_APP_20140516\\KMY801H2_APP_20140516\\project\\obj\\main.AXF" 

JLink info:
-----------
DLL: V4.09p, compiled Oct 28 2009 17:33:00
Firmware: J-Link ARM V8 compiled Nov 25 2013 19:20:08
Hardware: V8.00
S/N : 17935099 
Feature(s) : RDI,FlashDL,FlashBP,JFlash 
---
* JLink Info: Found SWD-DP with ID 0x1BA01477
* JLink Info: TPIU fitted.
* JLink Info: ETM fitted.
* JLink Info:   FPUnit: 6 code (BP) slots and 2 literal slots
* JLink Info: Found SWD-DP with ID 0x1BA01477
* JLink Info: TPIU fitted.
* JLink Info: ETM fitted.
* JLink Info:   FPUnit: 6 code (BP) slots and 2 literal slots

Target info:
------------
Device: STM32F103VE
VTarget = 3.215V
State of Pins: 
TCK: 0, TDI: 0, TDO: 0, TMS: 1, TRES: 1, TRST: 1
* JLink Info: Found SWD-DP with ID 0x1BA01477
* JLink Info: TPIU fitted.
* JLink Info: ETM fitted.
* JLink Info:   FPUnit: 6 code (BP) slots and 2 literal slots
Hardware-Breakpoints: 6
Software-Breakpoints: 2048
Watchpoints:          4
JTAG speed: 2000 kHz
---
* JLink Info: Found SWD-DP with ID 0x1BA01477
* JLink Info: TPIU fitted.
* JLink Info: ETM fitted.
* JLink Info:   FPUnit: 6 code (BP) slots and 2 literal slots
Erase Done.
Programming Done.
Verify OK.
* JLink Info: Found SWD-DP with ID 0x1BA01477
* JLink Info: TPIU fitted.
* JLink Info: ETM fitted.
* JLink Info:   FPUnit: 6 code (BP) slots and 2 literal slots
Application running ...
Build target 'Target 1'
compiling addmenu.c...
..\Application\popup.h(1): warning:  #1295-D: Deprecated declaration popup - give arg types
..\Application\popup.h(1): warning:  #77-D: this declaration has no storage class or type specifier
..\Application\popup.h(2): warning:  #77-D: this declaration has no storage class or type specifier
..\Application\popup.h(3): warning:  #77-D: this declaration has no storage class or type specifier
..\Application\GlobalVar.h(56): warning:  #1000-D: a storage class may not be specified here
..\Application\GlobalVar.h(134): warning:  #1295-D: Deprecated declaration dailyorder - give arg types
..\Application\GlobalVar.h(136): warning:  #1295-D: Deprecated declaration changepass - give arg types
..\Application\GlobalVar.h(137): warning:  #77-D: this declaration has no storage class or type specifier
..\Application\GlobalVar.h(141): warning:  #1295-D: Deprecated declaration loadsms - give arg types
..\Application\GlobalVar.h(148): warning:  #1295-D: Deprecated declaration loadmainmenu - give arg types
..\Application\GlobalVar.h(150): warning:  #1295-D: Deprecated declaration clearmemory - give arg types
..\Application\GlobalVar.h(151): warning:  #1295-D: Deprecated declaration setdatetime - give arg types
..\Application\GlobalVar.h(152): warning:  #1295-D: Deprecated declaration loadmenures - give arg types
..\Application\GlobalVar.h(154): warning:  #1295-D: Deprecated declaration loadreport - give arg types
..\Application\GlobalVar.h(155): warning:  #1295-D: Deprecated declaration loadprintersetting - give arg types
..\Application\GlobalVar.h(156): warning:  #1295-D: Deprecated declaration loadsms - give arg types
..\Application\GlobalVar.h(157): warning:  #1295-D: Deprecated declaration loadapplication - give arg types
..\Application\GlobalVar.h(160): warning:  #1295-D: Deprecated declaration loadmsetting - give arg types
..\Application\GlobalVar.h(161): warning:  #1295-D: Deprecated declaration pendingorder - give arg types
..\Application\GlobalVar.h(162): warning:  #1295-D: Deprecated declaration header - give arg types
..\Application\GlobalVar.h(163): warning:  #1295-D: Deprecated declaration footer - give arg types
..\Application\GlobalVar.h(164): warning:  #1295-D: Deprecated declaration headerrec - give arg types
..\Application\GlobalVar.h(165): warning:  #1295-D: Deprecated declaration footerrec - give arg types
..\Application\GlobalVar.h(166): warning:  #77-D: this declaration has no storage class or type specifier
..\Application\GlobalVar.h(168): warning:  #1295-D: Deprecated declaration percentage - give arg types
..\Application\GlobalVar.h(169): warning:  #1-D: last line of file ends without a newline
..\Application\GlobalVariable.h(12): warning:  #47-D: incompatible redefinition of macro "_INIT" (declared at line 16 of "..\Application\GlobalVar.h")
..\Application\GlobalVariable.h(59): warning:  #1000-D: a storage class may not be specified here
..\Application\GlobalVariable.h(87): warning:  #1295-D: Deprecated declaration AuroGetTime - give arg types
..\Application\GlobalVar.h(134): warning:  #1295-D: Deprecated declaration dailyorder - give arg types
..\Application\GlobalVar.h(136): warning:  #1295-D: Deprecated declaration changepass - give arg types
..\Application\GlobalVar.h(137): warning:  #77-D: this declaration has no storage class or type specifier
..\Application\GlobalVar.h(141): warning:  #1295-D: Deprecated declaration loadsms - give arg types
..\Application\GlobalVar.h(148): warning:  #1295-D: Deprecated declaration loadmainmenu - give arg types
..\Application\GlobalVar.h(150): warning:  #1295-D: Deprecated declaration clearmemory - give arg types
..\Application\GlobalVar.h(151): warning:  #1295-D: Deprecated declaration setdatetime - give arg types
..\Application\GlobalVar.h(152): warning:  #1295-D: Deprecated declaration loadmenures - give arg types
..\Application\GlobalVar.h(154): warning:  #1295-D: Deprecated declaration loadreport - give arg types
..\Application\GlobalVar.h(155): warning:  #1295-D: Deprecated declaration loadprintersetting - give arg types
..\Application\GlobalVar.h(156): warning:  #1295-D: Deprecated declaration loadsms - give arg types
..\Application\GlobalVar.h(157): warning:  #1295-D: Deprecated declaration loadapplication - give arg types
..\Application\GlobalVar.h(160): warning:  #1295-D: Deprecated declaration loadmsetting - give arg types
..\Application\GlobalVar.h(161): warning:  #1295-D: Deprecated declaration pendingorder - give arg types
..\Application\GlobalVar.h(162): warning:  #1295-D: Deprecated declaration header - give arg types
..\Application\GlobalVar.h(163): warning:  #1295-D: Deprecated declaration footer - give arg types
..\Application\GlobalVar.h(164): warning:  #1295-D: Deprecated declaration headerrec - give arg types
..\Application\GlobalVar.h(165): warning:  #1295-D: Deprecated declaration footerrec - give arg types
..\Application\GlobalVar.h(166): warning:  #77-D: this declaration has no storage class or type specifier
..\Application\GlobalVar.h(168): warning:  #1295-D: Deprecated declaration percentage - give arg types
..\Application\GlobalVar.h(169): warning:  #1-D: last line of file ends without a newline
..\Application\selectmenu.c(8): warning:  #223-D: function "clear_area" declared implicitly
..\Application\selectmenu.c(11): warning:  #223-D: function "kmy_LcdTextOut" declared implicitly
..\Application\selectmenu.c(16): warning:  #223-D: function "reverse_area" declared implicitly
..\Application\selectmenu.c(7): warning:  #177-D: variable "y1" was declared but never referenced
..\Application\selectmenu.c(7): warning:  #177-D: variable "x2" was declared but never referenced
..\Application\selectmenu.c(7): warning:  #177-D: variable "y2" was declared but never referenced
..\Application\addmenu.c(24): warning:  #223-D: function "kmy_FlashWriteEnable" declared implicitly
..\Application\addmenu.c(30): warning:  #223-D: function "kmy_FlashReadBuffer" declared implicitly
..\Application\addmenu.c(40): warning:  #223-D: function "clear_area" declared implicitly
..\Application\addmenu.c(51): warning:  #223-D: function "showdetails" declared implicitly
..\Application\addmenu.c(80): warning:  #223-D: function "kmy_FlashReadBuffer" declared implicitly
..\Application\addmenu.c(95): warning:  #223-D: function "kmy_FlashReadBuffer" declared implicitly
..\Application\addmenu.c(102): warning:  #223-D: function "kmy_LcdTextOut" declared implicitly
..\Application\addmenu.c(113): warning:  #223-D: function "reverse_area" declared implicitly
..\Application\addmenu.c(237): warning:  #223-D: function "kmy_LcdTextOut" declared implicitly
..\Application\addmenu.c(266): warning:  #223-D: function "showdetForDigit" declared implicitly
..\Application\addmenu.c(288): warning:  #223-D: function "kmy_PrinterString" declared implicitly
..\Application\addmenu.c(294): warning:  #223-D: function "kmy_FlashReadBuffer" declared implicitly
..\Application\addmenu.c(398): warning:  #223-D: function "kmy_FlashReadBuffer" declared implicitly
..\Application\addmenu.c(494): warning:  #223-D: function "kmy_FlashEraseSector" declared implicitly
..\Application\addmenu.c(497): warning:  #223-D: function "kmy_FlashWriteBuffer" declared implicitly
..\Application\addmenu.c(498): warning:  #223-D: function "kmy_FlashWaitForWriteEnd" declared implicitly
..\Application\addmenu.c(515): warning:  #223-D: function "SendMessage" declared implicitly
..\Application\addmenu.c(9): warning:  #550-D: variable "Lmulspace" was set but never used
..\Application\addmenu.c(10): warning:  #177-D: variable "colm" was declared but never referenced
..\Application\addmenu.c(11): warning:  #177-D: variable "pcount" was declared but never referenced
..\Application\addmenu.c(12): warning:  #177-D: variable "TextOut" was declared but never referenced
..\Application\addmenu.c(13): warning:  #177-D: variable "FDI" was declared but never referenced
..\Application\addmenu.c(13): warning:  #177-D: variable "TDJ" was declared but never referenced
..\Application\addmenu.c(14): warning:  #177-D: variable "Temp_Data" was declared but never referenced
..\Application\addmenu.c(18): warning:  #177-D: variable "phonenumber" was declared but never referenced
..\Application\addmenu.c(19): warning:  #177-D: variable "context" was declared but never referenced
linking...
Program Size: Code=152712 RO-data=53620 RW-data=4716 ZI-data=45196  
FromELF: creating hex file...
User command #1: C:\Keil\ARM\BIN40\fromelf.exe --bin -o output\main.bin obj\main.axf
".\obj\main.axf" - 0 Error(s), 82 Warning(s).
Load "D:\\P_collection\\KMY801H2_APP_20140516\\KMY801H2_APP_20140516\\project\\obj\\main.AXF" 

JLink info:
-----------
DLL: V4.09p, compiled Oct 28 2009 17:33:00
Firmware: J-Link ARM V8 compiled Nov 25 2013 19:20:08
Hardware: V8.00
S/N : 17935099 
Feature(s) : RDI,FlashDL,FlashBP,JFlash 
---
* JLink Info: Found SWD-DP with ID 0x1BA01477
* JLink Info: TPIU fitted.
* JLink Info: ETM fitted.
* JLink Info:   FPUnit: 6 code (BP) slots and 2 literal slots
* JLink Info: Found SWD-DP with ID 0x1BA01477
* JLink Info: TPIU fitted.
* JLink Info: ETM fitted.
* JLink Info:   FPUnit: 6 code (BP) slots and 2 literal slots

Target info:
------------
Device: STM32F103VE
VTarget = 3.215V
State of Pins: 
TCK: 0, TDI: 0, TDO: 0, TMS: 1, TRES: 1, TRST: 1
* JLink Info: Found SWD-DP with ID 0x1BA01477
* JLink Info: TPIU fitted.
* JLink Info: ETM fitted.
* JLink Info:   FPUnit: 6 code (BP) slots and 2 literal slots
Hardware-Breakpoints: 6
Software-Breakpoints: 2048
Watchpoints:          4
JTAG speed: 2000 kHz
---
* JLink Info: Found SWD-DP with ID 0x1BA01477
* JLink Info: TPIU fitted.
* JLink Info: ETM fitted.
* JLink Info:   FPUnit: 6 code (BP) slots and 2 literal slots
Erase Done.
Programming Done.
Verify OK.
* JLink Info: Found SWD-DP with ID 0x1BA01477
* JLink Info: TPIU fitted.
* JLink Info: ETM fitted.
* JLink Info:   FPUnit: 6 code (BP) slots and 2 literal slots
Application running ...
Build target 'Target 1'
compiling addmenu.c...
..\Application\popup.h(1): warning:  #1295-D: Deprecated declaration popup - give arg types
..\Application\popup.h(1): warning:  #77-D: this declaration has no storage class or type specifier
..\Application\popup.h(2): warning:  #77-D: this declaration has no storage class or type specifier
..\Application\popup.h(3): warning:  #77-D: this declaration has no storage class or type specifier
..\Application\GlobalVar.h(56): warning:  #1000-D: a storage class may not be specified here
..\Application\GlobalVar.h(134): warning:  #1295-D: Deprecated declaration dailyorder - give arg types
..\Application\GlobalVar.h(136): warning:  #1295-D: Deprecated declaration changepass - give arg types
..\Application\GlobalVar.h(137): warning:  #77-D: this declaration has no storage class or type specifier
..\Application\GlobalVar.h(141): warning:  #1295-D: Deprecated declaration loadsms - give arg types
..\Application\GlobalVar.h(148): warning:  #1295-D: Deprecated declaration loadmainmenu - give arg types
..\Application\GlobalVar.h(150): warning:  #1295-D: Deprecated declaration clearmemory - give arg types
..\Application\GlobalVar.h(151): warning:  #1295-D: Deprecated declaration setdatetime - give arg types
..\Application\GlobalVar.h(152): warning:  #1295-D: Deprecated declaration loadmenures - give arg types
..\Application\GlobalVar.h(154): warning:  #1295-D: Deprecated declaration loadreport - give arg types
..\Application\GlobalVar.h(155): warning:  #1295-D: Deprecated declaration loadprintersetting - give arg types
..\Application\GlobalVar.h(156): warning:  #1295-D: Deprecated declaration loadsms - give arg types
..\Application\GlobalVar.h(157): warning:  #1295-D: Deprecated declaration loadapplication - give arg types
..\Application\GlobalVar.h(160): warning:  #1295-D: Deprecated declaration loadmsetting - give arg types
..\Application\GlobalVar.h(161): warning:  #1295-D: Deprecated declaration pendingorder - give arg types
..\Application\GlobalVar.h(162): warning:  #1295-D: Deprecated declaration header - give arg types
..\Application\GlobalVar.h(163): warning:  #1295-D: Deprecated declaration footer - give arg types
..\Application\GlobalVar.h(164): warning:  #1295-D: Deprecated declaration headerrec - give arg types
..\Application\GlobalVar.h(165): warning:  #1295-D: Deprecated declaration footerrec - give arg types
..\Application\GlobalVar.h(166): warning:  #77-D: this declaration has no storage class or type specifier
..\Application\GlobalVar.h(168): warning:  #1295-D: Deprecated declaration percentage - give arg types
..\Application\GlobalVar.h(169): warning:  #1-D: last line of file ends without a newline
..\Application\GlobalVariable.h(12): warning:  #47-D: incompatible redefinition of macro "_INIT" (declared at line 16 of "..\Application\GlobalVar.h")
..\Application\GlobalVariable.h(59): warning:  #1000-D: a storage class may not be specified here
..\Application\GlobalVariable.h(87): warning:  #1295-D: Deprecated declaration AuroGetTime - give arg types
..\Application\GlobalVar.h(134): warning:  #1295-D: Deprecated declaration dailyorder - give arg types
..\Application\GlobalVar.h(136): warning:  #1295-D: Deprecated declaration changepass - give arg types
..\Application\GlobalVar.h(137): warning:  #77-D: this declaration has no storage class or type specifier
..\Application\GlobalVar.h(141): warning:  #1295-D: Deprecated declaration loadsms - give arg types
..\Application\GlobalVar.h(148): warning:  #1295-D: Deprecated declaration loadmainmenu - give arg types
..\Application\GlobalVar.h(150): warning:  #1295-D: Deprecated declaration clearmemory - give arg types
..\Application\GlobalVar.h(151): warning:  #1295-D: Deprecated declaration setdatetime - give arg types
..\Application\GlobalVar.h(152): warning:  #1295-D: Deprecated declaration loadmenures - give arg types
..\Application\GlobalVar.h(154): warning:  #1295-D: Deprecated declaration loadreport - give arg types
..\Application\GlobalVar.h(155): warning:  #1295-D: Deprecated declaration loadprintersetting - give arg types
..\Application\GlobalVar.h(156): warning:  #1295-D: Deprecated declaration loadsms - give arg types
..\Application\GlobalVar.h(157): warning:  #1295-D: Deprecated declaration loadapplication - give arg types
..\Application\GlobalVar.h(160): warning:  #1295-D: Deprecated declaration loadmsetting - give arg types
..\Application\GlobalVar.h(161): warning:  #1295-D: Deprecated declaration pendingorder - give arg types
..\Application\GlobalVar.h(162): warning:  #1295-D: Deprecated declaration header - give arg types
..\Application\GlobalVar.h(163): warning:  #1295-D: Deprecated declaration footer - give arg types
..\Application\GlobalVar.h(164): warning:  #1295-D: Deprecated declaration headerrec - give arg types
..\Application\GlobalVar.h(165): warning:  #1295-D: Deprecated declaration footerrec - give arg types
..\Application\GlobalVar.h(166): warning:  #77-D: this declaration has no storage class or type specifier
..\Application\GlobalVar.h(168): warning:  #1295-D: Deprecated declaration percentage - give arg types
..\Application\GlobalVar.h(169): warning:  #1-D: last line of file ends without a newline
..\Application\selectmenu.c(8): warning:  #223-D: function "clear_area" declared implicitly
..\Application\selectmenu.c(11): warning:  #223-D: function "kmy_LcdTextOut" declared implicitly
..\Application\selectmenu.c(16): warning:  #223-D: function "reverse_area" declared implicitly
..\Application\selectmenu.c(7): warning:  #177-D: variable "y1" was declared but never referenced
..\Application\selectmenu.c(7): warning:  #177-D: variable "x2" was declared but never referenced
..\Application\selectmenu.c(7): warning:  #177-D: variable "y2" was declared but never referenced
..\Application\addmenu.c(24): warning:  #223-D: function "kmy_FlashWriteEnable" declared implicitly
..\Application\addmenu.c(30): warning:  #223-D: function "kmy_FlashReadBuffer" declared implicitly
..\Application\addmenu.c(40): warning:  #223-D: function "clear_area" declared implicitly
..\Application\addmenu.c(51): warning:  #223-D: function "showdetails" declared implicitly
..\Application\addmenu.c(80): warning:  #223-D: function "kmy_FlashReadBuffer" declared implicitly
..\Application\addmenu.c(95): warning:  #223-D: function "kmy_FlashReadBuffer" declared implicitly
..\Application\addmenu.c(102): warning:  #223-D: function "kmy_LcdTextOut" declared implicitly
..\Application\addmenu.c(113): warning:  #223-D: function "reverse_area" declared implicitly
..\Application\addmenu.c(237): warning:  #223-D: function "kmy_LcdTextOut" declared implicitly
..\Application\addmenu.c(266): warning:  #223-D: function "showdetForDigit" declared implicitly
..\Application\addmenu.c(288): warning:  #223-D: function "kmy_PrinterString" declared implicitly
..\Application\addmenu.c(294): warning:  #223-D: function "kmy_FlashReadBuffer" declared implicitly
..\Application\addmenu.c(398): warning:  #223-D: function "kmy_FlashReadBuffer" declared implicitly
..\Application\addmenu.c(494): warning:  #223-D: function "kmy_FlashEraseSector" declared implicitly
..\Application\addmenu.c(497): warning:  #223-D: function "kmy_FlashWriteBuffer" declared implicitly
..\Application\addmenu.c(498): warning:  #223-D: function "kmy_FlashWaitForWriteEnd" declared implicitly
..\Application\addmenu.c(9): warning:  #550-D: variable "Lmulspace" was set but never used
..\Application\addmenu.c(10): warning:  #177-D: variable "colm" was declared but never referenced
..\Application\addmenu.c(11): warning:  #177-D: variable "pcount" was declared but never referenced
..\Application\addmenu.c(12): warning:  #177-D: variable "TextOut" was declared but never referenced
..\Application\addmenu.c(13): warning:  #177-D: variable "FDI" was declared but never referenced
..\Application\addmenu.c(13): warning:  #177-D: variable "TDJ" was declared but never referenced
..\Application\addmenu.c(14): warning:  #177-D: variable "Temp_Data" was declared but never referenced
..\Application\addmenu.c(18): warning:  #177-D: variable "phonenumber" was declared but never referenced
..\Application\addmenu.c(19): warning:  #177-D: variable "context" was declared but never referenced
linking...
Program Size: Code=152128 RO-data=53620 RW-data=4716 ZI-data=45196  
FromELF: creating hex file...
User command #1: C:\Keil\ARM\BIN40\fromelf.exe --bin -o output\main.bin obj\main.axf
".\obj\main.axf" - 0 Error(s), 81 Warning(s).
Load "D:\\P_collection\\KMY801H2_APP_20140516\\KMY801H2_APP_20140516\\project\\obj\\main.AXF" 

JLink info:
-----------
DLL: V4.09p, compiled Oct 28 2009 17:33:00
Firmware: J-Link ARM V8 compiled Nov 25 2013 19:20:08
Hardware: V8.00
S/N : 17935099 
Feature(s) : RDI,FlashDL,FlashBP,JFlash 
---
* JLink Info: Found SWD-DP with ID 0x1BA01477
* JLink Info: TPIU fitted.
* JLink Info: ETM fitted.
* JLink Info:   FPUnit: 6 code (BP) slots and 2 literal slots
* JLink Info: Found SWD-DP with ID 0x1BA01477
* JLink Info: TPIU fitted.
* JLink Info: ETM fitted.
* JLink Info:   FPUnit: 6 code (BP) slots and 2 literal slots

Target info:
------------
Device: STM32F103VE
VTarget = 3.215V
State of Pins: 
TCK: 0, TDI: 0, TDO: 0, TMS: 1, TRES: 1, TRST: 1
* JLink Info: Found SWD-DP with ID 0x1BA01477
* JLink Info: TPIU fitted.
* JLink Info: ETM fitted.
* JLink Info:   FPUnit: 6 code (BP) slots and 2 literal slots
Hardware-Breakpoints: 6
Software-Breakpoints: 2048
Watchpoints:          4
JTAG speed: 2000 kHz
---
* JLink Info: Found SWD-DP with ID 0x1BA01477
* JLink Info: TPIU fitted.
* JLink Info: ETM fitted.
* JLink Info:   FPUnit: 6 code (BP) slots and 2 literal slots
Erase Done.
Programming Done.
Verify OK.
* JLink Info: Found SWD-DP with ID 0x1BA01477
* JLink Info: TPIU fitted.
* JLink Info: ETM fitted.
* JLink Info:   FPUnit: 6 code (BP) slots and 2 literal slots
Application running ...
Build target 'Target 1'
compiling ReadFromModem3.c...
..\Application\ReadFromModem.h(3): warning:  #1295-D: Deprecated declaration Change_Status - give arg types
..\Application\ReadFromModem.h(4): warning:  #1295-D: Deprecated declaration ReadDataFSPort - give arg types
..\Application\ReadFromModem.h(5): warning:  #1295-D: Deprecated declaration Process_Modem_data - give arg types
..\Application\GlobalVariable.h(87): warning:  #1295-D: Deprecated declaration AuroGetTime - give arg types
..\Application\ReadFromModem3.c(18): warning:  #223-D: function "kmy_TimeGetTime" declared implicitly
..\Application\ReadFromModem3.c(34): warning:  #223-D: function "kmy_TimeGetTime" declared implicitly
..\Application\ReadFromModem3.c(52): warning:  #223-D: function "kmy_TimeGetTime" declared implicitly
..\Application\ReadFromModem3.c(58): warning:  #223-D: function "kmy_TimeGetTime" declared implicitly
..\Application\ReadFromModem3.c(94): warning:  #223-D: function "send_at_cmd" declared implicitly
..\Application\ReadFromModem3.c(104): warning:  #177-D: variable "tdf" was declared but never referenced
..\Application\ReadFromModem3.c(143): warning:  #167-D: argument of type "char *" is incompatible with parameter of type "unsigned char *"
..\Application\ReadFromModem3.c(152): warning:  #550-D: variable "i" was set but never used
..\Application\ReadFromModem3.c(224): warning:  #940-D: missing return statement at end of non-void function "Update_To_Que"
..\Application\ReadFromModem3.c(280): warning:  #223-D: function "myprintf" declared implicitly
..\Application\ReadFromModem3.c(387): warning:  #223-D: function "usleep" declared implicitly
..\Application\ReadFromModem3.c(434): warning:  #223-D: function "usleep" declared implicitly
..\Application\ReadFromModem3.c(457): warning:  #223-D: function "usleep" declared implicitly
..\Application\ReadFromModem3.c(479): warning:  #223-D: function "usleep" declared implicitly
..\Application\ReadFromModem3.c(767): warning:  #223-D: function "usleep" declared implicitly
..\Application\ReadFromModem3.c(799): warning:  #111-D: statement is unreachable
..\Application\ReadFromModem3.c(859): warning:  #223-D: function "myprintf" declared implicitly
..\Application\ReadFromModem3.c(868): warning:  #223-D: function "myprintf" declared implicitly
..\Application\ReadFromModem3.c(897): warning:  #223-D: function "usleep" declared implicitly
..\Application\ReadFromModem3.c(918): warning:  #223-D: function "usleep" declared implicitly
..\Application\ReadFromModem3.c(1056): warning:  #223-D: function "usleep" declared implicitly
..\Application\ReadFromModem3.c(1084): warning:  #223-D: function "usleep" declared implicitly
..\Application\ReadFromModem3.c(1112): warning:  #223-D: function "usleep" declared implicitly
..\Application\ReadFromModem3.c(1140): warning:  #223-D: function "usleep" declared implicitly
..\Application\ReadFromModem3.c(1186): warning:  #223-D: function "usleep" declared implicitly
..\Application\ReadFromModem3.c(1335): warning:  #223-D: function "cutMsg1" declared implicitly
..\Application\ReadFromModem3.c(1715): warning:  #223-D: function "signalstrenth" declared implicitly
..\Application\ReadFromModem3.c(1716): warning:  #223-D: function "myprintf" declared implicitly
..\Application\ReadFromModem3.c(1858): warning:  #940-D: missing return statement at end of non-void function "Process_Modem_data"
..\Application\ReadFromModem3.c(230): warning:  #177-D: variable "t" was declared but never referenced
..\Application\ReadFromModem3.c(1879): warning:  #223-D: function "usleep" declared implicitly
..\Application\ReadFromModem3.c(1911): warning:  #223-D: function "usleep" declared implicitly
..\Application\ReadFromModem3.c(1934): warning:  #223-D: function "usleep" declared implicitly
..\Application\ReadFromModem3.c(1954): warning:  #223-D: function "usleep" declared implicitly
..\Application\ReadFromModem3.c(1971): warning:  #223-D: function "myprintf" declared implicitly
..\Application\ReadFromModem3.c(1977): warning:  #223-D: function "usleep" declared implicitly
..\Application\ReadFromModem3.c(1994): warning:  #223-D: function "usleep" declared implicitly
..\Application\ReadFromModem3.c(2012): warning:  #223-D: function "usleep" declared implicitly
..\Application\ReadFromModem3.c(2029): warning:  #223-D: function "usleep" declared implicitly
..\Application\ReadFromModem3.c(2051): warning:  #223-D: function "usleep" declared implicitly
..\Application\ReadFromModem3.c(2066): warning:  #223-D: function "usleep" declared implicitly
..\Application\ReadFromModem3.c(2078): warning:  #223-D: function "usleep" declared implicitly
..\Application\ReadFromModem3.c(2092): warning:  #223-D: function "usleep" declared implicitly
..\Application\ReadFromModem3.c(2105): warning:  #223-D: function "usleep" declared implicitly
..\Application\ReadFromModem3.c(2124): warning:  #223-D: function "usleep" declared implicitly
..\Application\ReadFromModem3.c(2141): warning:  #223-D: function "usleep" declared implicitly
..\Application\ReadFromModem3.c(2152): warning:  #223-D: function "usleep" declared implicitly
..\Application\ReadFromModem3.c(2170): warning:  #223-D: function "usleep" declared implicitly
..\Application\ReadFromModem3.c(2181): warning:  #223-D: function "usleep" declared implicitly
..\Application\ReadFromModem3.c(2202): warning:  #223-D: function "usleep" declared implicitly
..\Application\ReadFromModem3.c(2216): warning:  #223-D: function "usleep" declared implicitly
..\Application\ReadFromModem3.c(2249): warning:  #223-D: function "usleep" declared implicitly
..\Application\ReadFromModem3.c(2270): warning:  #223-D: function "usleep" declared implicitly
..\Application\ReadFromModem3.c(2284): warning:  #223-D: function "usleep" declared implicitly
..\Application\ReadFromModem3.c(2305): warning:  #223-D: function "usleep" declared implicitly
..\Application\ReadFromModem3.c(2319): warning:  #223-D: function "usleep" declared implicitly
..\Application\ReadFromModem3.c(2340): warning:  #223-D: function "usleep" declared implicitly
..\Application\ReadFromModem3.c(2353): warning:  #223-D: function "usleep" declared implicitly
..\Application\ReadFromModem3.c(2374): warning:  #223-D: function "usleep" declared implicitly
..\Application\ReadFromModem3.c(2389): warning:  #223-D: function "usleep" declared implicitly
..\Application\ReadFromModem3.c(2425): warning:  #223-D: function "usleep" declared implicitly
..\Application\ReadFromModem3.c(2428): warning:  #225-D: the format string ends before this argument
linking...
Program Size: Code=152172 RO-data=53620 RW-data=4716 ZI-data=45196  
FromELF: creating hex file...
User command #1: C:\Keil\ARM\BIN40\fromelf.exe --bin -o output\main.bin obj\main.axf
".\obj\main.axf" - 0 Error(s), 66 Warning(s).
Load "D:\\P_collection\\KMY801H2_APP_20140516\\KMY801H2_APP_20140516\\project\\obj\\main.AXF" 

JLink info:
-----------
DLL: V4.09p, compiled Oct 28 2009 17:33:00
Firmware: J-Link ARM V8 compiled Nov 25 2013 19:20:08
Hardware: V8.00
S/N : 17935099 
Feature(s) : RDI,FlashDL,FlashBP,JFlash 
---
* JLink Info: Found SWD-DP with ID 0x1BA01477
* JLink Info: TPIU fitted.
* JLink Info: ETM fitted.
* JLink Info:   FPUnit: 6 code (BP) slots and 2 literal slots
* JLink Info: Found SWD-DP with ID 0x1BA01477
* JLink Info: TPIU fitted.
* JLink Info: ETM fitted.
* JLink Info:   FPUnit: 6 code (BP) slots and 2 literal slots

Target info:
------------
Device: STM32F103VE
VTarget = 3.215V
State of Pins: 
TCK: 0, TDI: 0, TDO: 0, TMS: 1, TRES: 1, TRST: 1
* JLink Info: Found SWD-DP with ID 0x1BA01477
* JLink Info: TPIU fitted.
* JLink Info: ETM fitted.
* JLink Info:   FPUnit: 6 code (BP) slots and 2 literal slots
Hardware-Breakpoints: 6
Software-Breakpoints: 2048
Watchpoints:          4
JTAG speed: 2000 kHz
---
* JLink Info: Found SWD-DP with ID 0x1BA01477
* JLink Info: TPIU fitted.
* JLink Info: ETM fitted.
* JLink Info:   FPUnit: 6 code (BP) slots and 2 literal slots
Erase Done.
Programming Done.
Verify OK.
* JLink Info: Found SWD-DP with ID 0x1BA01477
* JLink Info: TPIU fitted.
* JLink Info: ETM fitted.
* JLink Info:   FPUnit: 6 code (BP) slots and 2 literal slots
Application running ...
Build target 'Target 1'
compiling frontend.c...
..\Application\frontend.h(6): warning:  #1295-D: Deprecated declaration frontend - give arg types
..\Application\frontend.h(8): warning:  #1295-D: Deprecated declaration drawline1 - give arg types
..\Application\frontend.h(10): warning:  #1-D: last line of file ends without a newline
..\Application\GlobalVar.h(134): warning:  #1295-D: Deprecated declaration dailyorder - give arg types
..\Application\GlobalVar.h(136): warning:  #1295-D: Deprecated declaration changepass - give arg types
..\Application\GlobalVar.h(137): warning:  #77-D: this declaration has no storage class or type specifier
..\Application\GlobalVar.h(141): warning:  #1295-D: Deprecated declaration loadsms - give arg types
..\Application\GlobalVar.h(148): warning:  #1295-D: Deprecated declaration loadmainmenu - give arg types
..\Application\GlobalVar.h(150): warning:  #1295-D: Deprecated declaration clearmemory - give arg types
..\Application\GlobalVar.h(151): warning:  #1295-D: Deprecated declaration setdatetime - give arg types
..\Application\GlobalVar.h(152): warning:  #1295-D: Deprecated declaration loadmenures - give arg types
..\Application\GlobalVar.h(154): warning:  #1295-D: Deprecated declaration loadreport - give arg types
..\Application\GlobalVar.h(155): warning:  #1295-D: Deprecated declaration loadprintersetting - give arg types
..\Application\GlobalVar.h(156): warning:  #1295-D: Deprecated declaration loadsms - give arg types
..\Application\GlobalVar.h(157): warning:  #1295-D: Deprecated declaration loadapplication - give arg types
..\Application\GlobalVar.h(160): warning:  #1295-D: Deprecated declaration loadmsetting - give arg types
..\Application\GlobalVar.h(161): warning:  #1295-D: Deprecated declaration pendingorder - give arg types
..\Application\GlobalVar.h(162): warning:  #1295-D: Deprecated declaration header - give arg types
..\Application\GlobalVar.h(163): warning:  #1295-D: Deprecated declaration footer - give arg types
..\Application\GlobalVar.h(164): warning:  #1295-D: Deprecated declaration headerrec - give arg types
..\Application\GlobalVar.h(165): warning:  #1295-D: Deprecated declaration footerrec - give arg types
..\Application\GlobalVar.h(166): warning:  #77-D: this declaration has no storage class or type specifier
..\Application\GlobalVar.h(168): warning:  #1295-D: Deprecated declaration percentage - give arg types
..\Application\GlobalVar.h(169): warning:  #1-D: last line of file ends without a newline
..\Application\InitializeModem.h(1): warning:  #1-D: last line of file ends without a newline
..\Application\InitializeModem.h(1): warning:  #1295-D: Deprecated declaration Initialize_Modem - give arg types
..\Application\GlobalVariable.h(12): warning:  #47-D: incompatible redefinition of macro "_INIT" (declared at line 19 of "..\Application\GlobalVar.h")
..\Application\GlobalVariable.h(59): warning:  #1000-D: a storage class may not be specified here
..\Application\GlobalVariable.h(87): warning:  #1295-D: Deprecated declaration AuroGetTime - give arg types
..\Application\ReadFromModem.h(3): warning:  #1295-D: Deprecated declaration Change_Status - give arg types
..\Application\ReadFromModem.h(4): warning:  #1295-D: Deprecated declaration ReadDataFSPort - give arg types
..\Application\ReadFromModem.h(5): warning:  #1295-D: Deprecated declaration Process_Modem_data - give arg types
..\Application\frontend.c(17): warning:  #223-D: function "tolower" declared implicitly
..\Application\frontend.c(32): warning:  #223-D: function "kmy_BatInit" declared implicitly
..\Application\frontend.c(33): warning:  #223-D: function "kmy_TimeInit" declared implicitly
..\Application\frontend.c(34): warning:  #223-D: function "kmy_RCCInit" declared implicitly
..\Application\frontend.c(35): warning:  #223-D: function "kmy_PrinterInit" declared implicitly
..\Application\frontend.c(23): warning:  #177-D: variable "count" was declared but never referenced
..\Application\frontend.c(23): warning:  #177-D: variable "act" was declared but never referenced
..\Application\frontend.c(23): warning:  #177-D: variable "flag5" was declared but never referenced
..\Application\frontend.c(24): warning:  #177-D: variable "obj" was declared but never referenced
..\Application\frontend.c(25): warning:  #177-D: variable "Lstat11" was declared but never referenced
..\Application\frontend.c(25): warning:  #177-D: variable "timeobj" was declared but never referenced
..\Application\frontend.c(338): warning:  #223-D: function "clear_area" declared implicitly
..\Application\frontend.c(344): warning:  #223-D: function "kmy_LcdTextOut" declared implicitly
..\Application\frontend.c(354): warning:  #223-D: function "kmy_LcdTextOut" declared implicitly
..\Application\frontend.c(362): warning:  #223-D: function "kmy_LcdTextOut" declared implicitly
..\Application\frontend.c(367): warning:  #223-D: function "reverse_area" declared implicitly
..\Application\frontend.c(745): warning:  #223-D: function "kmy_FlashReadBuffer" declared implicitly
..\Application\frontend.c(765): warning:  #223-D: function "kmy_FlashEraseSector" declared implicitly
..\Application\frontend.c(772): warning:  #223-D: function "kmy_FlashWriteBuffer" declared implicitly
..\Application\frontend.c(773): warning:  #223-D: function "kmy_FlashWaitForWriteEnd" declared implicitly
..\Application\frontend.c(780): warning:  #223-D: function "kmy_FlashWriteBuffer" declared implicitly
..\Application\frontend.c(781): warning:  #223-D: function "kmy_FlashWaitForWriteEnd" declared implicitly
..\Application\frontend.c(842): warning:  #223-D: function "addmenu" declared implicitly
..\Application\frontend.c(862): warning:  #223-D: function "Download_File" declared implicitly
..\Application\frontend.c(1105): warning:  #223-D: function "kmy_LcdTextOut" declared implicitly
..\Application\frontend.c(1113): warning:  #223-D: function "kmy_LcdTextOut" declared implicitly
..\Application\frontend.c(1121): warning:  #223-D: function "kmy_LcdTextOut" declared implicitly
..\Application\frontend.c(1148): warning:  #223-D: function "kmy_LcdTextOut" declared implicitly
..\Application\frontend.c(1156): warning:  #223-D: function "kmy_LcdTextOut" declared implicitly
..\Application\frontend.c(1164): warning:  #223-D: function "kmy_LcdTextOut" declared implicitly
..\Application\frontend.c(1244): warning:  #223-D: function "kmy_LcdTextOut" declared implicitly
..\Application\frontend.c(1252): warning:  #223-D: function "kmy_LcdTextOut" declared implicitly
..\Application\frontend.c(1260): warning:  #223-D: function "kmy_LcdTextOut" declared implicitly
..\Application\frontend.c(1284): warning:  #223-D: function "kmy_LcdTextOut" declared implicitly
..\Application\frontend.c(1292): warning:  #223-D: function "kmy_LcdTextOut" declared implicitly
..\Application\frontend.c(1300): warning:  #223-D: function "kmy_LcdTextOut" declared implicitly
..\Application\frontend.c(1328): warning:  #111-D: statement is unreachable
..\Application\frontend.c(52): warning:  #177-D: variable "string" was declared but never referenced
..\Application\frontend.c(53): warning:  #177-D: variable "OPerID1" was declared but never referenced
..\Application\frontend.c(1472): warning:  #223-D: function "kmy_FlashReadBuffer" declared implicitly
..\Application\frontend.c(1559): warning:  #1-D: last line of file ends without a newline
linking...
Program Size: Code=152176 RO-data=53620 RW-data=4716 ZI-data=45196  
FromELF: creating hex file...
User command #1: C:\Keil\ARM\BIN40\fromelf.exe --bin -o output\main.bin obj\main.axf
".\obj\main.axf" - 0 Error(s), 73 Warning(s).
Load "D:\\P_collection\\KMY801H2_APP_20140516\\KMY801H2_APP_20140516\\project\\obj\\main.AXF" 

JLink info:
-----------
DLL: V4.09p, compiled Oct 28 2009 17:33:00
Firmware: J-Link ARM V8 compiled Nov 25 2013 19:20:08
Hardware: V8.00
S/N : 17935099 
Feature(s) : RDI,FlashDL,FlashBP,JFlash 
---
* JLink Info: Found SWD-DP with ID 0x1BA01477
* JLink Info: TPIU fitted.
* JLink Info: ETM fitted.
* JLink Info:   FPUnit: 6 code (BP) slots and 2 literal slots
* JLink Info: Found SWD-DP with ID 0x1BA01477
* JLink Info: TPIU fitted.
* JLink Info: ETM fitted.
* JLink Info:   FPUnit: 6 code (BP) slots and 2 literal slots

Target info:
------------
Device: STM32F103VE
VTarget = 3.215V
State of Pins: 
TCK: 0, TDI: 0, TDO: 0, TMS: 1, TRES: 1, TRST: 1
* JLink Info: Found SWD-DP with ID 0x1BA01477
* JLink Info: TPIU fitted.
* JLink Info: ETM fitted.
* JLink Info:   FPUnit: 6 code (BP) slots and 2 literal slots
Hardware-Breakpoints: 6
Software-Breakpoints: 2048
Watchpoints:          4
JTAG speed: 2000 kHz
---
* JLink Info: Found SWD-DP with ID 0x1BA01477
* JLink Info: TPIU fitted.
* JLink Info: ETM fitted.
* JLink Info:   FPUnit: 6 code (BP) slots and 2 literal slots
Erase Done.
Programming Done.
Verify OK.
* JLink Info: Found SWD-DP with ID 0x1BA01477
* JLink Info: TPIU fitted.
* JLink Info: ETM fitted.
* JLink Info:   FPUnit: 6 code (BP) slots and 2 literal slots
Application running ...
Build target 'Target 1'
compiling ReadFromModem3.c...
..\Application\ReadFromModem.h(3): warning:  #1295-D: Deprecated declaration Change_Status - give arg types
..\Application\ReadFromModem.h(4): warning:  #1295-D: Deprecated declaration ReadDataFSPort - give arg types
..\Application\ReadFromModem.h(5): warning:  #1295-D: Deprecated declaration Process_Modem_data - give arg types
..\Application\GlobalVariable.h(87): warning:  #1295-D: Deprecated declaration AuroGetTime - give arg types
..\Application\ReadFromModem3.c(18): warning:  #223-D: function "kmy_TimeGetTime" declared implicitly
..\Application\ReadFromModem3.c(34): warning:  #223-D: function "kmy_TimeGetTime" declared implicitly
..\Application\ReadFromModem3.c(52): warning:  #223-D: function "kmy_TimeGetTime" declared implicitly
..\Application\ReadFromModem3.c(58): warning:  #223-D: function "kmy_TimeGetTime" declared implicitly
..\Application\ReadFromModem3.c(94): warning:  #223-D: function "send_at_cmd" declared implicitly
..\Application\ReadFromModem3.c(104): warning:  #177-D: variable "tdf" was declared but never referenced
..\Application\ReadFromModem3.c(143): warning:  #167-D: argument of type "char *" is incompatible with parameter of type "unsigned char *"
..\Application\ReadFromModem3.c(152): warning:  #550-D: variable "i" was set but never used
..\Application\ReadFromModem3.c(224): warning:  #940-D: missing return statement at end of non-void function "Update_To_Que"
..\Application\ReadFromModem3.c(280): warning:  #223-D: function "myprintf" declared implicitly
..\Application\ReadFromModem3.c(387): warning:  #223-D: function "usleep" declared implicitly
..\Application\ReadFromModem3.c(434): warning:  #223-D: function "usleep" declared implicitly
..\Application\ReadFromModem3.c(457): warning:  #223-D: function "usleep" declared implicitly
..\Application\ReadFromModem3.c(479): warning:  #223-D: function "usleep" declared implicitly
..\Application\ReadFromModem3.c(767): warning:  #223-D: function "usleep" declared implicitly
..\Application\ReadFromModem3.c(799): warning:  #111-D: statement is unreachable
..\Application\ReadFromModem3.c(859): warning:  #223-D: function "myprintf" declared implicitly
..\Application\ReadFromModem3.c(868): warning:  #223-D: function "myprintf" declared implicitly
..\Application\ReadFromModem3.c(897): warning:  #223-D: function "usleep" declared implicitly
..\Application\ReadFromModem3.c(918): warning:  #223-D: function "usleep" declared implicitly
..\Application\ReadFromModem3.c(1056): warning:  #223-D: function "usleep" declared implicitly
..\Application\ReadFromModem3.c(1084): warning:  #223-D: function "usleep" declared implicitly
..\Application\ReadFromModem3.c(1112): warning:  #223-D: function "usleep" declared implicitly
..\Application\ReadFromModem3.c(1140): warning:  #223-D: function "usleep" declared implicitly
..\Application\ReadFromModem3.c(1186): warning:  #223-D: function "usleep" declared implicitly
..\Application\ReadFromModem3.c(1335): warning:  #223-D: function "cutMsg1" declared implicitly
..\Application\ReadFromModem3.c(1715): warning:  #223-D: function "signalstrenth" declared implicitly
..\Application\ReadFromModem3.c(1716): warning:  #223-D: function "myprintf" declared implicitly
..\Application\ReadFromModem3.c(1858): warning:  #940-D: missing return statement at end of non-void function "Process_Modem_data"
..\Application\ReadFromModem3.c(230): warning:  #177-D: variable "t" was declared but never referenced
..\Application\ReadFromModem3.c(1879): warning:  #223-D: function "usleep" declared implicitly
..\Application\ReadFromModem3.c(1911): warning:  #223-D: function "usleep" declared implicitly
..\Application\ReadFromModem3.c(1934): warning:  #223-D: function "usleep" declared implicitly
..\Application\ReadFromModem3.c(1954): warning:  #223-D: function "usleep" declared implicitly
..\Application\ReadFromModem3.c(1971): warning:  #223-D: function "myprintf" declared implicitly
..\Application\ReadFromModem3.c(1977): warning:  #223-D: function "usleep" declared implicitly
..\Application\ReadFromModem3.c(1994): warning:  #223-D: function "usleep" declared implicitly
..\Application\ReadFromModem3.c(2012): warning:  #223-D: function "usleep" declared implicitly
..\Application\ReadFromModem3.c(2029): warning:  #223-D: function "usleep" declared implicitly
..\Application\ReadFromModem3.c(2051): warning:  #223-D: function "usleep" declared implicitly
..\Application\ReadFromModem3.c(2066): warning:  #223-D: function "usleep" declared implicitly
..\Application\ReadFromModem3.c(2078): warning:  #223-D: function "usleep" declared implicitly
..\Application\ReadFromModem3.c(2092): warning:  #223-D: function "usleep" declared implicitly
..\Application\ReadFromModem3.c(2105): warning:  #223-D: function "usleep" declared implicitly
..\Application\ReadFromModem3.c(2124): warning:  #223-D: function "usleep" declared implicitly
..\Application\ReadFromModem3.c(2141): warning:  #223-D: function "usleep" declared implicitly
..\Application\ReadFromModem3.c(2152): warning:  #223-D: function "usleep" declared implicitly
..\Application\ReadFromModem3.c(2170): warning:  #223-D: function "usleep" declared implicitly
..\Application\ReadFromModem3.c(2181): warning:  #223-D: function "usleep" declared implicitly
..\Application\ReadFromModem3.c(2202): warning:  #223-D: function "usleep" declared implicitly
..\Application\ReadFromModem3.c(2216): warning:  #223-D: function "usleep" declared implicitly
..\Application\ReadFromModem3.c(2249): warning:  #223-D: function "usleep" declared implicitly
..\Application\ReadFromModem3.c(2270): warning:  #223-D: function "usleep" declared implicitly
..\Application\ReadFromModem3.c(2284): warning:  #223-D: function "usleep" declared implicitly
..\Application\ReadFromModem3.c(2305): warning:  #223-D: function "usleep" declared implicitly
..\Application\ReadFromModem3.c(2319): warning:  #223-D: function "usleep" declared implicitly
..\Application\ReadFromModem3.c(2340): warning:  #223-D: function "usleep" declared implicitly
..\Application\ReadFromModem3.c(2353): warning:  #223-D: function "usleep" declared implicitly
..\Application\ReadFromModem3.c(2374): warning:  #223-D: function "usleep" declared implicitly
..\Application\ReadFromModem3.c(2389): warning:  #223-D: function "usleep" declared implicitly
..\Application\ReadFromModem3.c(2425): warning:  #223-D: function "usleep" declared implicitly
..\Application\ReadFromModem3.c(2428): warning:  #225-D: the format string ends before this argument
linking...
Program Size: Code=152236 RO-data=53620 RW-data=4716 ZI-data=45196  
FromELF: creating hex file...
User command #1: C:\Keil\ARM\BIN40\fromelf.exe --bin -o output\main.bin obj\main.axf
".\obj\main.axf" - 0 Error(s), 66 Warning(s).
Load "D:\\P_collection\\KMY801H2_APP_20140516\\KMY801H2_APP_20140516\\project\\obj\\main.AXF" 

JLink info:
-----------
DLL: V4.09p, compiled Oct 28 2009 17:33:00
Firmware: J-Link ARM V8 compiled Nov 25 2013 19:20:08
Hardware: V8.00
S/N : 17935099 
Feature(s) : RDI,FlashDL,FlashBP,JFlash 
---
* JLink Info: Found SWD-DP with ID 0x1BA01477
* JLink Info: TPIU fitted.
* JLink Info: ETM fitted.
* JLink Info:   FPUnit: 6 code (BP) slots and 2 literal slots
* JLink Info: Found SWD-DP with ID 0x1BA01477
* JLink Info: TPIU fitted.
* JLink Info: ETM fitted.
* JLink Info:   FPUnit: 6 code (BP) slots and 2 literal slots

Target info:
------------
Device: STM32F103VE
VTarget = 3.215V
State of Pins: 
TCK: 0, TDI: 0, TDO: 0, TMS: 1, TRES: 1, TRST: 1
* JLink Info: Found SWD-DP with ID 0x1BA01477
* JLink Info: TPIU fitted.
* JLink Info: ETM fitted.
* JLink Info:   FPUnit: 6 code (BP) slots and 2 literal slots
Hardware-Breakpoints: 6
Software-Breakpoints: 2048
Watchpoints:          4
JTAG speed: 2000 kHz
---
* JLink Info: Found SWD-DP with ID 0x1BA01477
* JLink Info: TPIU fitted.
* JLink Info: ETM fitted.
* JLink Info:   FPUnit: 6 code (BP) slots and 2 literal slots
Erase Done.
Programming Done.
Verify OK.
* JLink Info: Found SWD-DP with ID 0x1BA01477
* JLink Info: TPIU fitted.
* JLink Info: ETM fitted.
* JLink Info:   FPUnit: 6 code (BP) slots and 2 literal slots
Application running ...
Build target 'Target 1'
compiling ReadFromModem3.c...
..\Application\ReadFromModem.h(3): warning:  #1295-D: Deprecated declaration Change_Status - give arg types
..\Application\ReadFromModem.h(4): warning:  #1295-D: Deprecated declaration ReadDataFSPort - give arg types
..\Application\ReadFromModem.h(5): warning:  #1295-D: Deprecated declaration Process_Modem_data - give arg types
..\Application\GlobalVariable.h(87): warning:  #1295-D: Deprecated declaration AuroGetTime - give arg types
..\Application\ReadFromModem3.c(18): warning:  #223-D: function "kmy_TimeGetTime" declared implicitly
..\Application\ReadFromModem3.c(34): warning:  #223-D: function "kmy_TimeGetTime" declared implicitly
..\Application\ReadFromModem3.c(52): warning:  #223-D: function "kmy_TimeGetTime" declared implicitly
..\Application\ReadFromModem3.c(58): warning:  #223-D: function "kmy_TimeGetTime" declared implicitly
..\Application\ReadFromModem3.c(94): warning:  #223-D: function "send_at_cmd" declared implicitly
..\Application\ReadFromModem3.c(104): warning:  #177-D: variable "tdf" was declared but never referenced
..\Application\ReadFromModem3.c(143): warning:  #167-D: argument of type "char *" is incompatible with parameter of type "unsigned char *"
..\Application\ReadFromModem3.c(152): warning:  #550-D: variable "i" was set but never used
..\Application\ReadFromModem3.c(224): warning:  #940-D: missing return statement at end of non-void function "Update_To_Que"
..\Application\ReadFromModem3.c(280): warning:  #223-D: function "myprintf" declared implicitly
..\Application\ReadFromModem3.c(387): warning:  #223-D: function "usleep" declared implicitly
..\Application\ReadFromModem3.c(434): warning:  #223-D: function "usleep" declared implicitly
..\Application\ReadFromModem3.c(457): warning:  #223-D: function "usleep" declared implicitly
..\Application\ReadFromModem3.c(479): warning:  #223-D: function "usleep" declared implicitly
..\Application\ReadFromModem3.c(767): warning:  #223-D: function "usleep" declared implicitly
..\Application\ReadFromModem3.c(799): warning:  #111-D: statement is unreachable
..\Application\ReadFromModem3.c(897): warning:  #223-D: function "usleep" declared implicitly
..\Application\ReadFromModem3.c(918): warning:  #223-D: function "usleep" declared implicitly
..\Application\ReadFromModem3.c(1056): warning:  #223-D: function "usleep" declared implicitly
..\Application\ReadFromModem3.c(1084): warning:  #223-D: function "usleep" declared implicitly
..\Application\ReadFromModem3.c(1112): warning:  #223-D: function "usleep" declared implicitly
..\Application\ReadFromModem3.c(1140): warning:  #223-D: function "usleep" declared implicitly
..\Application\ReadFromModem3.c(1186): warning:  #223-D: function "usleep" declared implicitly
..\Application\ReadFromModem3.c(1335): warning:  #223-D: function "cutMsg1" declared implicitly
..\Application\ReadFromModem3.c(1715): warning:  #223-D: function "signalstrenth" declared implicitly
..\Application\ReadFromModem3.c(1716): warning:  #223-D: function "myprintf" declared implicitly
..\Application\ReadFromModem3.c(1858): warning:  #940-D: missing return statement at end of non-void function "Process_Modem_data"
..\Application\ReadFromModem3.c(230): warning:  #177-D: variable "t" was declared but never referenced
..\Application\ReadFromModem3.c(1879): warning:  #223-D: function "usleep" declared implicitly
[...]
..\Application\GlobalVar.h(154): warning:  #1295-D: Deprecated declaration loadreport - give arg types
..\Application\GlobalVar.h(155): warning:  #1295-D: Deprecated declaration loadprintersetting - give arg types
..\Application\GlobalVar.h(156): warning:  #1295-D: Deprecated declaration loadsms - give arg types
..\Application\GlobalVar.h(157): warning:  #1295-D: Deprecated declaration loadapplication - give arg types
..\Application\GlobalVar.h(160): warning:  #1295-D: Deprecated declaration loadmsetting - give arg types
..\Application\GlobalVar.h(161): warning:  #1295-D: Deprecated declaration pendingorder - give arg types
..\Application\GlobalVar.h(162): warning:  #1295-D: Deprecated declaration header - give arg types
..\Application\GlobalVar.h(163): warning:  #1295-D: Deprecated declaration footer - give arg types
..\Application\GlobalVar.h(164): warning:  #1295-D: Deprecated declaration headerrec - give arg types
..\Application\GlobalVar.h(165): warning:  #1295-D: Deprecated declaration footerrec - give arg types
..\Application\GlobalVar.h(166): warning:  #77-D: this declaration has no storage class or type specifier
..\Application\GlobalVar.h(168): warning:  #1295-D: Deprecated declaration percentage - give arg types
..\Application\GlobalVar.h(169): warning:  #1-D: last line of file ends without a newline
..\Application\GlobalVariable.h(12): warning:  #47-D: incompatible redefinition of macro "_INIT" (declared at line 16 of "..\Application\GlobalVar.h")
..\Application\GlobalVariable.h(59): warning:  #1000-D: a storage class may not be specified here
..\Application\GlobalVariable.h(87): warning:  #1295-D: Deprecated declaration AuroGetTime - give arg types
..\Application\sigstrength.c(7): warning:  #260-D: explicit type is missing ("int" assumed)
..\Application\sigstrength.c(44): warning:  #223-D: function "atoi" declared implicitly
..\Application\sigstrength.c(46): warning:  #223-D: function "clear_area" declared implicitly
..\Application\sigstrength.c(51): warning:  #223-D: function "kmy_LcdDrawLine" declared implicitly
..\Application\sigstrength.c(67): warning:  #223-D: function "kmy_LcdTextOut" declared implicitly
..\Application\sigstrength.c(69): warning:  #1-D: last line of file ends without a newline
..\Application\sigstrength.c(6): warning:  #550-D: variable "ptr1" was set but never used
compiling MsgSend.c...
..\Application\GlobalVariable.h(59): warning:  #1000-D: a storage class may not be specified here
..\Application\GlobalVariable.h(87): warning:  #1295-D: Deprecated declaration AuroGetTime - give arg types
..\Application\MsgSend.c(12): warning:  #223-D: function "myprintf" declared implicitly
..\Application\MsgSend.c(32): warning:  #223-D: function "strcpy" declared implicitly
..\Application\MsgSend.c(36): warning:  #223-D: function "strcat" declared implicitly
..\Application\MsgSend.c(40): warning:  #223-D: function "printf" declared implicitly
compiling misc.c...
compiling stm32f10x_adc.c...
compiling stm32f10x_bkp.c...
compiling stm32f10x_can.c...
compiling stm32f10x_cec.c...
compiling stm32f10x_crc.c...
compiling stm32f10x_dac.c...
compiling stm32f10x_dbgmcu.c...
compiling stm32f10x_dma.c...
compiling stm32f10x_exti.c...
compiling stm32f10x_flash.c...
compiling stm32f10x_fsmc.c...
compiling stm32f10x_gpio.c...
compiling stm32f10x_i2c.c...
compiling stm32f10x_iwdg.c...
compiling stm32f10x_pwr.c...
compiling stm32f10x_rcc.c...
compiling stm32f10x_rtc.c...
compiling stm32f10x_sdio.c...
compiling stm32f10x_spi.c...
compiling stm32f10x_tim.c...
compiling stm32f10x_usart.c...
compiling stm32f10x_wwdg.c...
assembling startup_stm32f10x_hd_vl.s...
compiling core_cm3.c...
compiling stm32f10x_it.c...
compiling system_stm32f10x.c...
linking...
Program Size: Code=155480 RO-data=53512 RW-data=4716 ZI-data=45196  
FromELF: creating hex file...
User command #1: C:\Keil\ARM\BIN40\fromelf.exe --bin -o output\main.bin obj\main.axf
".\obj\main.axf" - 0 Error(s), 750 Warning(s).
Load "D:\\P_collection\\KMY801H2_APP_20140516\\KMY801H2_APP_20140516\\project\\obj\\main.AXF" 

JLink info:
-----------
DLL: V4.09p, compiled Oct 28 2009 17:33:00
Firmware: J-Link ARM V8 compiled Nov 25 2013 19:20:08
Hardware: V8.00
S/N : 17935099 
Feature(s) : RDI,FlashDL,FlashBP,JFlash 
---
* JLink Info: Found SWD-DP with ID 0x1BA01477
* JLink Info: TPIU fitted.
* JLink Info: ETM fitted.
* JLink Info:   FPUnit: 6 code (BP) slots and 2 literal slots
* JLink Info: Found SWD-DP with ID 0x1BA01477
* JLink Info: TPIU fitted.
* JLink Info: ETM fitted.
* JLink Info:   FPUnit: 6 code (BP) slots and 2 literal slots

Target info:
------------
Device: STM32F103VE
VTarget = 3.215V
State of Pins: 
TCK: 0, TDI: 0, TDO: 0, TMS: 1, TRES: 1, TRST: 1
* JLink Info: Found SWD-DP with ID 0x1BA01477
* JLink Info: TPIU fitted.
* JLink Info: ETM fitted.
* JLink Info:   FPUnit: 6 code (BP) slots and 2 literal slots
Hardware-Breakpoints: 6
Software-Breakpoints: 2048
Watchpoints:          4
JTAG speed: 2000 kHz
---
* JLink Info: Found SWD-DP with ID 0x1BA01477
* JLink Info: TPIU fitted.
* JLink Info: ETM fitted.
* JLink Info:   FPUnit: 6 code (BP) slots and 2 literal slots
Erase Done.
Programming Done.
Verify OK.
* JLink Info: Found SWD-DP with ID 0x1BA01477
* JLink Info: TPIU fitted.
* JLink Info: ETM fitted.
* JLink Info:   FPUnit: 6 code (BP) slots and 2 literal slots
Application running ...
Build target 'Target 1'
compiling main.c...
..\Application\main.c(1087): warning:  #177-D: variable "Buf" was declared but never referenced
..\Application\main.c(1088): warning:  #177-D: variable "cnt" was declared but never referenced
..\Application\main.c(1089): warning:  #177-D: variable "PrevSeconds" was declared but never referenced
..\Application\main.c(1090): warning:  #550-D: variable "powerdowntimecnt" was set but never used
..\Application\main.c(1289): warning:  #223-D: function "frontend" declared implicitly
..\Application\main.c(1295): warning:  #9-D: nested comment is not allowed
..\Application\main.c(988): warning:  #177-D: function "ProcStandbyKey" was declared but never referenced
linking...
Program Size: Code=155464 RO-data=53512 RW-data=4716 ZI-data=45196  
FromELF: creating hex file...
User command #1: C:\Keil\ARM\BIN40\fromelf.exe --bin -o output\main.bin obj\main.axf
".\obj\main.axf" - 0 Error(s), 7 Warning(s).
Load "D:\\P_collection\\KMY801H2_APP_20140516\\KMY801H2_APP_20140516\\project\\obj\\main.AXF" 

JLink info:
-----------
DLL: V4.09p, compiled Oct 28 2009 17:33:00
Firmware: J-Link ARM V8 compiled Nov 25 2013 19:20:08
Hardware: V8.00
S/N : 17935099 
Feature(s) : RDI,FlashDL,FlashBP,JFlash 
---
* JLink Info: Found SWD-DP with ID 0x1BA01477
* JLink Info: TPIU fitted.
* JLink Info: ETM fitted.
* JLink Info:   FPUnit: 6 code (BP) slots and 2 literal slots
* JLink Info: Found SWD-DP with ID 0x1BA01477
* JLink Info: TPIU fitted.
* JLink Info: ETM fitted.
* JLink Info:   FPUnit: 6 code (BP) slots and 2 literal slots

Target info:
------------
Device: STM32F103VE
VTarget = 3.215V
State of Pins: 
TCK: 0, TDI: 0, TDO: 0, TMS: 1, TRES: 1, TRST: 1
* JLink Info: Found SWD-DP with ID 0x1BA01477
* JLink Info: TPIU fitted.
* JLink Info: ETM fitted.
* JLink Info:   FPUnit: 6 code (BP) slots and 2 literal slots
Hardware-Breakpoints: 6
Software-Breakpoints: 2048
Watchpoints:          4
JTAG speed: 2000 kHz
---
* JLink Info: Found SWD-DP with ID 0x1BA01477
* JLink Info: TPIU fitted.
* JLink Info: ETM fitted.
* JLink Info:   FPUnit: 6 code (BP) slots and 2 literal slots
Erase Done.
Programming Done.
Verify OK.
* JLink Info: Found SWD-DP with ID 0x1BA01477
* JLink Info: TPIU fitted.
* JLink Info: ETM fitted.
* JLink Info:   FPUnit: 6 code (BP) slots and 2 literal slots
Application running ...
Build target 'Target 1'
compiling main.c...
..\Application\main.c(1087): warning:  #177-D: variable "Buf" was declared but never referenced
..\Application\main.c(1088): warning:  #177-D: variable "cnt" was declared but never referenced
..\Application\main.c(1089): warning:  #177-D: variable "PrevSeconds" was declared but never referenced
..\Application\main.c(1090): warning:  #550-D: variable "powerdowntimecnt" was set but never used
..\Application\main.c(1289): warning:  #223-D: function "frontend" declared implicitly
..\Application\main.c(1295): warning:  #9-D: nested comment is not allowed
..\Application\main.c(988): warning:  #177-D: function "ProcStandbyKey" was declared but never referenced
linking...
Program Size: Code=155476 RO-data=53512 RW-data=4716 ZI-data=45196  
FromELF: creating hex file...
User command #1: C:\Keil\ARM\BIN40\fromelf.exe --bin -o output\main.bin obj\main.axf
".\obj\main.axf" - 0 Error(s), 7 Warning(s).
Load "D:\\P_collection\\KMY801H2_APP_20140516\\KMY801H2_APP_20140516\\project\\obj\\main.AXF" 

JLink info:
-----------
DLL: V4.09p, compiled Oct 28 2009 17:33:00
Firmware: J-Link ARM V8 compiled Nov 25 2013 19:20:08
Hardware: V8.00
S/N : 17935099 
Feature(s) : RDI,FlashDL,FlashBP,JFlash 
---
* JLink Info: Found SWD-DP with ID 0x1BA01477
* JLink Info: TPIU fitted.
* JLink Info: ETM fitted.
* JLink Info:   FPUnit: 6 code (BP) slots and 2 literal slots
* JLink Info: Found SWD-DP with ID 0x1BA01477
* JLink Info: TPIU fitted.
* JLink Info: ETM fitted.
* JLink Info:   FPUnit: 6 code (BP) slots and 2 literal slots

Target info:
------------
Device: STM32F103VE
VTarget = 3.215V
State of Pins: 
TCK: 0, TDI: 0, TDO: 0, TMS: 1, TRES: 1, TRST: 1
* JLink Info: Found SWD-DP with ID 0x1BA01477
* JLink Info: TPIU fitted.
* JLink Info: ETM fitted.
* JLink Info:   FPUnit: 6 code (BP) slots and 2 literal slots
Hardware-Breakpoints: 6
Software-Breakpoints: 2048
Watchpoints:          4
JTAG speed: 2000 kHz
---
* JLink Info: Found SWD-DP with ID 0x1BA01477
* JLink Info: TPIU fitted.
* JLink Info: ETM fitted.
* JLink Info:   FPUnit: 6 code (BP) slots and 2 literal slots
Erase Done.
Programming Done.
Verify OK.
* JLink Info: Found SWD-DP with ID 0x1BA01477
* JLink Info: TPIU fitted.
* JLink Info: ETM fitted.
* JLink Info:   FPUnit: 6 code (BP) slots and 2 literal slots
Application running ...
Build target 'Target 1'
compiling addmenu.c...
..\Application\popup.h(1): warning:  #1295-D: Deprecated declaration popup - give arg types
..\Application\popup.h(1): warning:  #77-D: this declaration has no storage class or type specifier
..\Application\popup.h(2): warning:  #77-D: this declaration has no storage class or type specifier
..\Application\popup.h(3): warning:  #77-D: this declaration has no storage class or type specifier
..\Application\GlobalVar.h(56): warning:  #1000-D: a storage class may not be specified here
..\Application\GlobalVar.h(134): warning:  #1295-D: Deprecated declaration dailyorder - give arg types
..\Application\GlobalVar.h(136): warning:  #1295-D: Deprecated declaration changepass - give arg types
..\Application\GlobalVar.h(137): warning:  #77-D: this declaration has no storage class or type specifier
..\Application\GlobalVar.h(141): warning:  #1295-D: Deprecated declaration loadsms - give arg types
..\Application\GlobalVar.h(148): warning:  #1295-D: Deprecated declaration loadmainmenu - give arg types
..\Application\GlobalVar.h(150): warning:  #1295-D: Deprecated declaration clearmemory - give arg types
..\Application\GlobalVar.h(151): warning:  #1295-D: Deprecated declaration setdatetime - give arg types
..\Application\GlobalVar.h(152): warning:  #1295-D: Deprecated declaration loadmenures - give arg types
..\Application\GlobalVar.h(154): warning:  #1295-D: Deprecated declaration loadreport - give arg types
..\Application\GlobalVar.h(155): warning:  #1295-D: Deprecated declaration loadprintersetting - give arg types
..\Application\GlobalVar.h(156): warning:  #1295-D: Deprecated declaration loadsms - give arg types
..\Application\GlobalVar.h(157): warning:  #1295-D: Deprecated declaration loadapplication - give arg types
..\Application\GlobalVar.h(160): warning:  #1295-D: Deprecated declaration loadmsetting - give arg types
..\Application\GlobalVar.h(161): warning:  #1295-D: Deprecated declaration pendingorder - give arg types
..\Application\GlobalVar.h(162): warning:  #1295-D: Deprecated declaration header - give arg types
..\Application\GlobalVar.h(163): warning:  #1295-D: Deprecated declaration footer - give arg types
..\Application\GlobalVar.h(164): warning:  #1295-D: Deprecated declaration headerrec - give arg types
..\Application\GlobalVar.h(165): warning:  #1295-D: Deprecated declaration footerrec - give arg types
..\Application\GlobalVar.h(166): warning:  #77-D: this declaration has no storage class or type specifier
..\Application\GlobalVar.h(168): warning:  #1295-D: Deprecated declaration percentage - give arg types
..\Application\GlobalVar.h(169): warning:  #1-D: last line of file ends without a newline
..\Application\GlobalVariable.h(12): warning:  #47-D: incompatible redefinition of macro "_INIT" (declared at line 16 of "..\Application\GlobalVar.h")
..\Application\GlobalVariable.h(59): warning:  #1000-D: a storage class may not be specified here
..\Application\GlobalVariable.h(87): warning:  #1295-D: Deprecated declaration AuroGetTime - give arg types
..\Application\GlobalVar.h(134): warning:  #1295-D: Deprecated declaration dailyorder - give arg types
..\Application\GlobalVar.h(136): warning:  #1295-D: Deprecated declaration changepass - give arg types
..\Application\GlobalVar.h(137): warning:  #77-D: this declaration has no storage class or type specifier
..\Application\GlobalVar.h(141): warning:  #1295-D: Deprecated declaration loadsms - give arg types
..\Application\GlobalVar.h(148): warning:  #1295-D: Deprecated declaration loadmainmenu - give arg types
..\Application\GlobalVar.h(150): warning:  #1295-D: Deprecated declaration clearmemory - give arg types
..\Application\GlobalVar.h(151): warning:  #1295-D: Deprecated declaration setdatetime - give arg types
..\Application\GlobalVar.h(152): warning:  #1295-D: Deprecated declaration loadmenures - give arg types
..\Application\GlobalVar.h(154): warning:  #1295-D: Deprecated declaration loadreport - give arg types
..\Application\GlobalVar.h(155): warning:  #1295-D: Deprecated declaration loadprintersetting - give arg types
..\Application\GlobalVar.h(156): warning:  #1295-D: Deprecated declaration loadsms - give arg types
..\Application\GlobalVar.h(157): warning:  #1295-D: Deprecated declaration loadapplication - give arg types
..\Application\GlobalVar.h(160): warning:  #1295-D: Deprecated declaration loadmsetting - give arg types
..\Application\GlobalVar.h(161): warning:  #1295-D: Deprecated declaration pendingorder - give arg types
..\Application\GlobalVar.h(162): warning:  #1295-D: Deprecated declaration header - give arg types
..\Application\GlobalVar.h(163): warning:  #1295-D: Deprecated declaration footer - give arg types
..\Application\GlobalVar.h(164): warning:  #1295-D: Deprecated declaration headerrec - give arg types
..\Application\GlobalVar.h(165): warning:  #1295-D: Deprecated declaration footerrec - give arg types
..\Application\GlobalVar.h(166): warning:  #77-D: this declaration has no storage class or type specifier
..\Application\GlobalVar.h(168): warning:  #1295-D: Deprecated declaration percentage - give arg types
..\Application\GlobalVar.h(169): warning:  #1-D: last line of file ends without a newline
..\Application\selectmenu.c(8): warning:  #223-D: function "clear_area" declared implicitly
..\Application\selectmenu.c(11): warning:  #223-D: function "kmy_LcdTextOut" declared implicitly
..\Application\selectmenu.c(16): warning:  #223-D: function "reverse_area" declared implicitly
..\Application\selectmenu.c(7): warning:  #177-D: variable "y1" was declared but never referenced
..\Application\selectmenu.c(7): warning:  #177-D: variable "x2" was declared but never referenced
..\Application\selectmenu.c(7): warning:  #177-D: variable "y2" was declared but never referenced
..\Application\addmenu.c(24): warning:  #223-D: function "kmy_FlashWriteEnable" declared implicitly
..\Application\addmenu.c(30): warning:  #223-D: function "kmy_FlashReadBuffer" declared implicitly
..\Application\addmenu.c(40): warning:  #223-D: function "clear_area" declared implicitly
..\Application\addmenu.c(51): warning:  #223-D: function "showdetails" declared implicitly
..\Application\addmenu.c(80): warning:  #223-D: function "kmy_FlashReadBuffer" declared implicitly
..\Application\addmenu.c(95): warning:  #223-D: function "kmy_FlashReadBuffer" declared implicitly
..\Application\addmenu.c(102): warning:  #223-D: function "kmy_LcdTextOut" declared implicitly
..\Application\addmenu.c(113): warning:  #223-D: function "reverse_area" declared implicitly
..\Application\addmenu.c(237): warning:  #223-D: function "kmy_LcdTextOut" declared implicitly
..\Application\addmenu.c(266): warning:  #223-D: function "showdetForDigit" declared implicitly
..\Application\addmenu.c(288): warning:  #223-D: function "kmy_PrinterString" declared implicitly
..\Application\addmenu.c(294): warning:  #223-D: function "kmy_FlashReadBuffer" declared implicitly
..\Application\addmenu.c(398): warning:  #223-D: function "kmy_FlashReadBuffer" declared implicitly
..\Application\addmenu.c(494): warning:  #223-D: function "kmy_FlashEraseSector" declared implicitly
..\Application\addmenu.c(497): warning:  #223-D: function "kmy_FlashWriteBuffer" declared implicitly
..\Application\addmenu.c(498): warning:  #223-D: function "kmy_FlashWaitForWriteEnd" declared implicitly
..\Application\addmenu.c(9): warning:  #550-D: variable "Lmulspace" was set but never used
..\Application\addmenu.c(10): warning:  #177-D: variable "colm" was declared but never referenced
..\Application\addmenu.c(11): warning:  #177-D: variable "pcount" was declared but never referenced
..\Application\addmenu.c(12): warning:  #177-D: variable "TextOut" was declared but never referenced
..\Application\addmenu.c(13): warning:  #177-D: variable "FDI" was declared but never referenced
..\Application\addmenu.c(13): warning:  #177-D: variable "TDJ" was declared but never referenced
..\Application\addmenu.c(14): warning:  #177-D: variable "Temp_Data" was declared but never referenced
..\Application\addmenu.c(18): warning:  #177-D: variable "phonenumber" was declared but never referenced
..\Application\addmenu.c(19): warning:  #177-D: variable "context" was declared but never referenced
linking...
Program Size: Code=155488 RO-data=53512 RW-data=4716 ZI-data=45196  
FromELF: creating hex file...
User command #1: C:\Keil\ARM\BIN40\fromelf.exe --bin -o output\main.bin obj\main.axf
".\obj\main.axf" - 0 Error(s), 81 Warning(s).
Load "D:\\P_collection\\KMY801H2_APP_20140516\\KMY801H2_APP_20140516\\project\\obj\\main.AXF" 

JLink info:
-----------
DLL: V4.09p, compiled Oct 28 2009 17:33:00
Firmware: J-Link ARM V8 compiled Nov 25 2013 19:20:08
Hardware: V8.00
S/N : 17935099 
Feature(s) : RDI,FlashDL,FlashBP,JFlash 
---
* JLink Info: Found SWD-DP with ID 0x1BA01477
* JLink Info: TPIU fitted.
* JLink Info: ETM fitted.
* JLink Info:   FPUnit: 6 code (BP) slots and 2 literal slots
* JLink Info: Found SWD-DP with ID 0x1BA01477
* JLink Info: TPIU fitted.
* JLink Info: ETM fitted.
* JLink Info:   FPUnit: 6 code (BP) slots and 2 literal slots

Target info:
------------
Device: STM32F103VE
VTarget = 3.215V
State of Pins: 
TCK: 0, TDI: 0, TDO: 0, TMS: 1, TRES: 1, TRST: 1
* JLink Info: Found SWD-DP with ID 0x1BA01477
* JLink Info: TPIU fitted.
* JLink Info: ETM fitted.
* JLink Info:   FPUnit: 6 code (BP) slots and 2 literal slots
Hardware-Breakpoints: 6
Software-Breakpoints: 2048
Watchpoints:          4
JTAG speed: 2000 kHz
---
* JLink Info: Found SWD-DP with ID 0x1BA01477
* JLink Info: TPIU fitted.
* JLink Info: ETM fitted.
* JLink Info:   FPUnit: 6 code (BP) slots and 2 literal slots
Erase Done.
Programming Done.
Verify OK.
* JLink Info: Found SWD-DP with ID 0x1BA01477
* JLink Info: TPIU fitted.
* JLink Info: ETM fitted.
* JLink Info:   FPUnit: 6 code (BP) slots and 2 literal slots
Application running ...
